E/wpa_supplicant( 2790):      41 50 5f 53 43 41 4e 20 32                        AP_SCAN 2       
D/wpa_supplicant( 2790): Command received: AP_SCAN 2
E/wpa_supplicant( 2790): RX ctrl_iface - hexdump_ascii(len=4):
E/wpa_supplicant( 2790):      53 43 41 4e                                       SCAN            
D/wpa_supplicant( 2790): Command received: SCAN
D/wpa_supplicant( 2790): wlan0: P2P: Stopping find
D/wpa_supplicant( 2790): wlan0: P2P: Clear timeout (state=IDLE)
D/wpa_supplicant( 2790): wlan0: P2P: State IDLE -> IDLE
D/wpa_supplicant( 2790): wlan0: Setting scan request: 0 sec 0 usec
D/wpa_supplicant( 2790): wlan0: Starting AP scan for wildcard SSID
D/wpa_supplicant( 2790): WPS: Building WPS IE for Probe Request
D/wpa_supplicant( 2790): WPS:  * Version (hardcoded 0x10)
D/wpa_supplicant( 2790): WPS:  * Request Type
D/wpa_supplicant( 2790): WPS:  * Config Methods (2388)
D/wpa_supplicant( 2790): WPS:  * UUID-E
D/wpa_supplicant( 2790): WPS:  * Primary Device Type
D/wpa_supplicant( 2790): WPS:  * RF Bands (1)
D/wpa_supplicant( 2790): WPS:  * Association State
D/wpa_supplicant( 2790): WPS:  * Configuration Error (0)
D/wpa_supplicant( 2790): WPS:  * Device Password ID (0)
D/wpa_supplicant( 2790): WPS:  * Manufacturer
D/wpa_supplicant( 2790): WPS:  * Model Name
D/wpa_supplicant( 2790): WPS:  * Model Number
D/wpa_supplicant( 2790): WPS:  * Device Name
D/wpa_supplicant( 2790): WPS:  * Version2 (0x20)
D/wpa_supplicant( 2790): P2P: * P2P IE header
D/wpa_supplicant( 2790): P2P: * Capability dev=23 group=00
D/wpa_supplicant( 2790): P2P: * Listen Channel: Regulatory Class 81 Channel 11
E/wpa_supplicant( 2790): nl80211: Scan SSID - hexdump_ascii(len=0): [NULL]
E/wpa_supplicant( 2790): nl80211: Scan extra IEs - hexdump_ascii(len=151):
E/wpa_supplicant( 2790):      dd 82 00 50 f2 04 10 4a 00 01 10 10 3a 00 01 00   __P__J____:___
E/wpa_supplicant( 2790):      10 08 00 02 23 88 10 47 00 10 6a 1b 4f 09 96 57   ____#__G__j_O__W
E/wpa_supplicant( 2790):      53 d0 a7 88 c7 83 cf ae e9 a5 10 54 00 08 00 00   SЧ__Ϯ_T____
E/wpa_supplicant( 2790):      00 00 00 00 00 00 10 3c 00 01 01 10 02 00 02 00   _______<________
E/wpa_supplicant( 2790):      00 10 09 00 02 00 00 10 12 00 02 00 00 10 21 00   ______________!_
E/wpa_supplicant( 2790):      04 53 6f 6e 79 10 23 00 0f 4c 54 32 32 69 5f 31   _Sony_#__LT22i_1
E/wpa_supplicant( 2790):      32 36 31 2d 38 32 35 38 10 24 00 05 4c 54 32 32   261-8258_$__LT22
E/wpa_supplicant( 2790):      69 10 11 00 05 4c 54 32 32 69 10 49 00 06 00 37   i____LT22i_I___7
E/wpa_supplicant( 2790):      2a 00 01 20 dd 11 50 6f 9a 09 02 02 00 23 00 06   *__ _Po_____#__
E/wpa_supplicant( 2790):      05 00 58 58 04 51 0b                              __XX_Q_         
D/wpa_supplicant( 2790): Scan requested (ret=0) - scan timeout 30 seconds
E/wpa_supplicant( 2790): RX ctrl_iface - hexdump_ascii(len=9):
E/wpa_supplicant( 2790):      41 50 5f 53 43 41 4e 20 32                        AP_SCAN 2       
D/wpa_supplicant( 2790): Command received: AP_SCAN 2
D/wpa_supplicant( 2790): nl80211: Event message available
D/wpa_supplicant( 2790): nl80211: Scan trigger
E/wpa_supplicant( 2790): RX ctrl_iface - hexdump_ascii(len=4):
E/wpa_supplicant( 2790):      53 43 41 4e                                       SCAN            
D/wpa_supplicant( 2790): Command received: SCAN
D/wpa_supplicant( 2790): Ongoing scan action - reject new request
D/wpa_supplicant( 2790): nl80211: Event message available
D/wpa_supplicant( 2790): nl80211: New scan results available
D/wpa_supplicant( 2790): wlan0: Event 3 received on interface wlan0
D/wpa_supplicant( 2790): nl80211: Associated on 2457 MHz
D/wpa_supplicant( 2790): Received scan results (7 BSSes)
D/wpa_supplicant( 2790): nl80211: Scan results indicate BSS status with 00:1f:f3:c3:20:f0 as associated
D/wpa_supplicant( 2790): wlan0: BSS: Start scan result update 41
D/wpa_supplicant( 2790): wlan0: New scan results available
E/wpa_supplicant( 2790): CTRL_IFACE monitor send - hexdump(len=41): 2f 64 61 74 61 2f 6d 69 73 63 2f 77 69 66 69 2f 73 6f 63 6b 65 74 73 2f 77 70 61 5f 63 74 72 6c 5f 32 31 30 34 2d 31 34 00
D/wpa_supplicant( 2790): wlan0: Checking for other virtual interfaces sharing same radio (phy0) in event_scan_results
E/wpa_supplicant( 2790): RX ctrl_iface - hexdump_ascii(len=9):
E/wpa_supplicant( 2790):      41 50 5f 53 43 41 4e 20 31                        AP_SCAN 1       
D/wpa_supplicant( 2790): Command received: AP_SCAN 1
E/wpa_supplicant( 2790): RX ctrl_iface - hexdump_ascii(len=12):
E/wpa_supplicant( 2790):      53 43 41 4e 5f 52 45 53 55 4c 54 53               SCAN_RESULTS    
D/wpa_supplicant( 2790): Command received: SCAN_RESULTS
E/wpa_supplicant( 2790): RX ctrl_iface - hexdump_ascii(len=22):
E/wpa_supplicant( 2790):      44 52 49 56 45 52 20 53 45 54 53 55 53 50 45 4e   DRIVER SETSUSPEN
E/wpa_supplicant( 2790):      44 4f 50 54 20 30                                 DOPT 0          
D/wpa_supplicant( 2790): Command received: DRIVER SETSUSPENDOPT 0
E/WifiStateMachine( 2104): set suspend optimizations failed!
E/wpa_supplicant( 2790): RX ctrl_iface - hexdump_ascii(len=18):
E/wpa_supplicant( 2790):      44 52 49 56 45 52 20 50 4f 57 45 52 4d 4f 44 45   DRIVER POWERMODE
E/wpa_supplicant( 2790):      20 30                                              0              
D/wpa_supplicant( 2790): Command received: DRIVER POWERMODE 0
D/androidNetworkLocationListeners( 2895): Still have listener com.google.android.location.internal.client.NetworkLocationClient$1@413e9a48
E/wpa_supplicant( 2790): RX ctrl_iface - hexdump_ascii(len=22):
E/wpa_supplicant( 2790):      44 52 49 56 45 52 20 53 45 54 53 55 53 50 45 4e   DRIVER SETSUSPEN
E/wpa_supplicant( 2790):      44 4f 50 54 20 30                                 DOPT 0          
D/wpa_supplicant( 2790): Command received: DRIVER SETSUSPENDOPT 0
E/WifiStateMachine( 2104): set suspend optimizations failed!
E/wpa_supplicant( 2790): RX ctrl_iface - hexdump_ascii(len=18):
E/wpa_supplicant( 2790):      44 52 49 56 45 52 20 50 4f 57 45 52 4d 4f 44 45   DRIVER POWERMODE
E/wpa_supplicant( 2790):      20 30                                              0              
D/wpa_supplicant( 2790): Command received: DRIVER POWERMODE 0
E/wpa_supplicant( 2790): RX ctrl_iface - hexdump_ascii(len=9):
E/wpa_supplicant( 2790):      41 50 5f 53 43 41 4e 20 32                        AP_SCAN 2       
D/wpa_supplicant( 2790): Command received: AP_SCAN 2
E/wpa_supplicant( 2790): RX ctrl_iface - hexdump_ascii(len=4):
E/wpa_supplicant( 2790):      53 43 41 4e                                       SCAN            
D/wpa_supplicant( 2790): Command received: SCAN
D/wpa_supplicant( 2790): wlan0: P2P: Stopping find
D/wpa_supplicant( 2790): wlan0: P2P: Clear timeout (state=IDLE)
D/wpa_supplicant( 2790): wlan0: P2P: State IDLE -> IDLE
D/wpa_supplicant( 2790): wlan0: Setting scan request: 0 sec 0 usec
D/wpa_supplicant( 2790): wlan0: Starting AP scan for wildcard SSID
D/wpa_supplicant( 2790): WPS: Building WPS IE for Probe Request
D/wpa_supplicant( 2790): WPS:  * Version (hardcoded 0x10)
D/wpa_supplicant( 2790): WPS:  * Request Type
D/wpa_supplicant( 2790): WPS:  * Config Methods (2388)
D/wpa_supplicant( 2790): WPS:  * UUID-E
D/wpa_supplicant( 2790): WPS:  * Primary Device Type
D/wpa_supplicant( 2790): WPS:  * RF Bands (1)
D/wpa_supplicant( 2790): WPS:  * Association State
D/wpa_supplicant( 2790): WPS:  * Configuration Error (0)
D/wpa_supplicant( 2790): WPS:  * Device Password ID (0)
D/wpa_supplicant( 2790): WPS:  * Manufacturer
D/wpa_supplicant( 2790): WPS:  * Model Name
D/wpa_supplicant( 2790): WPS:  * Model Number
D/wpa_supplicant( 2790): WPS:  * Device Name
D/wpa_supplicant( 2790): WPS:  * Version2 (0x20)
D/wpa_supplicant( 2790): P2P: * P2P IE header
D/wpa_supplicant( 2790): P2P: * Capability dev=23 group=00
D/wpa_supplicant( 2790): P2P: * Listen Channel: Regulatory Class 81 Channel 11
E/wpa_supplicant( 2790): nl80211: Scan SSID - hexdump_ascii(len=0): [NULL]
E/wpa_supplicant( 2790): nl80211: Scan extra IEs - hexdump_ascii(len=151):
E/wpa_supplicant( 2790):      dd 82 00 50 f2 04 10 4a 00 01 10 10 3a 00 01 00   __P__J____:___
E/wpa_supplicant( 2790):      10 08 00 02 23 88 10 47 00 10 6a 1b 4f 09 96 57   ____#__G__j_O__W
E/wpa_supplicant( 2790):      53 d0 a7 88 c7 83 cf ae e9 a5 10 54 00 08 00 00   SЧ__Ϯ_T____
E/wpa_supplicant( 2790):      00 00 00 00 00 00 10 3c 00 01 01 10 02 00 02 00   _______<________
E/wpa_supplicant( 2790):      00 10 09 00 02 00 00 10 12 00 02 00 00 10 21 00   ______________!_
E/wpa_supplicant( 2790):      04 53 6f 6e 79 10 23 00 0f 4c 54 32 32 69 5f 31   _Sony_#__LT22i_1
E/wpa_supplicant( 2790):      32 36 31 2d 38 32 35 38 10 24 00 05 4c 54 32 32   261-8258_$__LT22
E/wpa_supplicant( 2790):      69 10 11 00 05 4c 54 32 32 69 10 49 00 06 00 37   i____LT22i_I___7
E/wpa_supplicant( 2790):      2a 00 01 20 dd 11 50 6f 9a 09 02 02 00 23 00 06   *__ _Po_____#__
E/wpa_supplicant( 2790):      05 00 58 58 04 51 0b                              __XX_Q_         
D/wpa_supplicant( 2790): Scan requested (ret=0) - scan timeout 30 seconds
D/wpa_supplicant( 2790): nl80211: Event message available
D/wpa_supplicant( 2790): nl80211: Scan trigger
D/wpa_supplicant( 2790): nl80211: Event message available
D/wpa_supplicant( 2790): nl80211: New scan results available
D/wpa_supplicant( 2790): wlan0: Event 3 received on interface wlan0
D/wpa_supplicant( 2790): nl80211: Associated on 2457 MHz
D/wpa_supplicant( 2790): Received scan results (8 BSSes)
D/wpa_supplicant( 2790): nl80211: Scan results indicate BSS status with 00:1f:f3:c3:20:f0 as associated
D/wpa_supplicant( 2790): wlan0: BSS: Start scan result update 42
D/wpa_supplicant( 2790): wlan0: New scan results available
E/wpa_supplicant( 2790): CTRL_IFACE monitor send - hexdump(len=41): 2f 64 61 74 61 2f 6d 69 73 63 2f 77 69 66 69 2f 73 6f 63 6b 65 74 73 2f 77 70 61 5f 63 74 72 6c 5f 32 31 30 34 2d 31 34 00
D/wpa_supplicant( 2790): wlan0: Checking for other virtual interfaces sharing same radio (phy0) in event_scan_results
E/wpa_supplicant( 2790): RX ctrl_iface - hexdump_ascii(len=9):
E/wpa_supplicant( 2790):      41 50 5f 53 43 41 4e 20 31                        AP_SCAN 1       
D/wpa_supplicant( 2790): Command received: AP_SCAN 1
E/wpa_supplicant( 2790): RX ctrl_iface - hexdump_ascii(len=12):
E/wpa_supplicant( 2790):      53 43 41 4e 5f 52 45 53 55 4c 54 53               SCAN_RESULTS    
D/wpa_supplicant( 2790): Command received: SCAN_RESULTS
E/wpa_supplicant( 2790): RX ctrl_iface - hexdump_ascii(len=22):
E/wpa_supplicant( 2790):      44 52 49 56 45 52 20 53 45 54 53 55 53 50 45 4e   DRIVER SETSUSPEN
E/wpa_supplicant( 2790):      44 4f 50 54 20 30                                 DOPT 0          
D/wpa_supplicant( 2790): Command received: DRIVER SETSUSPENDOPT 0
E/WifiStateMachine( 2104): set suspend optimizations failed!
E/wpa_supplicant( 2790): RX ctrl_iface - hexdump_ascii(len=18):
E/wpa_supplicant( 2790):      44 52 49 56 45 52 20 50 4f 57 45 52 4d 4f 44 45   DRIVER POWERMODE
E/wpa_supplicant( 2790):      20 30                                              0              
D/wpa_supplicant( 2790): Command received: DRIVER POWERMODE 0
E/wpa_supplicant( 2790): RX ctrl_iface - hexdump_ascii(len=11):
E/wpa_supplicant( 2790):      53 49 47 4e 41 4c 5f 50 4f 4c 4c                  SIGNAL_POLL     
D/wpa_supplicant( 2790): Command received: SIGNAL_POLL
D/wpa_supplicant( 2790): nl80211: survey data missing!
E/wpa_supplicant( 2790): RX ctrl_iface - hexdump_ascii(len=11):
E/wpa_supplicant( 2790):      53 49 47 4e 41 4c 5f 50 4f 4c 4c                  SIGNAL_POLL     
D/wpa_supplicant( 2790): Command received: SIGNAL_POLL
D/wpa_supplicant( 2790): nl80211: survey data missing!
W/ProcessStats( 2104): Skipping unknown process pid 7427
W/ProcessStats( 2104): Skipping unknown process pid 7428
E/wpa_supplicant( 2790): RX ctrl_iface - hexdump_ascii(len=22):
E/wpa_supplicant( 2790):      44 52 49 56 45 52 20 53 45 54 53 55 53 50 45 4e   DRIVER SETSUSPEN
E/wpa_supplicant( 2790):      44 4f 50 54 20 30                                 DOPT 0          
D/wpa_supplicant( 2790): Command received: DRIVER SETSUSPENDOPT 0
E/WifiStateMachine( 2104): set suspend optimizations failed!
E/wpa_supplicant( 2790): RX ctrl_iface - hexdump_ascii(len=18):
E/wpa_supplicant( 2790):      44 52 49 56 45 52 20 50 4f 57 45 52 4d 4f 44 45   DRIVER POWERMODE
E/wpa_supplicant( 2790):      20 30                                              0              
D/wpa_supplicant( 2790): Command received: DRIVER POWERMODE 0
E/wpa_supplicant( 2790): RX ctrl_iface - hexdump_ascii(len=22):
E/wpa_supplicant( 2790):      44 52 49 56 45 52 20 53 45 54 53 55 53 50 45 4e   DRIVER SETSUSPEN
E/wpa_supplicant( 2790):      44 4f 50 54 20 30                                 DOPT 0          
D/wpa_supplicant( 2790): Command received: DRIVER SETSUSPENDOPT 0
E/WifiStateMachine( 2104): set suspend optimizations failed!
E/wpa_supplicant( 2790): RX ctrl_iface - hexdump_ascii(len=18):
E/wpa_supplicant( 2790):      44 52 49 56 45 52 20 50 4f 57 45 52 4d 4f 44 45   DRIVER POWERMODE
E/wpa_supplicant( 2790):      20 30                                              0              
D/wpa_supplicant( 2790): Command received: DRIVER POWERMODE 0
E/wpa_supplicant( 2790): RX ctrl_iface - hexdump_ascii(len=11):
E/wpa_supplicant( 2790):      53 49 47 4e 41 4c 5f 50 4f 4c 4c                  SIGNAL_POLL     
D/wpa_supplicant( 2790): Command received: SIGNAL_POLL
D/wpa_supplicant( 2790): nl80211: survey data missing!
E/wpa_supplicant( 2790): RX ctrl_iface - hexdump_ascii(len=11):
E/wpa_supplicant( 2790):      53 49 47 4e 41 4c 5f 50 4f 4c 4c                  SIGNAL_POLL     
D/wpa_supplicant( 2790): Command received: SIGNAL_POLL
D/wpa_supplicant( 2790): nl80211: survey data missing!
E/wpa_supplicant( 2790): RX ctrl_iface - hexdump_ascii(len=11):
E/wpa_supplicant( 2790):      53 49 47 4e 41 4c 5f 50 4f 4c 4c                  SIGNAL_POLL     
D/wpa_supplicant( 2790): Command received: SIGNAL_POLL
D/wpa_supplicant( 2790): nl80211: survey data missing!
E/wpa_supplicant( 2790): RX ctrl_iface - hexdump_ascii(len=11):
E/wpa_supplicant( 2790):      53 49 47 4e 41 4c 5f 50 4f 4c 4c                  SIGNAL_POLL     
D/wpa_supplicant( 2790): Command received: SIGNAL_POLL
D/wpa_supplicant( 2790): nl80211: survey data missing!
E/wpa_supplicant( 2790): RX ctrl_iface - hexdump_ascii(len=11):
E/wpa_supplicant( 2790):      53 49 47 4e 41 4c 5f 50 4f 4c 4c                  SIGNAL_POLL     
D/wpa_supplicant( 2790): Command received: SIGNAL_POLL
D/wpa_supplicant( 2790): nl80211: survey data missing!
E/wpa_supplicant( 2790): RX ctrl_iface - hexdump_ascii(len=11):
E/wpa_supplicant( 2790):      53 49 47 4e 41 4c 5f 50 4f 4c 4c                  SIGNAL_POLL     
D/wpa_supplicant( 2790): Command received: SIGNAL_POLL
D/wpa_supplicant( 2790): nl80211: survey data missing!
D/dalvikvm( 4635): GC_CONCURRENT freed 1374K, 8% free 16933K/18403K, paused 4ms+19ms
D/dalvikvm( 4635): GC_CONCURRENT freed 2880K, 16% free 16707K/19683K, paused 3ms+4ms
D/dalvikvm( 4635): GC_FOR_ALLOC freed 730K, 15% free 16840K/19683K, paused 123ms
E/wpa_supplicant( 2790): RX ctrl_iface - hexdump_ascii(len=11):
E/wpa_supplicant( 2790):      53 49 47 4e 41 4c 5f 50 4f 4c 4c                  SIGNAL_POLL     
D/wpa_supplicant( 2790): Command received: SIGNAL_POLL
D/wpa_supplicant( 2790): nl80211: survey data missing!
E/wpa_supplicant( 2790): RX ctrl_iface - hexdump_ascii(len=11):
E/wpa_supplicant( 2790):      53 49 47 4e 41 4c 5f 50 4f 4c 4c                  SIGNAL_POLL     
D/wpa_supplicant( 2790): Command received: SIGNAL_POLL
D/wpa_supplicant( 2790): nl80211: survey data missing!
D/androidNetworkLocationListeners( 2895): Still have listener com.google.android.location.internal.client.NetworkLocationClient$1@413e9a48
D/androidNetworkLocationListeners( 2895): Still have listener com.google.android.location.internal.client.NetworkLocationClient$1@413e9a48
E/wpa_supplicant( 2790): RX ctrl_iface - hexdump_ascii(len=22):
E/wpa_supplicant( 2790):      44 52 49 56 45 52 20 53 45 54 53 55 53 50 45 4e   DRIVER SETSUSPEN
E/wpa_supplicant( 2790):      44 4f 50 54 20 30                                 DOPT 0          
D/wpa_supplicant( 2790): Command received: DRIVER SETSUSPENDOPT 0
E/WifiStateMachine( 2104): set suspend optimizations failed!
E/wpa_supplicant( 2790): RX ctrl_iface - hexdump_ascii(len=18):
E/wpa_supplicant( 2790):      44 52 49 56 45 52 20 50 4f 57 45 52 4d 4f 44 45   DRIVER POWERMODE
E/wpa_supplicant( 2790):      20 30                                              0              
D/wpa_supplicant( 2790): Command received: DRIVER POWERMODE 0
E/wpa_supplicant( 2790): RX ctrl_iface - hexdump_ascii(len=9):
E/wpa_supplicant( 2790):      41 50 5f 53 43 41 4e 20 32                        AP_SCAN 2       
D/wpa_supplicant( 2790): Command received: AP_SCAN 2
E/wpa_supplicant( 2790): RX ctrl_iface - hexdump_ascii(len=4):
E/wpa_supplicant( 2790):      53 43 41 4e                                       SCAN            
D/wpa_supplicant( 2790): Command received: SCAN
D/wpa_supplicant( 2790): wlan0: P2P: Stopping find
D/wpa_supplicant( 2790): wlan0: P2P: Clear timeout (state=IDLE)
D/wpa_supplicant( 2790): wlan0: P2P: State IDLE -> IDLE
D/wpa_supplicant( 2790): wlan0: Setting scan request: 0 sec 0 usec
D/wpa_supplicant( 2790): wlan0: Starting AP scan for wildcard SSID
D/wpa_supplicant( 2790): WPS: Building WPS IE for Probe Request
D/wpa_supplicant( 2790): WPS:  * Version (hardcoded 0x10)
D/wpa_supplicant( 2790): WPS:  * Request Type
D/wpa_supplicant( 2790): WPS:  * Config Methods (2388)
D/wpa_supplicant( 2790): WPS:  * UUID-E
D/wpa_supplicant( 2790): WPS:  * Primary Device Type
D/wpa_supplicant( 2790): WPS:  * RF Bands (1)
D/wpa_supplicant( 2790): WPS:  * Association State
D/wpa_supplicant( 2790): WPS:  * Configuration Error (0)
D/wpa_supplicant( 2790): WPS:  * Device Password ID (0)
D/wpa_supplicant( 2790): WPS:  * Manufacturer
D/wpa_supplicant( 2790): WPS:  * Model Name
D/wpa_supplicant( 2790): WPS:  * Model Number
D/wpa_supplicant( 2790): WPS:  * Device Name
D/wpa_supplicant( 2790): WPS:  * Version2 (0x20)
D/wpa_supplicant( 2790): P2P: * P2P IE header
D/wpa_supplicant( 2790): P2P: * Capability dev=23 group=00
D/wpa_supplicant( 2790): P2P: * Listen Channel: Regulatory Class 81 Channel 11
E/wpa_supplicant( 2790): nl80211: Scan SSID - hexdump_ascii(len=0): [NULL]
E/wpa_supplicant( 2790): nl80211: Scan extra IEs - hexdump_ascii(len=151):
E/wpa_supplicant( 2790):      dd 82 00 50 f2 04 10 4a 00 01 10 10 3a 00 01 00   __P__J____:___
E/wpa_supplicant( 2790):      10 08 00 02 23 88 10 47 00 10 6a 1b 4f 09 96 57   ____#__G__j_O__W
E/wpa_supplicant( 2790):      53 d0 a7 88 c7 83 cf ae e9 a5 10 54 00 08 00 00   SЧ__Ϯ_T____
E/wpa_supplicant( 2790):      00 00 00 00 00 00 10 3c 00 01 01 10 02 00 02 00   _______<________
E/wpa_supplicant( 2790):      00 10 09 00 02 00 00 10 12 00 02 00 00 10 21 00   ______________!_
E/wpa_supplicant( 2790):      04 53 6f 6e 79 10 23 00 0f 4c 54 32 32 69 5f 31   _Sony_#__LT22i_1
E/wpa_supplicant( 2790):      32 36 31 2d 38 32 35 38 10 24 00 05 4c 54 32 32   261-8258_$__LT22
E/wpa_supplicant( 2790):      69 10 11 00 05 4c 54 32 32 69 10 49 00 06 00 37   i____LT22i_I___7
E/wpa_supplicant( 2790):      2a 00 01 20 dd 11 50 6f 9a 09 02 02 00 23 00 06   *__ _Po_____#__
E/wpa_supplicant( 2790):      05 00 58 58 04 51 0b                              __XX_Q_         
D/wpa_supplicant( 2790): Scan requested (ret=0) - scan timeout 30 seconds
E/wpa_supplicant( 2790): RX ctrl_iface - hexdump_ascii(len=9):
E/wpa_supplicant( 2790):      41 50 5f 53 43 41 4e 20 32                        AP_SCAN 2       
D/wpa_supplicant( 2790): Command received: AP_SCAN 2
D/wpa_supplicant( 2790): nl80211: Event message available
D/wpa_supplicant( 2790): nl80211: Scan trigger
E/wpa_supplicant( 2790): RX ctrl_iface - hexdump_ascii(len=4):
E/wpa_supplicant( 2790):      53 43 41 4e                                       SCAN            
D/wpa_supplicant( 2790): Command received: SCAN
D/wpa_supplicant( 2790): Ongoing scan action - reject new request
D/wpa_supplicant( 2790): nl80211: Event message available
D/wpa_supplicant( 2790): nl80211: New scan results available
D/wpa_supplicant( 2790): wlan0: Event 3 received on interface wlan0
D/wpa_supplicant( 2790): nl80211: Associated on 2457 MHz
D/wpa_supplicant( 2790): Received scan results (7 BSSes)
D/wpa_supplicant( 2790): nl80211: Scan results indicate BSS status with 00:1f:f3:c3:20:f0 as associated
D/wpa_supplicant( 2790): wlan0: BSS: Start scan result update 43
D/wpa_supplicant( 2790): wlan0: New scan results available
E/wpa_supplicant( 2790): CTRL_IFACE monitor send - hexdump(len=41): 2f 64 61 74 61 2f 6d 69 73 63 2f 77 69 66 69 2f 73 6f 63 6b 65 74 73 2f 77 70 61 5f 63 74 72 6c 5f 32 31 30 34 2d 31 34 00
D/wpa_supplicant( 2790): wlan0: Checking for other virtual interfaces sharing same radio (phy0) in event_scan_results
E/wpa_supplicant( 2790): RX ctrl_iface - hexdump_ascii(len=9):
E/wpa_supplicant( 2790):      41 50 5f 53 43 41 4e 20 31                        AP_SCAN 1       
D/wpa_supplicant( 2790): Command received: AP_SCAN 1
E/wpa_supplicant( 2790): RX ctrl_iface - hexdump_ascii(len=12):
E/wpa_supplicant( 2790):      53 43 41 4e 5f 52 45 53 55 4c 54 53               SCAN_RESULTS    
D/wpa_supplicant( 2790): Command received: SCAN_RESULTS
E/wpa_supplicant( 2790): RX ctrl_iface - hexdump_ascii(len=22):
E/wpa_supplicant( 2790):      44 52 49 56 45 52 20 53 45 54 53 55 53 50 45 4e   DRIVER SETSUSPEN
E/wpa_supplicant( 2790):      44 4f 50 54 20 30                                 DOPT 0          
D/wpa_supplicant( 2790): Command received: DRIVER SETSUSPENDOPT 0
E/WifiStateMachine( 2104): set suspend optimizations failed!
E/wpa_supplicant( 2790): RX ctrl_iface - hexdump_ascii(len=18):
E/wpa_supplicant( 2790):      44 52 49 56 45 52 20 50 4f 57 45 52 4d 4f 44 45   DRIVER POWERMODE
E/wpa_supplicant( 2790):      20 30                                              0              
D/wpa_supplicant( 2790): Command received: DRIVER POWERMODE 0
D/androidNetworkLocationListeners( 2895): Still have listener com.google.android.location.internal.client.NetworkLocationClient$1@413e9a48
E/wpa_supplicant( 2790): RX ctrl_iface - hexdump_ascii(len=22):
E/wpa_supplicant( 2790):      44 52 49 56 45 52 20 53 45 54 53 55 53 50 45 4e   DRIVER SETSUSPEN
E/wpa_supplicant( 2790):      44 4f 50 54 20 30                                 DOPT 0          
D/wpa_supplicant( 2790): Command received: DRIVER SETSUSPENDOPT 0
E/WifiStateMachine( 2104): set suspend optimizations failed!
E/wpa_supplicant( 2790): RX ctrl_iface - hexdump_ascii(len=18):
E/wpa_supplicant( 2790):      44 52 49 56 45 52 20 50 4f 57 45 52 4d 4f 44 45   DRIVER POWERMODE
E/wpa_supplicant( 2790):      20 30                                              0              
D/wpa_supplicant( 2790): Command received: DRIVER POWERMODE 0
E/wpa_supplicant( 2790): RX ctrl_iface - hexdump_ascii(len=9):
E/wpa_supplicant( 2790):      41 50 5f 53 43 41 4e 20 32                        AP_SCAN 2       
D/wpa_supplicant( 2790): Command received: AP_SCAN 2
E/wpa_supplicant( 2790): RX ctrl_iface - hexdump_ascii(len=4):
E/wpa_supplicant( 2790):      53 43 41 4e                                       SCAN            
D/wpa_supplicant( 2790): Command received: SCAN
D/wpa_supplicant( 2790): wlan0: P2P: Stopping find
D/wpa_supplicant( 2790): wlan0: P2P: Clear timeout (state=IDLE)
D/wpa_supplicant( 2790): wlan0: P2P: State IDLE -> IDLE
D/wpa_supplicant( 2790): wlan0: Setting scan request: 0 sec 0 usec
D/wpa_supplicant( 2790): wlan0: Starting AP scan for wildcard SSID
D/wpa_supplicant( 2790): WPS: Building WPS IE for Probe Request
D/wpa_supplicant( 2790): WPS:  * Version (hardcoded 0x10)
D/wpa_supplicant( 2790): WPS:  * Request Type
D/wpa_supplicant( 2790): WPS:  * Config Methods (2388)
D/wpa_supplicant( 2790): WPS:  * UUID-E
D/wpa_supplicant( 2790): WPS:  * Primary Device Type
D/wpa_supplicant( 2790): WPS:  * RF Bands (1)
D/wpa_supplicant( 2790): WPS:  * Association State
D/wpa_supplicant( 2790): WPS:  * Configuration Error (0)
D/wpa_supplicant( 2790): WPS:  * Device Password ID (0)
D/wpa_supplicant( 2790): WPS:  * Manufacturer
D/wpa_supplicant( 2790): WPS:  * Model Name
D/wpa_supplicant( 2790): WPS:  * Model Number
D/wpa_supplicant( 2790): WPS:  * Device Name
D/wpa_supplicant( 2790): WPS:  * Version2 (0x20)
D/wpa_supplicant( 2790): P2P: * P2P IE header
D/wpa_supplicant( 2790): P2P: * Capability dev=23 group=00
D/wpa_supplicant( 2790): P2P: * Listen Channel: Regulatory Class 81 Channel 11
E/wpa_supplicant( 2790): nl80211: Scan SSID - hexdump_ascii(len=0): [NULL]
E/wpa_supplicant( 2790): nl80211: Scan extra IEs - hexdump_ascii(len=151):
E/wpa_supplicant( 2790):      dd 82 00 50 f2 04 10 4a 00 01 10 10 3a 00 01 00   __P__J____:___
E/wpa_supplicant( 2790):      10 08 00 02 23 88 10 47 00 10 6a 1b 4f 09 96 57   ____#__G__j_O__W
E/wpa_supplicant( 2790):      53 d0 a7 88 c7 83 cf ae e9 a5 10 54 00 08 00 00   SЧ__Ϯ_T____
E/wpa_supplicant( 2790):      00 00 00 00 00 00 10 3c 00 01 01 10 02 00 02 00   _______<________
E/wpa_supplicant( 2790):      00 10 09 00 02 00 00 10 12 00 02 00 00 10 21 00   ______________!_
E/wpa_supplicant( 2790):      04 53 6f 6e 79 10 23 00 0f 4c 54 32 32 69 5f 31   _Sony_#__LT22i_1
E/wpa_supplicant( 2790):      32 36 31 2d 38 32 35 38 10 24 00 05 4c 54 32 32   261-8258_$__LT22
E/wpa_supplicant( 2790):      69 10 11 00 05 4c 54 32 32 69 10 49 00 06 00 37   i____LT22i_I___7
E/wpa_supplicant( 2790):      2a 00 01 20 dd 11 50 6f 9a 09 02 02 00 23 00 06   *__ _Po_____#__
E/wpa_supplicant( 2790):      05 00 58 58 04 51 0b                              __XX_Q_         
D/wpa_supplicant( 2790): Scan requested (ret=0) - scan timeout 30 seconds
D/wpa_supplicant( 2790): nl80211: Event message available
D/wpa_supplicant( 2790): nl80211: Scan trigger
D/wpa_supplicant( 2790): nl80211: Event message available
D/wpa_supplicant( 2790): nl80211: New scan results available
D/wpa_supplicant( 2790): wlan0: Event 3 received on interface wlan0
D/wpa_supplicant( 2790): nl80211: Associated on 2457 MHz
D/wpa_supplicant( 2790): Received scan results (7 BSSes)
D/wpa_supplicant( 2790): nl80211: Scan results indicate BSS status with 00:1f:f3:c3:20:f0 as associated
D/wpa_supplicant( 2790): wlan0: BSS: Start scan result update 44
D/wpa_supplicant( 2790): wlan0: BSS: Expire BSS 11 due to no match in scan
D/wpa_supplicant( 2790): wlan0: BSS: Remove id 11 BSSID 52:e6:76:cb:3b:d3 SSID '4CE676CB3BD3-1'
E/wpa_supplicant( 2790): CTRL_IFACE monitor send - hexdump(len=41): 2f 64 61 74 61 2f 6d 69 73 63 2f 77 69 66 69 2f 73 6f 63 6b 65 74 73 2f 77 70 61 5f 63 74 72 6c 5f 32 31 30 34 2d 31 34 00
D/wpa_supplicant( 2790): wlan0: New scan results available
E/wpa_supplicant( 2790): CTRL_IFACE monitor send - hexdump(len=41): 2f 64 61 74 61 2f 6d 69 73 63 2f 77 69 66 69 2f 73 6f 63 6b 65 74 73 2f 77 70 61 5f 63 74 72 6c 5f 32 31 30 34 2d 31 34 00
D/wpa_supplicant( 2790): wlan0: Checking for other virtual interfaces sharing same radio (phy0) in event_scan_results
E/wpa_supplicant( 2790): RX ctrl_iface - hexdump_ascii(len=9):
E/wpa_supplicant( 2790):      41 50 5f 53 43 41 4e 20 31                        AP_SCAN 1       
D/wpa_supplicant( 2790): Command received: AP_SCAN 1
E/wpa_supplicant( 2790): RX ctrl_iface - hexdump_ascii(len=12):
E/wpa_supplicant( 2790):      53 43 41 4e 5f 52 45 53 55 4c 54 53               SCAN_RESULTS    
D/wpa_supplicant( 2790): Command received: SCAN_RESULTS
E/wpa_supplicant( 2790): RX ctrl_iface - hexdump_ascii(len=22):
E/wpa_supplicant( 2790):      44 52 49 56 45 52 20 53 45 54 53 55 53 50 45 4e   DRIVER SETSUSPEN
E/wpa_supplicant( 2790):      44 4f 50 54 20 30                                 DOPT 0          
D/wpa_supplicant( 2790): Command received: DRIVER SETSUSPENDOPT 0
E/WifiStateMachine( 2104): set suspend optimizations failed!
E/wpa_supplicant( 2790): RX ctrl_iface - hexdump_ascii(len=18):
E/wpa_supplicant( 2790):      44 52 49 56 45 52 20 50 4f 57 45 52 4d 4f 44 45   DRIVER POWERMODE
E/wpa_supplicant( 2790):      20 30                                              0              
D/wpa_supplicant( 2790): Command received: DRIVER POWERMODE 0
E/wpa_supplicant( 2790): RX ctrl_iface - hexdump_ascii(len=11):
E/wpa_supplicant( 2790):      53 49 47 4e 41 4c 5f 50 4f 4c 4c                  SIGNAL_POLL     
D/wpa_supplicant( 2790): Command received: SIGNAL_POLL
D/wpa_supplicant( 2790): nl80211: survey data missing!
E/wpa_supplicant( 2790): RX ctrl_iface - hexdump_ascii(len=11):
E/wpa_supplicant( 2790):      53 49 47 4e 41 4c 5f 50 4f 4c 4c                  SIGNAL_POLL     
D/wpa_supplicant( 2790): Command received: SIGNAL_POLL
D/wpa_supplicant( 2790): nl80211: survey data missing!
E/wpa_supplicant( 2790): RX ctrl_iface - hexdump_ascii(len=11):
E/wpa_supplicant( 2790):      53 49 47 4e 41 4c 5f 50 4f 4c 4c                  SIGNAL_POLL     
D/wpa_supplicant( 2790): Command received: SIGNAL_POLL
D/wpa_supplicant( 2790): nl80211: survey data missing!
E/wpa_supplicant( 2790): RX ctrl_iface - hexdump_ascii(len=11):
E/wpa_supplicant( 2790):      53 49 47 4e 41 4c 5f 50 4f 4c 4c                  SIGNAL_POLL     
D/wpa_supplicant( 2790): Command received: SIGNAL_POLL
D/wpa_supplicant( 2790): nl80211: survey data missing!
E/wpa_supplicant( 2790): RX ctrl_iface - hexdump_ascii(len=11):
E/wpa_supplicant( 2790):      53 49 47 4e 41 4c 5f 50 4f 4c 4c                  SIGNAL_POLL     
D/wpa_supplicant( 2790): Command received: SIGNAL_POLL
D/wpa_supplicant( 2790): nl80211: survey data missing!
E/wpa_supplicant( 2790): RX ctrl_iface - hexdump_ascii(len=11):
E/wpa_supplicant( 2790):      53 49 47 4e 41 4c 5f 50 4f 4c 4c                  SIGNAL_POLL     
D/wpa_supplicant( 2790): Command received: SIGNAL_POLL
D/wpa_supplicant( 2790): nl80211: survey data missing!
E/wpa_supplicant( 2790): RX ctrl_iface - hexdump_ascii(len=11):
E/wpa_supplicant( 2790):      53 49 47 4e 41 4c 5f 50 4f 4c 4c                  SIGNAL_POLL     
D/wpa_supplicant( 2790): Command received: SIGNAL_POLL
D/wpa_supplicant( 2790): nl80211: survey data missing!
E/wpa_supplicant( 2790): RX ctrl_iface - hexdump_ascii(len=11):
E/wpa_supplicant( 2790):      53 49 47 4e 41 4c 5f 50 4f 4c 4c                  SIGNAL_POLL     
D/wpa_supplicant( 2790): Command received: SIGNAL_POLL
D/wpa_supplicant( 2790): nl80211: survey data missing!
I/System.out( 3108): scheduled 1 gson: EssentialPersistence [isPhoneStateIdle=true, firedAlarmsCalendarIdAndEventList=[], totalCalendarRemindersOn=0, interval=180000, latestNotificationName=NONE, screenOffTime=1364838926416, notificationsOn={}]
E/NotificationService( 2104): Ignoring notification with icon==0: Notification(contentView=null vibrate=null,sound=null,defaults=0x0,flags=0x1)
E/wpa_supplicant( 2790): RX ctrl_iface - hexdump_ascii(len=11):
E/wpa_supplicant( 2790):      53 49 47 4e 41 4c 5f 50 4f 4c 4c                  SIGNAL_POLL     
D/wpa_supplicant( 2790): Command received: SIGNAL_POLL
D/wpa_supplicant( 2790): nl80211: survey data missing!
E/wpa_supplicant( 2790): RX ctrl_iface - hexdump_ascii(len=11):
E/wpa_supplicant( 2790):      53 49 47 4e 41 4c 5f 50 4f 4c 4c                  SIGNAL_POLL     
D/wpa_supplicant( 2790): Command received: SIGNAL_POLL
D/wpa_supplicant( 2790): nl80211: survey data missing!
D/androidNetworkLocationListeners( 2895): Still have listener com.google.android.location.internal.client.NetworkLocationClient$1@413e9a48
D/androidNetworkLocationListeners( 2895): Still have listener com.google.android.location.internal.client.NetworkLocationClient$1@413e9a48
E/wpa_supplicant( 2790): RX ctrl_iface - hexdump_ascii(len=22):
E/wpa_supplicant( 2790):      44 52 49 56 45 52 20 53 45 54 53 55 53 50 45 4e   DRIVER SETSUSPEN
E/wpa_supplicant( 2790):      44 4f 50 54 20 30                                 DOPT 0          
D/wpa_supplicant( 2790): Command received: DRIVER SETSUSPENDOPT 0
E/WifiStateMachine( 2104): set suspend optimizations failed!
E/wpa_supplicant( 2790): RX ctrl_iface - hexdump_ascii(len=18):
E/wpa_supplicant( 2790):      44 52 49 56 45 52 20 50 4f 57 45 52 4d 4f 44 45   DRIVER POWERMODE
E/wpa_supplicant( 2790):      20 30                                              0              
D/wpa_supplicant( 2790): Command received: DRIVER POWERMODE 0
E/wpa_supplicant( 2790): RX ctrl_iface - hexdump_ascii(len=9):
E/wpa_supplicant( 2790):      41 50 5f 53 43 41 4e 20 32                        AP_SCAN 2       
D/wpa_supplicant( 2790): Command received: AP_SCAN 2
E/wpa_supplicant( 2790): RX ctrl_iface - hexdump_ascii(len=4):
E/wpa_supplicant( 2790):      53 43 41 4e                                       SCAN            
D/wpa_supplicant( 2790): Command received: SCAN
D/wpa_supplicant( 2790): wlan0: P2P: Stopping find
D/wpa_supplicant( 2790): wlan0: P2P: Clear timeout (state=IDLE)
D/wpa_supplicant( 2790): wlan0: P2P: State IDLE -> IDLE
D/wpa_supplicant( 2790): wlan0: Setting scan request: 0 sec 0 usec
D/wpa_supplicant( 2790): wlan0: Starting AP scan for wildcard SSID
D/wpa_supplicant( 2790): WPS: Building WPS IE for Probe Request
D/wpa_supplicant( 2790): WPS:  * Version (hardcoded 0x10)
D/wpa_supplicant( 2790): WPS:  * Request Type
D/wpa_supplicant( 2790): WPS:  * Config Methods (2388)
D/wpa_supplicant( 2790): WPS:  * UUID-E
D/wpa_supplicant( 2790): WPS:  * Primary Device Type
D/wpa_supplicant( 2790): WPS:  * RF Bands (1)
D/wpa_supplicant( 2790): WPS:  * Association State
D/wpa_supplicant( 2790): WPS:  * Configuration Error (0)
D/wpa_supplicant( 2790): WPS:  * Device Password ID (0)
D/wpa_supplicant( 2790): WPS:  * Manufacturer
D/wpa_supplicant( 2790): WPS:  * Model Name
D/wpa_supplicant( 2790): WPS:  * Model Number
D/wpa_supplicant( 2790): WPS:  * Device Name
D/wpa_supplicant( 2790): WPS:  * Version2 (0x20)
D/wpa_supplicant( 2790): P2P: * P2P IE header
D/wpa_supplicant( 2790): P2P: * Capability dev=23 group=00
D/wpa_supplicant( 2790): P2P: * Listen Channel: Regulatory Class 81 Channel 11
E/wpa_supplicant( 2790): nl80211: Scan SSID - hexdump_ascii(len=0): [NULL]
E/wpa_supplicant( 2790): nl80211: Scan extra IEs - hexdump_ascii(len=151):
E/wpa_supplicant( 2790):      dd 82 00 50 f2 04 10 4a 00 01 10 10 3a 00 01 00   __P__J____:___
E/wpa_supplicant( 2790):      10 08 00 02 23 88 10 47 00 10 6a 1b 4f 09 96 57   ____#__G__j_O__W
E/wpa_supplicant( 2790):      53 d0 a7 88 c7 83 cf ae e9 a5 10 54 00 08 00 00   SЧ__Ϯ_T____
E/wpa_supplicant( 2790):      00 00 00 00 00 00 10 3c 00 01 01 10 02 00 02 00   _______<________
E/wpa_supplicant( 2790):      00 10 09 00 02 00 00 10 12 00 02 00 00 10 21 00   ______________!_
E/wpa_supplicant( 2790):      04 53 6f 6e 79 10 23 00 0f 4c 54 32 32 69 5f 31   _Sony_#__LT22i_1
E/wpa_supplicant( 2790):      32 36 31 2d 38 32 35 38 10 24 00 05 4c 54 32 32   261-8258_$__LT22
E/wpa_supplicant( 2790):      69 10 11 00 05 4c 54 32 32 69 10 49 00 06 00 37   i____LT22i_I___7
E/wpa_supplicant( 2790):      2a 00 01 20 dd 11 50 6f 9a 09 02 02 00 23 00 06   *__ _Po_____#__
E/wpa_supplicant( 2790):      05 00 58 58 04 51 0b                              __XX_Q_         
D/wpa_supplicant( 2790): Scan requested (ret=0) - scan timeout 30 seconds
E/wpa_supplicant( 2790): RX ctrl_iface - hexdump_ascii(len=9):
E/wpa_supplicant( 2790):      41 50 5f 53 43 41 4e 20 32                        AP_SCAN 2       
D/wpa_supplicant( 2790): Command received: AP_SCAN 2
D/wpa_supplicant( 2790): nl80211: Event message available
D/wpa_supplicant( 2790): nl80211: Scan trigger
E/wpa_supplicant( 2790): RX ctrl_iface - hexdump_ascii(len=4):
E/wpa_supplicant( 2790):      53 43 41 4e                                       SCAN            
D/wpa_supplicant( 2790): Command received: SCAN
D/wpa_supplicant( 2790): Ongoing scan action - reject new request
D/wpa_supplicant( 2790): nl80211: Event message available
D/wpa_supplicant( 2790): nl80211: New scan results available
D/wpa_supplicant( 2790): wlan0: Event 3 received on interface wlan0
D/wpa_supplicant( 2790): nl80211: Associated on 2457 MHz
D/wpa_supplicant( 2790): Received scan results (7 BSSes)
D/wpa_supplicant( 2790): nl80211: Scan results indicate BSS status with 00:1f:f3:c3:20:f0 as associated
D/wpa_supplicant( 2790): wlan0: BSS: Start scan result update 45
D/wpa_supplicant( 2790): wlan0: New scan results available
E/wpa_supplicant( 2790): CTRL_IFACE monitor send - hexdump(len=41): 2f 64 61 74 61 2f 6d 69 73 63 2f 77 69 66 69 2f 73 6f 63 6b 65 74 73 2f 77 70 61 5f 63 74 72 6c 5f 32 31 30 34 2d 31 34 00
D/wpa_supplicant( 2790): wlan0: Checking for other virtual interfaces sharing same radio (phy0) in event_scan_results
E/wpa_supplicant( 2790): RX ctrl_iface - hexdump_ascii(len=9):
E/wpa_supplicant( 2790):      41 50 5f 53 43 41 4e 20 31                        AP_SCAN 1       
D/wpa_supplicant( 2790): Command received: AP_SCAN 1
E/wpa_supplicant( 2790): RX ctrl_iface - hexdump_ascii(len=12):
E/wpa_supplicant( 2790):      53 43 41 4e 5f 52 45 53 55 4c 54 53               SCAN_RESULTS    
D/wpa_supplicant( 2790): Command received: SCAN_RESULTS
E/wpa_supplicant( 2790): RX ctrl_iface - hexdump_ascii(len=22):
E/wpa_supplicant( 2790):      44 52 49 56 45 52 20 53 45 54 53 55 53 50 45 4e   DRIVER SETSUSPEN
E/wpa_supplicant( 2790):      44 4f 50 54 20 30                                 DOPT 0          
D/wpa_supplicant( 2790): Command received: DRIVER SETSUSPENDOPT 0
E/WifiStateMachine( 2104): set suspend optimizations failed!
E/wpa_supplicant( 2790): RX ctrl_iface - hexdump_ascii(len=18):
E/wpa_supplicant( 2790):      44 52 49 56 45 52 20 50 4f 57 45 52 4d 4f 44 45   DRIVER POWERMODE
E/wpa_supplicant( 2790):      20 30                                              0              
D/wpa_supplicant( 2790): Command received: DRIVER POWERMODE 0
D/androidNetworkLocationListeners( 2895): Still have listener com.google.android.location.internal.client.NetworkLocationClient$1@413e9a48
E/wpa_supplicant( 2790): RX ctrl_iface - hexdump_ascii(len=22):
E/wpa_supplicant( 2790):      44 52 49 56 45 52 20 53 45 54 53 55 53 50 45 4e   DRIVER SETSUSPEN
E/wpa_supplicant( 2790):      44 4f 50 54 20 30                                 DOPT 0          
D/wpa_supplicant( 2790): Command received: DRIVER SETSUSPENDOPT 0
E/WifiStateMachine( 2104): set suspend optimizations failed!
E/wpa_supplicant( 2790): RX ctrl_iface - hexdump_ascii(len=18):
E/wpa_supplicant( 2790):      44 52 49 56 45 52 20 50 4f 57 45 52 4d 4f 44 45   DRIVER POWERMODE
E/wpa_supplicant( 2790):      20 30                                              0              
D/wpa_supplicant( 2790): Command received: DRIVER POWERMODE 0
E/wpa_supplicant( 2790): RX ctrl_iface - hexdump_ascii(len=9):
E/wpa_supplicant( 2790):      41 50 5f 53 43 41 4e 20 32                        AP_SCAN 2       
D/wpa_supplicant( 2790): Command received: AP_SCAN 2
E/wpa_supplicant( 2790): RX ctrl_iface - hexdump_ascii(len=4):
E/wpa_supplicant( 2790):      53 43 41 4e                                       SCAN            
D/wpa_supplicant( 2790): Command received: SCAN
D/wpa_supplicant( 2790): wlan0: P2P: Stopping find
D/wpa_supplicant( 2790): wlan0: P2P: Clear timeout (state=IDLE)
D/wpa_supplicant( 2790): wlan0: P2P: State IDLE -> IDLE
D/wpa_supplicant( 2790): wlan0: Setting scan request: 0 sec 0 usec
D/wpa_supplicant( 2790): wlan0: Starting AP scan for wildcard SSID
D/wpa_supplicant( 2790): WPS: Building WPS IE for Probe Request
D/wpa_supplicant( 2790): WPS:  * Version (hardcoded 0x10)
D/wpa_supplicant( 2790): WPS:  * Request Type
D/wpa_supplicant( 2790): WPS:  * Config Methods (2388)
D/wpa_supplicant( 2790): WPS:  * UUID-E
D/wpa_supplicant( 2790): WPS:  * Primary Device Type
D/wpa_supplicant( 2790): WPS:  * RF Bands (1)
D/wpa_supplicant( 2790): WPS:  * Association State
D/wpa_supplicant( 2790): WPS:  * Configuration Error (0)
D/wpa_supplicant( 2790): WPS:  * Device Password ID (0)
D/wpa_supplicant( 2790): WPS:  * Manufacturer
D/wpa_supplicant( 2790): WPS:  * Model Name
D/wpa_supplicant( 2790): WPS:  * Model Number
D/wpa_supplicant( 2790): WPS:  * Device Name
D/wpa_supplicant( 2790): WPS:  * Version2 (0x20)
D/wpa_supplicant( 2790): P2P: * P2P IE header
D/wpa_supplicant( 2790): P2P: * Capability dev=23 group=00
D/wpa_supplicant( 2790): P2P: * Listen Channel: Regulatory Class 81 Channel 11
E/wpa_supplicant( 2790): nl80211: Scan SSID - hexdump_ascii(len=0): [NULL]
E/wpa_supplicant( 2790): nl80211: Scan extra IEs - hexdump_ascii(len=151):
E/wpa_supplicant( 2790):      dd 82 00 50 f2 04 10 4a 00 01 10 10 3a 00 01 00   __P__J____:___
E/wpa_supplicant( 2790):      10 08 00 02 23 88 10 47 00 10 6a 1b 4f 09 96 57   ____#__G__j_O__W
E/wpa_supplicant( 2790):      53 d0 a7 88 c7 83 cf ae e9 a5 10 54 00 08 00 00   SЧ__Ϯ_T____
E/wpa_supplicant( 2790):      00 00 00 00 00 00 10 3c 00 01 01 10 02 00 02 00   _______<________
E/wpa_supplicant( 2790):      00 10 09 00 02 00 00 10 12 00 02 00 00 10 21 00   ______________!_
E/wpa_supplicant( 2790):      04 53 6f 6e 79 10 23 00 0f 4c 54 32 32 69 5f 31   _Sony_#__LT22i_1
E/wpa_supplicant( 2790):      32 36 31 2d 38 32 35 38 10 24 00 05 4c 54 32 32   261-8258_$__LT22
E/wpa_supplicant( 2790):      69 10 11 00 05 4c 54 32 32 69 10 49 00 06 00 37   i____LT22i_I___7
E/wpa_supplicant( 2790):      2a 00 01 20 dd 11 50 6f 9a 09 02 02 00 23 00 06   *__ _Po_____#__
E/wpa_supplicant( 2790):      05 00 58 58 04 51 0b                              __XX_Q_         
D/wpa_supplicant( 2790): Scan requested (ret=0) - scan timeout 30 seconds
D/wpa_supplicant( 2790): nl80211: Event message available
D/wpa_supplicant( 2790): nl80211: Scan trigger
D/dalvikvm( 2104): GC_EXPLICIT freed 897K, 14% free 19153K/22115K, paused 4ms+12ms
D/wpa_supplicant( 2790): nl80211: Event message available
D/wpa_supplicant( 2790): nl80211: New scan results available
D/wpa_supplicant( 2790): wlan0: Event 3 received on interface wlan0
D/wpa_supplicant( 2790): nl80211: Associated on 2457 MHz
D/wpa_supplicant( 2790): Received scan results (7 BSSes)
D/wpa_supplicant( 2790): nl80211: Scan results indicate BSS status with 00:1f:f3:c3:20:f0 as associated
D/wpa_supplicant( 2790): wlan0: BSS: Start scan result update 46
D/wpa_supplicant( 2790): wlan0: New scan results available
E/wpa_supplicant( 2790): CTRL_IFACE monitor send - hexdump(len=41): 2f 64 61 74 61 2f 6d 69 73 63 2f 77 69 66 69 2f 73 6f 63 6b 65 74 73 2f 77 70 61 5f 63 74 72 6c 5f 32 31 30 34 2d 31 34 00
D/wpa_supplicant( 2790): wlan0: Checking for other virtual interfaces sharing same radio (phy0) in event_scan_results
E/wpa_supplicant( 2790): RX ctrl_iface - hexdump_ascii(len=9):
E/wpa_supplicant( 2790):      41 50 5f 53 43 41 4e 20 31                        AP_SCAN 1       
D/wpa_supplicant( 2790): Command received: AP_SCAN 1
E/wpa_supplicant( 2790): RX ctrl_iface - hexdump_ascii(len=12):
E/wpa_supplicant( 2790):      53 43 41 4e 5f 52 45 53 55 4c 54 53               SCAN_RESULTS    
D/wpa_supplicant( 2790): Command received: SCAN_RESULTS
D/dalvikvm( 2895): GC_CONCURRENT freed 1735K, 17% free 10069K/12131K, paused 8ms+7ms
E/wpa_supplicant( 2790): RX ctrl_iface - hexdump_ascii(len=22):
E/wpa_supplicant( 2790):      44 52 49 56 45 52 20 53 45 54 53 55 53 50 45 4e   DRIVER SETSUSPEN
E/wpa_supplicant( 2790):      44 4f 50 54 20 30                                 DOPT 0          
D/wpa_supplicant( 2790): Command received: DRIVER SETSUSPENDOPT 0
E/WifiStateMachine( 2104): set suspend optimizations failed!
E/wpa_supplicant( 2790): RX ctrl_iface - hexdump_ascii(len=18):
E/wpa_supplicant( 2790):      44 52 49 56 45 52 20 50 4f 57 45 52 4d 4f 44 45   DRIVER POWERMODE
E/wpa_supplicant( 2790):      20 30                                              0              
D/wpa_supplicant( 2790): Command received: DRIVER POWERMODE 0
E/wpa_supplicant( 2790): RX ctrl_iface - hexdump_ascii(len=11):
E/wpa_supplicant( 2790):      53 49 47 4e 41 4c 5f 50 4f 4c 4c                  SIGNAL_POLL     
D/wpa_supplicant( 2790): Command received: SIGNAL_POLL
D/wpa_supplicant( 2790): nl80211: survey data missing!
E/wpa_supplicant( 2790): RX ctrl_iface - hexdump_ascii(len=11):
E/wpa_supplicant( 2790):      53 49 47 4e 41 4c 5f 50 4f 4c 4c                  SIGNAL_POLL     
D/wpa_supplicant( 2790): Command received: SIGNAL_POLL
D/wpa_supplicant( 2790): nl80211: survey data missing!
E/wpa_supplicant( 2790): RX ctrl_iface - hexdump_ascii(len=22):
E/wpa_supplicant( 2790):      44 52 49 56 45 52 20 53 45 54 53 55 53 50 45 4e   DRIVER SETSUSPEN
E/wpa_supplicant( 2790):      44 4f 50 54 20 30                                 DOPT 0          
D/wpa_supplicant( 2790): Command received: DRIVER SETSUSPENDOPT 0
E/WifiStateMachine( 2104): set suspend optimizations failed!
E/wpa_supplicant( 2790): RX ctrl_iface - hexdump_ascii(len=18):
E/wpa_supplicant( 2790):      44 52 49 56 45 52 20 50 4f 57 45 52 4d 4f 44 45   DRIVER POWERMODE
E/wpa_supplicant( 2790):      20 30                                              0              
D/wpa_supplicant( 2790): Command received: DRIVER POWERMODE 0
E/wpa_supplicant( 2790): RX ctrl_iface - hexdump_ascii(len=22):
E/wpa_supplicant( 2790):      44 52 49 56 45 52 20 53 45 54 53 55 53 50 45 4e   DRIVER SETSUSPEN
E/wpa_supplicant( 2790):      44 4f 50 54 20 30                                 DOPT 0          
D/wpa_supplicant( 2790): Command received: DRIVER SETSUSPENDOPT 0
E/WifiStateMachine( 2104): set suspend optimizations failed!
E/wpa_supplicant( 2790): RX ctrl_iface - hexdump_ascii(len=18):
E/wpa_supplicant( 2790):      44 52 49 56 45 52 20 50 4f 57 45 52 4d 4f 44 45   DRIVER POWERMODE
E/wpa_supplicant( 2790):      20 30                                              0              
D/wpa_supplicant( 2790): Command received: DRIVER POWERMODE 0
E/wpa_supplicant( 2790): RX ctrl_iface - hexdump_ascii(len=11):
E/wpa_supplicant( 2790):      53 49 47 4e 41 4c 5f 50 4f 4c 4c                  SIGNAL_POLL     
D/wpa_supplicant( 2790): Command received: SIGNAL_POLL
D/wpa_supplicant( 2790): nl80211: survey data missing!
W/ActivityManager( 2104): Unable to start service Intent { flg=0x4 cmp=com.facebook.katana/com.facebook.orca.sms.MmsSmsLogExternalMessagesLogic$MmsSmsLogExternalMessagesService (has extras) }: not found
E/BandwidthController( 1568): Updating quota globalAlert failed (No such file or directory)
W/NetworkStats( 2104): problem registering for global alert: java.lang.IllegalStateException: Error communicating to native daemon
I/NotificationStore( 5597): file does not exist: /data/data/com.google.android.gms/files/notification_data.dat
E/wpa_supplicant( 2790): RX ctrl_iface - hexdump_ascii(len=11):
E/wpa_supplicant( 2790):      53 49 47 4e 41 4c 5f 50 4f 4c 4c                  SIGNAL_POLL     
D/wpa_supplicant( 2790): Command received: SIGNAL_POLL
D/wpa_supplicant( 2790): nl80211: survey data missing!
E/wpa_supplicant( 2790): RX ctrl_iface - hexdump_ascii(len=11):
E/wpa_supplicant( 2790):      53 49 47 4e 41 4c 5f 50 4f 4c 4c                  SIGNAL_POLL     
D/wpa_supplicant( 2790): Command received: SIGNAL_POLL
D/wpa_supplicant( 2790): nl80211: survey data missing!
E/wpa_supplicant( 2790): RX ctrl_iface - hexdump_ascii(len=11):
E/wpa_supplicant( 2790):      53 49 47 4e 41 4c 5f 50 4f 4c 4c                  SIGNAL_POLL     
D/wpa_supplicant( 2790): Command received: SIGNAL_POLL
D/wpa_supplicant( 2790): nl80211: survey data missing!
E/wpa_supplicant( 2790): RX ctrl_iface - hexdump_ascii(len=11):
E/wpa_supplicant( 2790):      53 49 47 4e 41 4c 5f 50 4f 4c 4c                  SIGNAL_POLL     
D/wpa_supplicant( 2790): Command received: SIGNAL_POLL
D/wpa_supplicant( 2790): nl80211: survey data missing!
E/wpa_supplicant( 2790): RX ctrl_iface - hexdump_ascii(len=11):
E/wpa_supplicant( 2790):      53 49 47 4e 41 4c 5f 50 4f 4c 4c                  SIGNAL_POLL     
D/wpa_supplicant( 2790): Command received: SIGNAL_POLL
D/wpa_supplicant( 2790): nl80211: survey data missing!
E/wpa_supplicant( 2790): RX ctrl_iface - hexdump_ascii(len=11):
E/wpa_supplicant( 2790):      53 49 47 4e 41 4c 5f 50 4f 4c 4c                  SIGNAL_POLL     
D/wpa_supplicant( 2790): Command received: SIGNAL_POLL
D/wpa_supplicant( 2790): nl80211: survey data missing!
E/wpa_supplicant( 2790): RX ctrl_iface - hexdump_ascii(len=11):
E/wpa_supplicant( 2790):      53 49 47 4e 41 4c 5f 50 4f 4c 4c                  SIGNAL_POLL     
D/wpa_supplicant( 2790): Command received: SIGNAL_POLL
D/wpa_supplicant( 2790): nl80211: survey data missing!
D/androidNetworkLocationListeners( 2895): Still have listener com.google.android.location.internal.client.NetworkLocationClient$1@413e9a48
D/androidNetworkLocationListeners( 2895): Still have listener com.google.android.location.internal.client.NetworkLocationClient$1@413e9a48
E/wpa_supplicant( 2790): RX ctrl_iface - hexdump_ascii(len=22):
E/wpa_supplicant( 2790):      44 52 49 56 45 52 20 53 45 54 53 55 53 50 45 4e   DRIVER SETSUSPEN
E/wpa_supplicant( 2790):      44 4f 50 54 20 30                                 DOPT 0          
D/wpa_supplicant( 2790): Command received: DRIVER SETSUSPENDOPT 0
E/WifiStateMachine( 2104): set suspend optimizations failed!
E/wpa_supplicant( 2790): RX ctrl_iface - hexdump_ascii(len=18):
E/wpa_supplicant( 2790):      44 52 49 56 45 52 20 50 4f 57 45 52 4d 4f 44 45   DRIVER POWERMODE
E/wpa_supplicant( 2790):      20 30                                              0              
D/wpa_supplicant( 2790): Command received: DRIVER POWERMODE 0
E/wpa_supplicant( 2790): RX ctrl_iface - hexdump_ascii(len=9):
E/wpa_supplicant( 2790):      41 50 5f 53 43 41 4e 20 32                        AP_SCAN 2       
D/wpa_supplicant( 2790): Command received: AP_SCAN 2
E/wpa_supplicant( 2790): RX ctrl_iface - hexdump_ascii(len=4):
E/wpa_supplicant( 2790):      53 43 41 4e                                       SCAN            
D/wpa_supplicant( 2790): Command received: SCAN
D/wpa_supplicant( 2790): wlan0: P2P: Stopping find
D/wpa_supplicant( 2790): wlan0: P2P: Clear timeout (state=IDLE)
D/wpa_supplicant( 2790): wlan0: P2P: State IDLE -> IDLE
D/wpa_supplicant( 2790): wlan0: Setting scan request: 0 sec 0 usec
D/wpa_supplicant( 2790): wlan0: Starting AP scan for wildcard SSID
