E/wpa_supplicant( 2790):      53 49 47 4e 41 4c 5f 50 4f 4c 4c                  SIGNAL_POLL     
D/wpa_supplicant( 2790): Command received: SIGNAL_POLL
D/wpa_supplicant( 2790): nl80211: survey data missing!
D/dalvikvm( 8392): GC_CONCURRENT freed 1131K, 12% free 9768K/11043K, paused 3ms+4ms
E/wpa_supplicant( 2790): RX ctrl_iface - hexdump_ascii(len=11):
E/wpa_supplicant( 2790):      53 49 47 4e 41 4c 5f 50 4f 4c 4c                  SIGNAL_POLL     
D/wpa_supplicant( 2790): Command received: SIGNAL_POLL
D/wpa_supplicant( 2790): nl80211: survey data missing!
D/dalvikvm( 2814): GC_CONCURRENT freed 1385K, 31% free 11142K/15971K, paused 3ms+19ms
I/ActivityManager( 2104): Start proc com.ebay.mobile:notifications for broadcast com.ebay.mobile/.notifications.PollAlarmReceiver: pid=8442 uid=10200 gids={3003, 1015, 1006}
I/ActivityThread( 8442): Pub com.ebay.mobile.providers.itemcacheprovider: com.ebay.mobile.providers.ItemCacheProvider
D/EbayDeviceId( 8442): Reading installation file
D/EbayDeviceId( 8442): Reading installation file
I/ActivityManager( 2104): No longer want com.sonyericsson.android.bootinfo:remote (pid 7930): hidden #16
E/wpa_supplicant( 2790): RX ctrl_iface - hexdump_ascii(len=11):
E/wpa_supplicant( 2790):      53 49 47 4e 41 4c 5f 50 4f 4c 4c                  SIGNAL_POLL     
D/wpa_supplicant( 2790): Command received: SIGNAL_POLL
D/wpa_supplicant( 2790): nl80211: survey data missing!
E/wpa_supplicant( 2790): RX ctrl_iface - hexdump_ascii(len=11):
E/wpa_supplicant( 2790):      53 49 47 4e 41 4c 5f 50 4f 4c 4c                  SIGNAL_POLL     
D/wpa_supplicant( 2790): Command received: SIGNAL_POLL
D/wpa_supplicant( 2790): nl80211: survey data missing!
I/ActivityManager( 2104): No longer want com.google.android.gms (pid 6909): hidden #16
E/wpa_supplicant( 2790): RX ctrl_iface - hexdump_ascii(len=11):
E/wpa_supplicant( 2790):      53 49 47 4e 41 4c 5f 50 4f 4c 4c                  SIGNAL_POLL     
D/wpa_supplicant( 2790): Command received: SIGNAL_POLL
D/wpa_supplicant( 2790): nl80211: survey data missing!
E/wpa_supplicant( 2790): RX ctrl_iface - hexdump_ascii(len=11):
E/wpa_supplicant( 2790):      53 49 47 4e 41 4c 5f 50 4f 4c 4c                  SIGNAL_POLL     
D/wpa_supplicant( 2790): Command received: SIGNAL_POLL
D/wpa_supplicant( 2790): nl80211: survey data missing!
E/wpa_supplicant( 2790): RX ctrl_iface - hexdump_ascii(len=11):
E/wpa_supplicant( 2790):      53 49 47 4e 41 4c 5f 50 4f 4c 4c                  SIGNAL_POLL     
D/wpa_supplicant( 2790): Command received: SIGNAL_POLL
D/wpa_supplicant( 2790): nl80211: survey data missing!
D/androidNetworkLocationListeners( 2895): Still have listener com.google.android.location.internal.client.NetworkLocationClient$1@413e9a48
D/androidNetworkLocationListeners( 2895): Still have listener com.google.android.location.internal.client.NetworkLocationClient$1@413e9a48
E/wpa_supplicant( 2790): RX ctrl_iface - hexdump_ascii(len=22):
E/wpa_supplicant( 2790):      44 52 49 56 45 52 20 53 45 54 53 55 53 50 45 4e   DRIVER SETSUSPEN
E/wpa_supplicant( 2790):      44 4f 50 54 20 30                                 DOPT 0          
D/wpa_supplicant( 2790): Command received: DRIVER SETSUSPENDOPT 0
E/WifiStateMachine( 2104): set suspend optimizations failed!
E/wpa_supplicant( 2790): RX ctrl_iface - hexdump_ascii(len=18):
E/wpa_supplicant( 2790):      44 52 49 56 45 52 20 50 4f 57 45 52 4d 4f 44 45   DRIVER POWERMODE
E/wpa_supplicant( 2790):      20 30                                              0              
D/wpa_supplicant( 2790): Command received: DRIVER POWERMODE 0
E/wpa_supplicant( 2790): RX ctrl_iface - hexdump_ascii(len=11):
E/wpa_supplicant( 2790):      53 49 47 4e 41 4c 5f 50 4f 4c 4c                  SIGNAL_POLL     
D/wpa_supplicant( 2790): Command received: SIGNAL_POLL
D/wpa_supplicant( 2790): nl80211: survey data missing!
E/wpa_supplicant( 2790): RX ctrl_iface - hexdump_ascii(len=9):
E/wpa_supplicant( 2790):      41 50 5f 53 43 41 4e 20 32                        AP_SCAN 2       
D/wpa_supplicant( 2790): Command received: AP_SCAN 2
E/wpa_supplicant( 2790): RX ctrl_iface - hexdump_ascii(len=4):
E/wpa_supplicant( 2790):      53 43 41 4e                                       SCAN            
D/wpa_supplicant( 2790): Command received: SCAN
D/wpa_supplicant( 2790): wlan0: P2P: Stopping find
D/wpa_supplicant( 2790): wlan0: P2P: Clear timeout (state=IDLE)
D/wpa_supplicant( 2790): wlan0: P2P: State IDLE -> IDLE
D/wpa_supplicant( 2790): wlan0: Setting scan request: 0 sec 0 usec
D/wpa_supplicant( 2790): wlan0: Starting AP scan for wildcard SSID
D/wpa_supplicant( 2790): WPS: Building WPS IE for Probe Request
D/wpa_supplicant( 2790): WPS:  * Version (hardcoded 0x10)
D/wpa_supplicant( 2790): WPS:  * Request Type
D/wpa_supplicant( 2790): WPS:  * Config Methods (2388)
D/wpa_supplicant( 2790): WPS:  * UUID-E
D/wpa_supplicant( 2790): WPS:  * Primary Device Type
D/wpa_supplicant( 2790): WPS:  * RF Bands (1)
D/wpa_supplicant( 2790): WPS:  * Association State
D/wpa_supplicant( 2790): WPS:  * Configuration Error (0)
D/wpa_supplicant( 2790): WPS:  * Device Password ID (0)
D/wpa_supplicant( 2790): WPS:  * Manufacturer
D/wpa_supplicant( 2790): WPS:  * Model Name
D/wpa_supplicant( 2790): WPS:  * Model Number
D/wpa_supplicant( 2790): WPS:  * Device Name
D/wpa_supplicant( 2790): WPS:  * Version2 (0x20)
D/wpa_supplicant( 2790): P2P: * P2P IE header
D/wpa_supplicant( 2790): P2P: * Capability dev=23 group=00
D/wpa_supplicant( 2790): P2P: * Listen Channel: Regulatory Class 81 Channel 11
E/wpa_supplicant( 2790): nl80211: Scan SSID - hexdump_ascii(len=0): [NULL]
E/wpa_supplicant( 2790): nl80211: Scan extra IEs - hexdump_ascii(len=151):
E/wpa_supplicant( 2790):      dd 82 00 50 f2 04 10 4a 00 01 10 10 3a 00 01 00   __P__J____:___
E/wpa_supplicant( 2790):      10 08 00 02 23 88 10 47 00 10 6a 1b 4f 09 96 57   ____#__G__j_O__W
E/wpa_supplicant( 2790):      53 d0 a7 88 c7 83 cf ae e9 a5 10 54 00 08 00 00   SЧ__Ϯ_T____
E/wpa_supplicant( 2790):      00 00 00 00 00 00 10 3c 00 01 01 10 02 00 02 00   _______<________
E/wpa_supplicant( 2790):      00 10 09 00 02 00 00 10 12 00 02 00 00 10 21 00   ______________!_
E/wpa_supplicant( 2790):      04 53 6f 6e 79 10 23 00 0f 4c 54 32 32 69 5f 31   _Sony_#__LT22i_1
E/wpa_supplicant( 2790):      32 36 31 2d 38 32 35 38 10 24 00 05 4c 54 32 32   261-8258_$__LT22
E/wpa_supplicant( 2790):      69 10 11 00 05 4c 54 32 32 69 10 49 00 06 00 37   i____LT22i_I___7
E/wpa_supplicant( 2790):      2a 00 01 20 dd 11 50 6f 9a 09 02 02 00 23 00 06   *__ _Po_____#__
E/wpa_supplicant( 2790):      05 00 58 58 04 51 0b                              __XX_Q_         
D/wpa_supplicant( 2790): Scan requested (ret=0) - scan timeout 30 seconds
E/wpa_supplicant( 2790): RX ctrl_iface - hexdump_ascii(len=9):
E/wpa_supplicant( 2790):      41 50 5f 53 43 41 4e 20 32                        AP_SCAN 2       
D/wpa_supplicant( 2790): Command received: AP_SCAN 2
D/wpa_supplicant( 2790): nl80211: Event message available
D/wpa_supplicant( 2790): nl80211: Scan trigger
E/wpa_supplicant( 2790): RX ctrl_iface - hexdump_ascii(len=4):
E/wpa_supplicant( 2790):      53 43 41 4e                                       SCAN            
D/wpa_supplicant( 2790): Command received: SCAN
D/wpa_supplicant( 2790): Ongoing scan action - reject new request
D/wpa_supplicant( 2790): nl80211: Event message available
D/wpa_supplicant( 2790): nl80211: New scan results available
D/wpa_supplicant( 2790): wlan0: Event 3 received on interface wlan0
D/wpa_supplicant( 2790): nl80211: Associated on 2457 MHz
D/wpa_supplicant( 2790): Received scan results (6 BSSes)
D/wpa_supplicant( 2790): nl80211: Scan results indicate BSS status with 00:1f:f3:c3:20:f0 as associated
D/wpa_supplicant( 2790): wlan0: BSS: Start scan result update 73
D/wpa_supplicant( 2790): wlan0: New scan results available
E/wpa_supplicant( 2790): CTRL_IFACE monitor send - hexdump(len=41): 2f 64 61 74 61 2f 6d 69 73 63 2f 77 69 66 69 2f 73 6f 63 6b 65 74 73 2f 77 70 61 5f 63 74 72 6c 5f 32 31 30 34 2d 31 34 00
D/wpa_supplicant( 2790): wlan0: Checking for other virtual interfaces sharing same radio (phy0) in event_scan_results
E/wpa_supplicant( 2790): RX ctrl_iface - hexdump_ascii(len=9):
E/wpa_supplicant( 2790):      41 50 5f 53 43 41 4e 20 31                        AP_SCAN 1       
D/wpa_supplicant( 2790): Command received: AP_SCAN 1
E/wpa_supplicant( 2790): RX ctrl_iface - hexdump_ascii(len=12):
E/wpa_supplicant( 2790):      53 43 41 4e 5f 52 45 53 55 4c 54 53               SCAN_RESULTS    
D/wpa_supplicant( 2790): Command received: SCAN_RESULTS
E/wpa_supplicant( 2790): RX ctrl_iface - hexdump_ascii(len=22):
E/wpa_supplicant( 2790):      44 52 49 56 45 52 20 53 45 54 53 55 53 50 45 4e   DRIVER SETSUSPEN
E/wpa_supplicant( 2790):      44 4f 50 54 20 30                                 DOPT 0          
D/wpa_supplicant( 2790): Command received: DRIVER SETSUSPENDOPT 0
E/WifiStateMachine( 2104): set suspend optimizations failed!
E/wpa_supplicant( 2790): RX ctrl_iface - hexdump_ascii(len=18):
E/wpa_supplicant( 2790):      44 52 49 56 45 52 20 50 4f 57 45 52 4d 4f 44 45   DRIVER POWERMODE
E/wpa_supplicant( 2790):      20 30                                              0              
D/wpa_supplicant( 2790): Command received: DRIVER POWERMODE 0
D/androidNetworkLocationListeners( 2895): Still have listener com.google.android.location.internal.client.NetworkLocationClient$1@413e9a48
E/wpa_supplicant( 2790): RX ctrl_iface - hexdump_ascii(len=22):
E/wpa_supplicant( 2790):      44 52 49 56 45 52 20 53 45 54 53 55 53 50 45 4e   DRIVER SETSUSPEN
E/wpa_supplicant( 2790):      44 4f 50 54 20 30                                 DOPT 0          
D/wpa_supplicant( 2790): Command received: DRIVER SETSUSPENDOPT 0
E/WifiStateMachine( 2104): set suspend optimizations failed!
E/wpa_supplicant( 2790): RX ctrl_iface - hexdump_ascii(len=18):
E/wpa_supplicant( 2790):      44 52 49 56 45 52 20 50 4f 57 45 52 4d 4f 44 45   DRIVER POWERMODE
E/wpa_supplicant( 2790):      20 30                                              0              
D/wpa_supplicant( 2790): Command received: DRIVER POWERMODE 0
E/wpa_supplicant( 2790): RX ctrl_iface - hexdump_ascii(len=9):
E/wpa_supplicant( 2790):      41 50 5f 53 43 41 4e 20 32                        AP_SCAN 2       
D/wpa_supplicant( 2790): Command received: AP_SCAN 2
E/wpa_supplicant( 2790): RX ctrl_iface - hexdump_ascii(len=4):
E/wpa_supplicant( 2790):      53 43 41 4e                                       SCAN            
D/wpa_supplicant( 2790): Command received: SCAN
D/wpa_supplicant( 2790): wlan0: P2P: Stopping find
D/wpa_supplicant( 2790): wlan0: P2P: Clear timeout (state=IDLE)
D/wpa_supplicant( 2790): wlan0: P2P: State IDLE -> IDLE
D/wpa_supplicant( 2790): wlan0: Setting scan request: 0 sec 0 usec
D/wpa_supplicant( 2790): wlan0: Starting AP scan for wildcard SSID
D/wpa_supplicant( 2790): WPS: Building WPS IE for Probe Request
D/wpa_supplicant( 2790): WPS:  * Version (hardcoded 0x10)
D/wpa_supplicant( 2790): WPS:  * Request Type
D/wpa_supplicant( 2790): WPS:  * Config Methods (2388)
D/wpa_supplicant( 2790): WPS:  * UUID-E
D/wpa_supplicant( 2790): WPS:  * Primary Device Type
D/wpa_supplicant( 2790): WPS:  * RF Bands (1)
D/wpa_supplicant( 2790): WPS:  * Association State
D/wpa_supplicant( 2790): WPS:  * Configuration Error (0)
D/wpa_supplicant( 2790): WPS:  * Device Password ID (0)
D/wpa_supplicant( 2790): WPS:  * Manufacturer
D/wpa_supplicant( 2790): WPS:  * Model Name
D/wpa_supplicant( 2790): WPS:  * Model Number
D/wpa_supplicant( 2790): WPS:  * Device Name
D/wpa_supplicant( 2790): WPS:  * Version2 (0x20)
D/wpa_supplicant( 2790): P2P: * P2P IE header
D/wpa_supplicant( 2790): P2P: * Capability dev=23 group=00
D/wpa_supplicant( 2790): P2P: * Listen Channel: Regulatory Class 81 Channel 11
E/wpa_supplicant( 2790): nl80211: Scan SSID - hexdump_ascii(len=0): [NULL]
E/wpa_supplicant( 2790): nl80211: Scan extra IEs - hexdump_ascii(len=151):
E/wpa_supplicant( 2790):      dd 82 00 50 f2 04 10 4a 00 01 10 10 3a 00 01 00   __P__J____:___
E/wpa_supplicant( 2790):      10 08 00 02 23 88 10 47 00 10 6a 1b 4f 09 96 57   ____#__G__j_O__W
E/wpa_supplicant( 2790):      53 d0 a7 88 c7 83 cf ae e9 a5 10 54 00 08 00 00   SЧ__Ϯ_T____
E/wpa_supplicant( 2790):      00 00 00 00 00 00 10 3c 00 01 01 10 02 00 02 00   _______<________
E/wpa_supplicant( 2790):      00 10 09 00 02 00 00 10 12 00 02 00 00 10 21 00   ______________!_
E/wpa_supplicant( 2790):      04 53 6f 6e 79 10 23 00 0f 4c 54 32 32 69 5f 31   _Sony_#__LT22i_1
E/wpa_supplicant( 2790):      32 36 31 2d 38 32 35 38 10 24 00 05 4c 54 32 32   261-8258_$__LT22
E/wpa_supplicant( 2790):      69 10 11 00 05 4c 54 32 32 69 10 49 00 06 00 37   i____LT22i_I___7
E/wpa_supplicant( 2790):      2a 00 01 20 dd 11 50 6f 9a 09 02 02 00 23 00 06   *__ _Po_____#__
E/wpa_supplicant( 2790):      05 00 58 58 04 51 0b                              __XX_Q_         
D/wpa_supplicant( 2790): Scan requested (ret=0) - scan timeout 30 seconds
D/wpa_supplicant( 2790): nl80211: Event message available
D/wpa_supplicant( 2790): nl80211: Scan trigger
D/wpa_supplicant( 2790): nl80211: Event message available
D/wpa_supplicant( 2790): nl80211: New scan results available
D/wpa_supplicant( 2790): wlan0: Event 3 received on interface wlan0
D/wpa_supplicant( 2790): nl80211: Associated on 2457 MHz
D/wpa_supplicant( 2790): Received scan results (6 BSSes)
D/wpa_supplicant( 2790): nl80211: Scan results indicate BSS status with 00:1f:f3:c3:20:f0 as associated
D/wpa_supplicant( 2790): wlan0: BSS: Start scan result update 74
D/wpa_supplicant( 2790): wlan0: BSS: Expire BSS 4 due to no match in scan
D/wpa_supplicant( 2790): wlan0: BSS: Remove id 4 BSSID 1c:b1:7f:81:2f:66 SSID 'SY_AP_nomap'
E/wpa_supplicant( 2790): CTRL_IFACE monitor send - hexdump(len=41): 2f 64 61 74 61 2f 6d 69 73 63 2f 77 69 66 69 2f 73 6f 63 6b 65 74 73 2f 77 70 61 5f 63 74 72 6c 5f 32 31 30 34 2d 31 34 00
D/wpa_supplicant( 2790): wlan0: New scan results available
E/wpa_supplicant( 2790): CTRL_IFACE monitor send - hexdump(len=41): 2f 64 61 74 61 2f 6d 69 73 63 2f 77 69 66 69 2f 73 6f 63 6b 65 74 73 2f 77 70 61 5f 63 74 72 6c 5f 32 31 30 34 2d 31 34 00
D/wpa_supplicant( 2790): wlan0: Checking for other virtual interfaces sharing same radio (phy0) in event_scan_results
E/wpa_supplicant( 2790): RX ctrl_iface - hexdump_ascii(len=9):
E/wpa_supplicant( 2790):      41 50 5f 53 43 41 4e 20 31                        AP_SCAN 1       
D/wpa_supplicant( 2790): Command received: AP_SCAN 1
E/wpa_supplicant( 2790): RX ctrl_iface - hexdump_ascii(len=12):
E/wpa_supplicant( 2790):      53 43 41 4e 5f 52 45 53 55 4c 54 53               SCAN_RESULTS    
D/wpa_supplicant( 2790): Command received: SCAN_RESULTS
E/wpa_supplicant( 2790): RX ctrl_iface - hexdump_ascii(len=22):
E/wpa_supplicant( 2790):      44 52 49 56 45 52 20 53 45 54 53 55 53 50 45 4e   DRIVER SETSUSPEN
E/wpa_supplicant( 2790):      44 4f 50 54 20 30                                 DOPT 0          
D/wpa_supplicant( 2790): Command received: DRIVER SETSUSPENDOPT 0
E/WifiStateMachine( 2104): set suspend optimizations failed!
E/wpa_supplicant( 2790): RX ctrl_iface - hexdump_ascii(len=18):
E/wpa_supplicant( 2790):      44 52 49 56 45 52 20 50 4f 57 45 52 4d 4f 44 45   DRIVER POWERMODE
E/wpa_supplicant( 2790):      20 30                                              0              
D/wpa_supplicant( 2790): Command received: DRIVER POWERMODE 0
E/wpa_supplicant( 2790): RX ctrl_iface - hexdump_ascii(len=11):
E/wpa_supplicant( 2790):      53 49 47 4e 41 4c 5f 50 4f 4c 4c                  SIGNAL_POLL     
D/wpa_supplicant( 2790): Command received: SIGNAL_POLL
D/wpa_supplicant( 2790): nl80211: survey data missing!
E/wpa_supplicant( 2790): RX ctrl_iface - hexdump_ascii(len=11):
E/wpa_supplicant( 2790):      53 49 47 4e 41 4c 5f 50 4f 4c 4c                  SIGNAL_POLL     
D/wpa_supplicant( 2790): Command received: SIGNAL_POLL
D/wpa_supplicant( 2790): nl80211: survey data missing!
E/wpa_supplicant( 2790): RX ctrl_iface - hexdump_ascii(len=11):
E/wpa_supplicant( 2790):      53 49 47 4e 41 4c 5f 50 4f 4c 4c                  SIGNAL_POLL     
D/wpa_supplicant( 2790): Command received: SIGNAL_POLL
D/wpa_supplicant( 2790): nl80211: survey data missing!
E/wpa_supplicant( 2790): RX ctrl_iface - hexdump_ascii(len=11):
E/wpa_supplicant( 2790):      53 49 47 4e 41 4c 5f 50 4f 4c 4c                  SIGNAL_POLL     
D/wpa_supplicant( 2790): Command received: SIGNAL_POLL
D/wpa_supplicant( 2790): nl80211: survey data missing!
E/wpa_supplicant( 2790): RX ctrl_iface - hexdump_ascii(len=11):
E/wpa_supplicant( 2790):      53 49 47 4e 41 4c 5f 50 4f 4c 4c                  SIGNAL_POLL     
D/wpa_supplicant( 2790): Command received: SIGNAL_POLL
D/wpa_supplicant( 2790): nl80211: survey data missing!
E/wpa_supplicant( 2790): RX ctrl_iface - hexdump_ascii(len=11):
E/wpa_supplicant( 2790):      53 49 47 4e 41 4c 5f 50 4f 4c 4c                  SIGNAL_POLL     
D/wpa_supplicant( 2790): Command received: SIGNAL_POLL
D/wpa_supplicant( 2790): nl80211: survey data missing!
E/wpa_supplicant( 2790): RX ctrl_iface - hexdump_ascii(len=11):
E/wpa_supplicant( 2790):      53 49 47 4e 41 4c 5f 50 4f 4c 4c                  SIGNAL_POLL     
D/wpa_supplicant( 2790): Command received: SIGNAL_POLL
D/wpa_supplicant( 2790): nl80211: survey data missing!
E/wpa_supplicant( 2790): RX ctrl_iface - hexdump_ascii(len=22):
E/wpa_supplicant( 2790):      44 52 49 56 45 52 20 53 45 54 53 55 53 50 45 4e   DRIVER SETSUSPEN
E/wpa_supplicant( 2790):      44 4f 50 54 20 30                                 DOPT 0          
D/wpa_supplicant( 2790): Command received: DRIVER SETSUSPENDOPT 0
E/WifiStateMachine( 2104): set suspend optimizations failed!
E/wpa_supplicant( 2790): RX ctrl_iface - hexdump_ascii(len=18):
E/wpa_supplicant( 2790):      44 52 49 56 45 52 20 50 4f 57 45 52 4d 4f 44 45   DRIVER POWERMODE
E/wpa_supplicant( 2790):      20 30                                              0              
D/wpa_supplicant( 2790): Command received: DRIVER POWERMODE 0
E/wpa_supplicant( 2790): RX ctrl_iface - hexdump_ascii(len=22):
E/wpa_supplicant( 2790):      44 52 49 56 45 52 20 53 45 54 53 55 53 50 45 4e   DRIVER SETSUSPEN
E/wpa_supplicant( 2790):      44 4f 50 54 20 30                                 DOPT 0          
D/wpa_supplicant( 2790): Command received: DRIVER SETSUSPENDOPT 0
E/WifiStateMachine( 2104): set suspend optimizations failed!
E/wpa_supplicant( 2790): RX ctrl_iface - hexdump_ascii(len=18):
E/wpa_supplicant( 2790):      44 52 49 56 45 52 20 50 4f 57 45 52 4d 4f 44 45   DRIVER POWERMODE
E/wpa_supplicant( 2790):      20 30                                              0              
D/wpa_supplicant( 2790): Command received: DRIVER POWERMODE 0
E/wpa_supplicant( 2790): RX ctrl_iface - hexdump_ascii(len=11):
E/wpa_supplicant( 2790):      53 49 47 4e 41 4c 5f 50 4f 4c 4c                  SIGNAL_POLL     
D/wpa_supplicant( 2790): Command received: SIGNAL_POLL
D/wpa_supplicant( 2790): nl80211: survey data missing!
E/wpa_supplicant( 2790): RX ctrl_iface - hexdump_ascii(len=11):
E/wpa_supplicant( 2790):      53 49 47 4e 41 4c 5f 50 4f 4c 4c                  SIGNAL_POLL     
D/wpa_supplicant( 2790): Command received: SIGNAL_POLL
D/wpa_supplicant( 2790): nl80211: survey data missing!
D/androidNetworkLocationListeners( 2895): Still have listener com.google.android.location.internal.client.NetworkLocationClient$1@413e9a48
D/androidNetworkLocationListeners( 2895): Still have listener com.google.android.location.internal.client.NetworkLocationClient$1@413e9a48
E/wpa_supplicant( 2790): RX ctrl_iface - hexdump_ascii(len=22):
E/wpa_supplicant( 2790):      44 52 49 56 45 52 20 53 45 54 53 55 53 50 45 4e   DRIVER SETSUSPEN
E/wpa_supplicant( 2790):      44 4f 50 54 20 30                                 DOPT 0          
D/wpa_supplicant( 2790): Command received: DRIVER SETSUSPENDOPT 0
E/WifiStateMachine( 2104): set suspend optimizations failed!
E/wpa_supplicant( 2790): RX ctrl_iface - hexdump_ascii(len=18):
E/wpa_supplicant( 2790):      44 52 49 56 45 52 20 50 4f 57 45 52 4d 4f 44 45   DRIVER POWERMODE
E/wpa_supplicant( 2790):      20 30                                              0              
D/wpa_supplicant( 2790): Command received: DRIVER POWERMODE 0
E/wpa_supplicant( 2790): RX ctrl_iface - hexdump_ascii(len=9):
E/wpa_supplicant( 2790):      41 50 5f 53 43 41 4e 20 32                        AP_SCAN 2       
D/wpa_supplicant( 2790): Command received: AP_SCAN 2
E/wpa_supplicant( 2790): RX ctrl_iface - hexdump_ascii(len=4):
E/wpa_supplicant( 2790):      53 43 41 4e                                       SCAN            
D/wpa_supplicant( 2790): Command received: SCAN
D/wpa_supplicant( 2790): wlan0: P2P: Stopping find
D/wpa_supplicant( 2790): wlan0: P2P: Clear timeout (state=IDLE)
D/wpa_supplicant( 2790): wlan0: P2P: State IDLE -> IDLE
D/wpa_supplicant( 2790): wlan0: Setting scan request: 0 sec 0 usec
D/wpa_supplicant( 2790): wlan0: Starting AP scan for wildcard SSID
D/wpa_supplicant( 2790): WPS: Building WPS IE for Probe Request
D/wpa_supplicant( 2790): WPS:  * Version (hardcoded 0x10)
D/wpa_supplicant( 2790): WPS:  * Request Type
D/wpa_supplicant( 2790): WPS:  * Config Methods (2388)
D/wpa_supplicant( 2790): WPS:  * UUID-E
D/wpa_supplicant( 2790): WPS:  * Primary Device Type
D/wpa_supplicant( 2790): WPS:  * RF Bands (1)
D/wpa_supplicant( 2790): WPS:  * Association State
D/wpa_supplicant( 2790): WPS:  * Configuration Error (0)
D/wpa_supplicant( 2790): WPS:  * Device Password ID (0)
D/wpa_supplicant( 2790): WPS:  * Manufacturer
D/wpa_supplicant( 2790): WPS:  * Model Name
D/wpa_supplicant( 2790): WPS:  * Model Number
D/wpa_supplicant( 2790): WPS:  * Device Name
D/wpa_supplicant( 2790): WPS:  * Version2 (0x20)
D/wpa_supplicant( 2790): P2P: * P2P IE header
D/wpa_supplicant( 2790): P2P: * Capability dev=23 group=00
D/wpa_supplicant( 2790): P2P: * Listen Channel: Regulatory Class 81 Channel 11
E/wpa_supplicant( 2790): nl80211: Scan SSID - hexdump_ascii(len=0): [NULL]
E/wpa_supplicant( 2790): nl80211: Scan extra IEs - hexdump_ascii(len=151):
E/wpa_supplicant( 2790):      dd 82 00 50 f2 04 10 4a 00 01 10 10 3a 00 01 00   __P__J____:___
E/wpa_supplicant( 2790):      10 08 00 02 23 88 10 47 00 10 6a 1b 4f 09 96 57   ____#__G__j_O__W
E/wpa_supplicant( 2790):      53 d0 a7 88 c7 83 cf ae e9 a5 10 54 00 08 00 00   SЧ__Ϯ_T____
E/wpa_supplicant( 2790):      00 00 00 00 00 00 10 3c 00 01 01 10 02 00 02 00   _______<________
E/wpa_supplicant( 2790):      00 10 09 00 02 00 00 10 12 00 02 00 00 10 21 00   ______________!_
E/wpa_supplicant( 2790):      04 53 6f 6e 79 10 23 00 0f 4c 54 32 32 69 5f 31   _Sony_#__LT22i_1
E/wpa_supplicant( 2790):      32 36 31 2d 38 32 35 38 10 24 00 05 4c 54 32 32   261-8258_$__LT22
E/wpa_supplicant( 2790):      69 10 11 00 05 4c 54 32 32 69 10 49 00 06 00 37   i____LT22i_I___7
E/wpa_supplicant( 2790):      2a 00 01 20 dd 11 50 6f 9a 09 02 02 00 23 00 06   *__ _Po_____#__
E/wpa_supplicant( 2790):      05 00 58 58 04 51 0b                              __XX_Q_         
D/wpa_supplicant( 2790): Scan requested (ret=0) - scan timeout 30 seconds
E/wpa_supplicant( 2790): RX ctrl_iface - hexdump_ascii(len=9):
E/wpa_supplicant( 2790):      41 50 5f 53 43 41 4e 20 32                        AP_SCAN 2       
D/wpa_supplicant( 2790): Command received: AP_SCAN 2
D/wpa_supplicant( 2790): nl80211: Event message available
D/wpa_supplicant( 2790): nl80211: Scan trigger
E/wpa_supplicant( 2790): RX ctrl_iface - hexdump_ascii(len=4):
E/wpa_supplicant( 2790):      53 43 41 4e                                       SCAN            
D/wpa_supplicant( 2790): Command received: SCAN
D/wpa_supplicant( 2790): Ongoing scan action - reject new request
E/wpa_supplicant( 2790): RX ctrl_iface - hexdump_ascii(len=11):
E/wpa_supplicant( 2790):      53 49 47 4e 41 4c 5f 50 4f 4c 4c                  SIGNAL_POLL     
D/wpa_supplicant( 2790): Command received: SIGNAL_POLL
D/wpa_supplicant( 2790): nl80211: survey data missing!
D/wpa_supplicant( 2790): nl80211: Event message available
D/wpa_supplicant( 2790): nl80211: New scan results available
D/wpa_supplicant( 2790): wlan0: Event 3 received on interface wlan0
D/wpa_supplicant( 2790): nl80211: Associated on 2457 MHz
D/wpa_supplicant( 2790): Received scan results (7 BSSes)
D/wpa_supplicant( 2790): nl80211: Scan results indicate BSS status with 00:1f:f3:c3:20:f0 as associated
D/wpa_supplicant( 2790): wlan0: BSS: Start scan result update 75
D/wpa_supplicant( 2790): wlan0: BSS: Add new id 17 BSSID 1c:b1:7f:81:2f:66 SSID 'SY_AP_nomap'
E/wpa_supplicant( 2790): CTRL_IFACE monitor send - hexdump(len=41): 2f 64 61 74 61 2f 6d 69 73 63 2f 77 69 66 69 2f 73 6f 63 6b 65 74 73 2f 77 70 61 5f 63 74 72 6c 5f 32 31 30 34 2d 31 34 00
D/wpa_supplicant( 2790): wlan0: New scan results available
E/wpa_supplicant( 2790): CTRL_IFACE monitor send - hexdump(len=41): 2f 64 61 74 61 2f 6d 69 73 63 2f 77 69 66 69 2f 73 6f 63 6b 65 74 73 2f 77 70 61 5f 63 74 72 6c 5f 32 31 30 34 2d 31 34 00
D/wpa_supplicant( 2790): wlan0: Checking for other virtual interfaces sharing same radio (phy0) in event_scan_results
E/wpa_supplicant( 2790): RX ctrl_iface - hexdump_ascii(len=9):
E/wpa_supplicant( 2790):      41 50 5f 53 43 41 4e 20 31                        AP_SCAN 1       
D/wpa_supplicant( 2790): Command received: AP_SCAN 1
E/wpa_supplicant( 2790): RX ctrl_iface - hexdump_ascii(len=12):
E/wpa_supplicant( 2790):      53 43 41 4e 5f 52 45 53 55 4c 54 53               SCAN_RESULTS    
D/wpa_supplicant( 2790): Command received: SCAN_RESULTS
D/CellLocator( 2895): Primary cell miss in cache. Need server request.
I/System.out( 2895): [INFO:1087159]: LogSource: Running flush
D/androidNetworkLocationListeners( 2895): Still have listener com.google.android.location.internal.client.NetworkLocationClient$1@413e9a48
E/wpa_supplicant( 2790): RX ctrl_iface - hexdump_ascii(len=9):
E/wpa_supplicant( 2790):      41 50 5f 53 43 41 4e 20 32                        AP_SCAN 2       
D/wpa_supplicant( 2790): Command received: AP_SCAN 2
E/wpa_supplicant( 2790): RX ctrl_iface - hexdump_ascii(len=4):
E/wpa_supplicant( 2790):      53 43 41 4e                                       SCAN            
D/wpa_supplicant( 2790): Command received: SCAN
D/wpa_supplicant( 2790): wlan0: P2P: Stopping find
D/wpa_supplicant( 2790): wlan0: P2P: Clear timeout (state=IDLE)
D/wpa_supplicant( 2790): wlan0: P2P: State IDLE -> IDLE
D/wpa_supplicant( 2790): wlan0: Setting scan request: 0 sec 0 usec
D/wpa_supplicant( 2790): wlan0: Starting AP scan for wildcard SSID
D/wpa_supplicant( 2790): WPS: Building WPS IE for Probe Request
D/wpa_supplicant( 2790): WPS:  * Version (hardcoded 0x10)
D/wpa_supplicant( 2790): WPS:  * Request Type
D/wpa_supplicant( 2790): WPS:  * Config Methods (2388)
D/wpa_supplicant( 2790): WPS:  * UUID-E
D/wpa_supplicant( 2790): WPS:  * Primary Device Type
D/wpa_supplicant( 2790): WPS:  * RF Bands (1)
D/wpa_supplicant( 2790): WPS:  * Association State
D/wpa_supplicant( 2790): WPS:  * Configuration Error (0)
D/wpa_supplicant( 2790): WPS:  * Device Password ID (0)
D/wpa_supplicant( 2790): WPS:  * Manufacturer
D/wpa_supplicant( 2790): WPS:  * Model Name
D/wpa_supplicant( 2790): WPS:  * Model Number
D/wpa_supplicant( 2790): WPS:  * Device Name
D/wpa_supplicant( 2790): WPS:  * Version2 (0x20)
D/wpa_supplicant( 2790): P2P: * P2P IE header
D/wpa_supplicant( 2790): P2P: * Capability dev=23 group=00
D/wpa_supplicant( 2790): P2P: * Listen Channel: Regulatory Class 81 Channel 11
E/wpa_supplicant( 2790): nl80211: Scan SSID - hexdump_ascii(len=0): [NULL]
E/wpa_supplicant( 2790): nl80211: Scan extra IEs - hexdump_ascii(len=151):
E/wpa_supplicant( 2790):      dd 82 00 50 f2 04 10 4a 00 01 10 10 3a 00 01 00   __P__J____:___
E/wpa_supplicant( 2790):      10 08 00 02 23 88 10 47 00 10 6a 1b 4f 09 96 57   ____#__G__j_O__W
E/wpa_supplicant( 2790):      53 d0 a7 88 c7 83 cf ae e9 a5 10 54 00 08 00 00   SЧ__Ϯ_T____
E/wpa_supplicant( 2790):      00 00 00 00 00 00 10 3c 00 01 01 10 02 00 02 00   _______<________
E/wpa_supplicant( 2790):      00 10 09 00 02 00 00 10 12 00 02 00 00 10 21 00   ______________!_
E/wpa_supplicant( 2790):      04 53 6f 6e 79 10 23 00 0f 4c 54 32 32 69 5f 31   _Sony_#__LT22i_1
E/wpa_supplicant( 2790):      32 36 31 2d 38 32 35 38 10 24 00 05 4c 54 32 32   261-8258_$__LT22
E/wpa_supplicant( 2790):      69 10 11 00 05 4c 54 32 32 69 10 49 00 06 00 37   i____LT22i_I___7
E/wpa_supplicant( 2790):      2a 00 01 20 dd 11 50 6f 9a 09 02 02 00 23 00 06   *__ _Po_____#__
E/wpa_supplicant( 2790):      05 00 58 58 04 51 0b                              __XX_Q_         
D/wpa_supplicant( 2790): Scan requested (ret=0) - scan timeout 30 seconds
D/wpa_supplicant( 2790): nl80211: Event message available
D/wpa_supplicant( 2790): nl80211: Scan trigger
I/System.out( 2895): [INFO:1087251]: LogSource: Sending payload [bytes=544]
D/dalvikvm( 2895): GC_CONCURRENT freed 1748K, 17% free 10133K/12131K, paused 5ms+12ms
D/wpa_supplicant( 2790): nl80211: Event message available
D/wpa_supplicant( 2790): nl80211: New scan results available
D/wpa_supplicant( 2790): wlan0: Event 3 received on interface wlan0
D/wpa_supplicant( 2790): nl80211: Associated on 2457 MHz
D/wpa_supplicant( 2790): Received scan results (7 BSSes)
D/wpa_supplicant( 2790): nl80211: Scan results indicate BSS status with 00:1f:f3:c3:20:f0 as associated
D/wpa_supplicant( 2790): wlan0: BSS: Start scan result update 76
D/wpa_supplicant( 2790): wlan0: New scan results available
E/wpa_supplicant( 2790): CTRL_IFACE monitor send - hexdump(len=41): 2f 64 61 74 61 2f 6d 69 73 63 2f 77 69 66 69 2f 73 6f 63 6b 65 74 73 2f 77 70 61 5f 63 74 72 6c 5f 32 31 30 34 2d 31 34 00
D/wpa_supplicant( 2790): wlan0: Checking for other virtual interfaces sharing same radio (phy0) in event_scan_results
E/wpa_supplicant( 2790): RX ctrl_iface - hexdump_ascii(len=9):
E/wpa_supplicant( 2790):      41 50 5f 53 43 41 4e 20 31                        AP_SCAN 1       
D/wpa_supplicant( 2790): Command received: AP_SCAN 1
E/wpa_supplicant( 2790): RX ctrl_iface - hexdump_ascii(len=12):
E/wpa_supplicant( 2790):      53 43 41 4e 5f 52 45 53 55 4c 54 53               SCAN_RESULTS    
D/wpa_supplicant( 2790): Command received: SCAN_RESULTS
D/CellLocator( 2895): Primary cell miss in cache. Need server request.
E/wpa_supplicant( 2790): RX ctrl_iface - hexdump_ascii(len=22):
E/wpa_supplicant( 2790):      44 52 49 56 45 52 20 53 45 54 53 55 53 50 45 4e   DRIVER SETSUSPEN
E/wpa_supplicant( 2790):      44 4f 50 54 20 30                                 DOPT 0          
D/wpa_supplicant( 2790): Command received: DRIVER SETSUSPENDOPT 0
E/WifiStateMachine( 2104): set suspend optimizations failed!
E/wpa_supplicant( 2790): RX ctrl_iface - hexdump_ascii(len=18):
E/wpa_supplicant( 2790):      44 52 49 56 45 52 20 50 4f 57 45 52 4d 4f 44 45   DRIVER POWERMODE
E/wpa_supplicant( 2790):      20 30                                              0              
D/wpa_supplicant( 2790): Command received: DRIVER POWERMODE 0
D/dalvikvm( 4943): GC_CONCURRENT freed 1207K, 12% free 9674K/10979K, paused 10ms+22ms
I/System.out( 2895): [INFO:1087792]: LogSource: Response [http=200,length=318]
I/System.out( 2895): [INFO:1087794]: LogSource: Read id 1, status code 200
D/WifiLocator( 2895): Too many no-location APs. Will not compute a location nor go to the server. hasLocation=0 noLocation=0 cacheMiss=0
E/wpa_supplicant( 2790): RX ctrl_iface - hexdump_ascii(len=11):
E/wpa_supplicant( 2790):      53 49 47 4e 41 4c 5f 50 4f 4c 4c                  SIGNAL_POLL     
D/wpa_supplicant( 2790): Command received: SIGNAL_POLL
D/wpa_supplicant( 2790): nl80211: survey data missing!
E/wpa_supplicant( 2790): RX ctrl_iface - hexdump_ascii(len=11):
E/wpa_supplicant( 2790):      53 49 47 4e 41 4c 5f 50 4f 4c 4c                  SIGNAL_POLL     
D/wpa_supplicant( 2790): Command received: SIGNAL_POLL
D/wpa_supplicant( 2790): nl80211: survey data missing!
E/wpa_supplicant( 2790): RX ctrl_iface - hexdump_ascii(len=11):
E/wpa_supplicant( 2790):      53 49 47 4e 41 4c 5f 50 4f 4c 4c                  SIGNAL_POLL     
D/wpa_supplicant( 2790): Command received: SIGNAL_POLL
D/wpa_supplicant( 2790): nl80211: survey data missing!
E/wpa_supplicant( 2790): RX ctrl_iface - hexdump_ascii(len=11):
E/wpa_supplicant( 2790):      53 49 47 4e 41 4c 5f 50 4f 4c 4c                  SIGNAL_POLL     
D/wpa_supplicant( 2790): Command received: SIGNAL_POLL
D/wpa_supplicant( 2790): nl80211: survey data missing!
E/wpa_supplicant( 2790): RX ctrl_iface - hexdump_ascii(len=11):
E/wpa_supplicant( 2790):      53 49 47 4e 41 4c 5f 50 4f 4c 4c                  SIGNAL_POLL     
D/wpa_supplicant( 2790): Command received: SIGNAL_POLL
D/wpa_supplicant( 2790): nl80211: survey data missing!
E/wpa_supplicant( 2790): RX ctrl_iface - hexdump_ascii(len=11):
E/wpa_supplicant( 2790):      53 49 47 4e 41 4c 5f 50 4f 4c 4c                  SIGNAL_POLL     
D/wpa_supplicant( 2790): Command received: SIGNAL_POLL
D/wpa_supplicant( 2790): nl80211: survey data missing!
E/wpa_supplicant( 2790): RX ctrl_iface - hexdump_ascii(len=11):
E/wpa_supplicant( 2790):      53 49 47 4e 41 4c 5f 50 4f 4c 4c                  SIGNAL_POLL     
D/wpa_supplicant( 2790): Command received: SIGNAL_POLL
D/wpa_supplicant( 2790): nl80211: survey data missing!
I/power   ( 2104): *** set_screen_state 0
D/libhdmi ( 2104): fb is sleeping!
D/SurfaceFlinger( 1572): About to give-up screen, flinger = 0x19919f0
E/libEGL  ( 1572): validate_display:188 error 3008 (EGL_BAD_DISPLAY)
E/MAD     ( 2045): mad_at_handler_send_FD: Inside mad_at_handler_send_FD and the command is: AT*EHSTACT=2
E/MAD     ( 2045): mad_at_handler_send_FD: Got error response: 
E/MAD     ( 2045): OK
D/SurfaceFlinger( 1572): screenshot: sw=180, sh=320, minZ=0, maxZ=21010
D/PhoneLockJNI( 2104): miscta_read_ta_phone_lock() = 1
D/PhoneLockJNI( 2104): miscta_read_ta_phone_lock() = 1
D/UnlockScreen( 2104): portrait mode
V/TransportControlView( 2104): Create TCV com.android.internal.widget.TransportControlView@413c9720
D/dalvikvm( 2104): GC_FOR_ALLOC freed 616K, 12% free 19734K/22243K, paused 131ms
I/ActivityManager( 2104): START {flg=0x34840000 cmp=com.teslacoilsw.widgetlocker/.WidgetLocker (has extras)} from pid 8172
D/PhoneStatusBar( 2814): disable: < EXPAND* icons alerts TICKER* system_info back home RECENT* clock >
D/ADM     ( 1597):    devset:414    STATUS Open device 'Speaker', 44100 Hz, format=2, 3 x 6144 bytes bufs
I/libblt_hw( 1572): Library opened (handle = 0, fd = 36)
I/libblt_hw( 1572): Library opened (handle = 5, fd = 37)
D/libEGL  ( 8172): loaded /system/lib/egl/libGLES_android.so
D/libEGL  ( 8172): loaded /system/lib/egl/libEGL_mali.so
D/libEGL  ( 8172): loaded /system/lib/egl/libGLESv1_CM_mali.so
D/libEGL  ( 8172): loaded /system/lib/egl/libGLESv2_mali.so
D/OpenGLRenderer( 8172): Enabling debug mode 0
W/ActivityManager( 2104): Unable to start service Intent { act=com.extscreen.service }: not found
W/ActivityManager( 2104): Unable to start service Intent { act=com.extscreen.service }: not found
D/TextLayoutCache( 8172): Using debug level: 0 - Debug Enabled: 0
I/ActivityManager( 2104): Displayed com.teslacoilsw.widgetlocker/.WidgetLocker: +486ms
W/SQLiteDatabase( 8172): don't lock() while in a synchronized method
W/SQLiteDatabase( 8172): don't lock() while in a synchronized method
D/dalvikvm( 3279): GC_CONCURRENT freed 5861K, 25% free 18802K/24803K, paused 2ms+86ms
D/dalvikvm( 8172): GC_FOR_ALLOC freed 814K, 9% free 9767K/10723K, paused 21ms
W/SQLiteDatabase( 8172): don't lock() while in a synchronized method
W/SQLiteDatabase( 8172): don't lock() while in a synchronized method
D/dalvikvm( 8172): GC_FOR_ALLOC freed 11K, 8% free 10866K/11747K, paused 21ms
I/libblt_hw( 1572): Library closed (handle = 0, fd = 36)
E/ENSWrapper( 1597): return OMX_ErrorNotImplemented - GetExtensionIndex OMX.ST.AFM.pcmprocessing.transducer_equalizer h=0x01025090  cParameterName=STE.ADM IndexType=unknown OMX_INDEXTYPE [ 0x00000002 ]
I/RME     ( 1597): AudioLowPower::ENTER (AdmDetector)
I/RME     ( 1597): ALP enter postponed by 4000ms
D/ADM     ( 1597):    devset:588    STATUS API LEAVE: Opened new device 'Speaker', handle = 101
I/libblt_hw( 1572): Library opened (handle = 0, fd = 36)
D/libhdmi ( 2104): LCD going to sleep and plug state 0!
I/System.out( 3108): scheduled 1 gson: EssentialPersistence [isPhoneStateIdle=true, firedAlarmsCalendarIdAndEventList=[], totalCalendarRemindersOn=0, interval=180000, latestNotificationName=NONE, screenOffTime=1364839997427, notificationsOn={}]
E/NotificationService( 2104): Ignoring notification with icon==0: Notification(contentView=null vibrate=null,sound=null,defaults=0x0,flags=0x1)
I/ActivityManager( 2104): Start proc com.palmarysoft.customweatherpro for broadcast com.palmarysoft.customweatherpro/.appwidget.QuarteAppWidgetProvider: pid=8559 uid=10193 gids={3003, 1015}
I/dalvikvm( 8559): Turning on JNI app bug workarounds for target SDK version 10...
I/ActivityThread( 8559): Pub com.palmarysoft.customweatherpro: com.palmarysoft.customweatherpro.provider.CustomWeatherProvider
I/ActivityManager( 2104): No longer want com.sonyericsson.illumination.service (pid 8038): hidden #16
D/AndroidRuntime( 8573): 
D/AndroidRuntime( 8573): >>>>>> AndroidRuntime START com.android.internal.os.RuntimeInit <<<<<<
D/AndroidRuntime( 8573): CheckJNI is OFF
D/AndroidRuntime( 8573): Calling main entry com.android.commands.am.Am
I/libblt_hw( 1572): Library opened (handle = 8, fd = 47)
D/AndroidRuntime( 8573): Shutting down VM
D/dalvikvm( 8573): GC_CONCURRENT freed 99K, 89% free 488K/4096K, paused 0ms+1ms
W/IdleConnectionHandler( 5081): Removing a connection that never existed!
I/libblt_hw( 1572): Library closed (handle = 8, fd = 47)
D/ADM     ( 1597):    devset:282    STATUS Close device 'Speaker'
I/RME     ( 1597): AudioLowPower::EXIT (AdmDetector)
E/wpa_supplicant( 2790): RX ctrl_iface - hexdump_ascii(len=22):
E/wpa_supplicant( 2790):      44 52 49 56 45 52 20 53 45 54 53 55 53 50 45 4e   DRIVER SETSUSPEN
E/wpa_supplicant( 2790):      44 4f 50 54 20 30                                 DOPT 0          
D/wpa_supplicant( 2790): Command received: DRIVER SETSUSPENDOPT 0
E/WifiStateMachine( 2104): set suspend optimizations failed!
E/wpa_supplicant( 2790): RX ctrl_iface - hexdump_ascii(len=18):
E/wpa_supplicant( 2790):      44 52 49 56 45 52 20 50 4f 57 45 52 4d 4f 44 45   DRIVER POWERMODE
E/wpa_supplicant( 2790):      20 30                                              0              
D/wpa_supplicant( 2790): Command received: DRIVER POWERMODE 0
E/wpa_supplicant( 2790): RX ctrl_iface - hexdump_ascii(len=9):
E/wpa_supplicant( 2790):      41 50 5f 53 43 41 4e 20 32                        AP_SCAN 2       
D/wpa_supplicant( 2790): Command received: AP_SCAN 2
E/wpa_supplicant( 2790): RX ctrl_iface - hexdump_ascii(len=4):
E/wpa_supplicant( 2790):      53 43 41 4e                                       SCAN            
D/wpa_supplicant( 2790): Command received: SCAN
D/wpa_supplicant( 2790): wlan0: P2P: Stopping find
D/wpa_supplicant( 2790): wlan0: P2P: Clear timeout (state=IDLE)
D/wpa_supplicant( 2790): wlan0: P2P: State IDLE -> IDLE
D/wpa_supplicant( 2790): wlan0: Setting scan request: 0 sec 0 usec
D/wpa_supplicant( 2790): wlan0: Starting AP scan for wildcard SSID
D/wpa_supplicant( 2790): WPS: Building WPS IE for Probe Request
D/wpa_supplicant( 2790): WPS:  * Version (hardcoded 0x10)
D/wpa_supplicant( 2790): WPS:  * Request Type
D/wpa_supplicant( 2790): WPS:  * Config Methods (2388)
D/wpa_supplicant( 2790): WPS:  * UUID-E
D/wpa_supplicant( 2790): WPS:  * Primary Device Type
D/wpa_supplicant( 2790): WPS:  * RF Bands (1)
D/wpa_supplicant( 2790): WPS:  * Association State
D/wpa_supplicant( 2790): WPS:  * Configuration Error (0)
D/wpa_supplicant( 2790): WPS:  * Device Password ID (0)
D/wpa_supplicant( 2790): WPS:  * Manufacturer
D/wpa_supplicant( 2790): WPS:  * Model Name
D/wpa_supplicant( 2790): WPS:  * Model Number
D/wpa_supplicant( 2790): WPS:  * Device Name
D/wpa_supplicant( 2790): WPS:  * Version2 (0x20)
D/wpa_supplicant( 2790): P2P: * P2P IE header
D/wpa_supplicant( 2790): P2P: * Capability dev=23 group=00
D/wpa_supplicant( 2790): P2P: * Listen Channel: Regulatory Class 81 Channel 11
E/wpa_supplicant( 2790): nl80211: Scan SSID - hexdump_ascii(len=0): [NULL]
E/wpa_supplicant( 2790): nl80211: Scan extra IEs - hexdump_ascii(len=151):
E/wpa_supplicant( 2790):      dd 82 00 50 f2 04 10 4a 00 01 10 10 3a 00 01 00   __P__J____:___
E/wpa_supplicant( 2790):      10 08 00 02 23 88 10 47 00 10 6a 1b 4f 09 96 57   ____#__G__j_O__W
E/wpa_supplicant( 2790):      53 d0 a7 88 c7 83 cf ae e9 a5 10 54 00 08 00 00   SЧ__Ϯ_T____
E/wpa_supplicant( 2790):      00 00 00 00 00 00 10 3c 00 01 01 10 02 00 02 00   _______<________
E/wpa_supplicant( 2790):      00 10 09 00 02 00 00 10 12 00 02 00 00 10 21 00   ______________!_
E/wpa_supplicant( 2790):      04 53 6f 6e 79 10 23 00 0f 4c 54 32 32 69 5f 31   _Sony_#__LT22i_1
E/wpa_supplicant( 2790):      32 36 31 2d 38 32 35 38 10 24 00 05 4c 54 32 32   261-8258_$__LT22
E/wpa_supplicant( 2790):      69 10 11 00 05 4c 54 32 32 69 10 49 00 06 00 37   i____LT22i_I___7
E/wpa_supplicant( 2790):      2a 00 01 20 dd 11 50 6f 9a 09 02 02 00 23 00 06   *__ _Po_____#__
E/wpa_supplicant( 2790):      05 00 58 58 04 51 0b                              __XX_Q_         
D/wpa_supplicant( 2790): Scan requested (ret=0) - scan timeout 30 seconds
D/wpa_supplicant( 2790): nl80211: Event message available
D/wpa_supplicant( 2790): nl80211: Scan trigger
D/wpa_supplicant( 2790): nl80211: Event message available
D/wpa_supplicant( 2790): nl80211: New scan results available
D/wpa_supplicant( 2790): wlan0: Event 3 received on interface wlan0
D/wpa_supplicant( 2790): nl80211: Associated on 2457 MHz
D/wpa_supplicant( 2790): Received scan results (7 BSSes)
D/wpa_supplicant( 2790): nl80211: Scan results indicate BSS status with 00:1f:f3:c3:20:f0 as associated
D/wpa_supplicant( 2790): wlan0: BSS: Start scan result update 77
D/wpa_supplicant( 2790): wlan0: New scan results available
E/wpa_supplicant( 2790): CTRL_IFACE monitor send - hexdump(len=41): 2f 64 61 74 61 2f 6d 69 73 63 2f 77 69 66 69 2f 73 6f 63 6b 65 74 73 2f 77 70 61 5f 63 74 72 6c 5f 32 31 30 34 2d 31 34 00
D/wpa_supplicant( 2790): wlan0: Checking for other virtual interfaces sharing same radio (phy0) in event_scan_results
E/wpa_supplicant( 2790): RX ctrl_iface - hexdump_ascii(len=9):
E/wpa_supplicant( 2790):      41 50 5f 53 43 41 4e 20 31                        AP_SCAN 1       
D/wpa_supplicant( 2790): Command received: AP_SCAN 1
E/wpa_supplicant( 2790): RX ctrl_iface - hexdump_ascii(len=12):
E/wpa_supplicant( 2790):      53 43 41 4e 5f 52 45 53 55 4c 54 53               SCAN_RESULTS    
D/wpa_supplicant( 2790): Command received: SCAN_RESULTS
E/wpa_supplicant( 2790): RX ctrl_iface - hexdump_ascii(len=22):
E/wpa_supplicant( 2790):      44 52 49 56 45 52 20 53 45 54 53 55 53 50 45 4e   DRIVER SETSUSPEN
E/wpa_supplicant( 2790):      44 4f 50 54 20 30                                 DOPT 0          
D/wpa_supplicant( 2790): Command received: DRIVER SETSUSPENDOPT 0
E/WifiStateMachine( 2104): set suspend optimizations failed!
E/wpa_supplicant( 2790): RX ctrl_iface - hexdump_ascii(len=18):
E/wpa_supplicant( 2790):      44 52 49 56 45 52 20 50 4f 57 45 52 4d 4f 44 45   DRIVER POWERMODE
E/wpa_supplicant( 2790):      20 30                                              0              
D/wpa_supplicant( 2790): Command received: DRIVER POWERMODE 0
D/dalvikvm( 6924): GC_CONCURRENT freed 1829K, 17% free 10240K/12195K, paused 6ms+9ms
E/idd-api ( 2104): idd_add_event: send failed, socket 319, errcode -2 (No such file or directory)
E/idd-api ( 2104): idd_add_event: send failed, socket 282, errcode -2 (No such file or directory)
W/ProcessStats( 2104): Skipping unknown process pid 8637
E/idd-api ( 2104): idd_add_event: send failed, socket 319, errcode -2 (No such file or directory)
E/idd-api ( 2104): idd_add_event: send failed, socket 282, errcode -2 (No such file or directory)
D/dalvikvm( 3414): GC_CONCURRENT freed 1753K, 15% free 10538K/12387K, paused 5ms+9ms
E/idd-api ( 2104): idd_add_event: send failed, socket 319, errcode -2 (No such file or directory)
E/idd-api ( 2104): idd_add_event: send failed, socket 282, errcode -2 (No such file or directory)
E/wpa_supplicant( 2790): RX ctrl_iface - hexdump_ascii(len=22):
E/wpa_supplicant( 2790):      44 52 49 56 45 52 20 53 45 54 53 55 53 50 45 4e   DRIVER SETSUSPEN
E/wpa_supplicant( 2790):      44 4f 50 54 20 30                                 DOPT 0          
D/wpa_supplicant( 2790): Command received: DRIVER SETSUSPENDOPT 0
E/WifiStateMachine( 2104): set suspend optimizations failed!
E/wpa_supplicant( 2790): RX ctrl_iface - hexdump_ascii(len=18):
E/wpa_supplicant( 2790):      44 52 49 56 45 52 20 50 4f 57 45 52 4d 4f 44 45   DRIVER POWERMODE
