E/wpa_supplicant( 2790):      53 d0 a7 88 c7 83 cf ae e9 a5 10 54 00 08 00 00   SЧ__Ϯ_T____
E/wpa_supplicant( 2790):      00 00 00 00 00 00 10 3c 00 01 01 10 02 00 02 00   _______<________
E/wpa_supplicant( 2790):      00 10 09 00 02 00 00 10 12 00 02 00 00 10 21 00   ______________!_
E/wpa_supplicant( 2790):      04 53 6f 6e 79 10 23 00 0f 4c 54 32 32 69 5f 31   _Sony_#__LT22i_1
E/wpa_supplicant( 2790):      32 36 31 2d 38 32 35 38 10 24 00 05 4c 54 32 32   261-8258_$__LT22
E/wpa_supplicant( 2790):      69 10 11 00 05 4c 54 32 32 69 10 49 00 06 00 37   i____LT22i_I___7
E/wpa_supplicant( 2790):      2a 00 01 20 dd 11 50 6f 9a 09 02 02 00 23 00 06   *__ _Po_____#__
E/wpa_supplicant( 2790):      05 00 58 58 04 51 0b                              __XX_Q_         
D/wpa_supplicant( 2790): Scan requested (ret=0) - scan timeout 30 seconds
D/wpa_supplicant( 2790): nl80211: Event message available
D/wpa_supplicant( 2790): nl80211: Scan trigger
D/dalvikvm( 7759): GC_CONCURRENT freed 1363K, 13% free 10244K/11747K, paused 7ms+12ms
D/wpa_supplicant( 2790): nl80211: Event message available
D/wpa_supplicant( 2790): nl80211: New scan results available
D/wpa_supplicant( 2790): wlan0: Event 3 received on interface wlan0
D/wpa_supplicant( 2790): nl80211: Associated on 2457 MHz
D/wpa_supplicant( 2790): Received scan results (10 BSSes)
D/wpa_supplicant( 2790): nl80211: Scan results indicate BSS status with 00:1f:f3:c3:20:f0 as associated
D/wpa_supplicant( 2790): wlan0: BSS: Start scan result update 58
D/wpa_supplicant( 2790): wlan0: New scan results available
E/wpa_supplicant( 2790): CTRL_IFACE monitor send - hexdump(len=41): 2f 64 61 74 61 2f 6d 69 73 63 2f 77 69 66 69 2f 73 6f 63 6b 65 74 73 2f 77 70 61 5f 63 74 72 6c 5f 32 31 30 34 2d 31 34 00
D/wpa_supplicant( 2790): wlan0: Checking for other virtual interfaces sharing same radio (phy0) in event_scan_results
E/wpa_supplicant( 2790): RX ctrl_iface - hexdump_ascii(len=9):
E/wpa_supplicant( 2790):      41 50 5f 53 43 41 4e 20 31                        AP_SCAN 1       
D/wpa_supplicant( 2790): Command received: AP_SCAN 1
E/wpa_supplicant( 2790): RX ctrl_iface - hexdump_ascii(len=12):
E/wpa_supplicant( 2790):      53 43 41 4e 5f 52 45 53 55 4c 54 53               SCAN_RESULTS    
D/wpa_supplicant( 2790): Command received: SCAN_RESULTS
E/wpa_supplicant( 2790): RX ctrl_iface - hexdump_ascii(len=22):
E/wpa_supplicant( 2790):      44 52 49 56 45 52 20 53 45 54 53 55 53 50 45 4e   DRIVER SETSUSPEN
E/wpa_supplicant( 2790):      44 4f 50 54 20 30                                 DOPT 0          
D/wpa_supplicant( 2790): Command received: DRIVER SETSUSPENDOPT 0
E/WifiStateMachine( 2104): set suspend optimizations failed!
E/wpa_supplicant( 2790): RX ctrl_iface - hexdump_ascii(len=18):
E/wpa_supplicant( 2790):      44 52 49 56 45 52 20 50 4f 57 45 52 4d 4f 44 45   DRIVER POWERMODE
E/wpa_supplicant( 2790):      20 30                                              0              
D/wpa_supplicant( 2790): Command received: DRIVER POWERMODE 0
E/wpa_supplicant( 2790): RX ctrl_iface - hexdump_ascii(len=11):
E/wpa_supplicant( 2790):      53 49 47 4e 41 4c 5f 50 4f 4c 4c                  SIGNAL_POLL     
D/wpa_supplicant( 2790): Command received: SIGNAL_POLL
D/wpa_supplicant( 2790): nl80211: survey data missing!
E/wpa_supplicant( 2790): RX ctrl_iface - hexdump_ascii(len=11):
E/wpa_supplicant( 2790):      53 49 47 4e 41 4c 5f 50 4f 4c 4c                  SIGNAL_POLL     
D/wpa_supplicant( 2790): Command received: SIGNAL_POLL
D/wpa_supplicant( 2790): nl80211: survey data missing!
D/dalvikvm( 7759): GC_FOR_ALLOC freed 801K, 14% free 10200K/11747K, paused 35ms
I/dalvikvm-heap( 7759): Grow heap (frag case) to 11.698MB for 1723696-byte allocation
D/dalvikvm( 7759): GC_FOR_ALLOC freed 12K, 12% free 11871K/13475K, paused 26ms
D/dalvikvm( 7759): GC_FOR_ALLOC freed 44K, 13% free 11835K/13475K, paused 22ms
I/dalvikvm-heap( 7759): Grow heap (frag case) to 13.294MB for 1723696-byte allocation
D/dalvikvm( 7759): GC_FOR_ALLOC freed 0K, 12% free 13518K/15203K, paused 19ms
W/ActivityManager( 2104): Unable to start service Intent { act=com.extscreen.service }: not found
W/ActivityManager( 2104): Unable to start service Intent { act=com.extscreen.service }: not found
E/wpa_supplicant( 2790): RX ctrl_iface - hexdump_ascii(len=11):
E/wpa_supplicant( 2790):      53 49 47 4e 41 4c 5f 50 4f 4c 4c                  SIGNAL_POLL     
D/wpa_supplicant( 2790): Command received: SIGNAL_POLL
D/wpa_supplicant( 2790): nl80211: survey data missing!
D/SurfaceFlinger( 1572): screenshot: sw=180, sh=320, minZ=0, maxZ=21020
D/dalvikvm( 2104): GC_FOR_ALLOC freed 265K, 14% free 19184K/22243K, paused 122ms
I/libblt_hw( 1572): Library opened (handle = 0, fd = 23)
W/ActivityManager( 2104): Unable to start service Intent { act=com.extscreen.service }: not found
W/ActivityManager( 2104): Unable to start service Intent { act=com.extscreen.service }: not found
D/dalvikvm( 7759): GC_EXPLICIT freed 4108K, 31% free 10501K/15203K, paused 2ms+10ms
D/dalvikvm( 7759): GC_EXPLICIT freed 237K, 33% free 10280K/15203K, paused 2ms+8ms
D/dalvikvm( 7759): GC_EXPLICIT freed 47K, 33% free 10233K/15203K, paused 2ms+8ms
D/dalvikvm( 7759): GC_EXPLICIT freed 28K, 33% free 10229K/15203K, paused 1ms+5ms
I/libblt_hw( 1572): Library closed (handle = 5, fd = 36)
E/wpa_supplicant( 2790): RX ctrl_iface - hexdump_ascii(len=11):
E/wpa_supplicant( 2790):      53 49 47 4e 41 4c 5f 50 4f 4c 4c                  SIGNAL_POLL     
D/wpa_supplicant( 2790): Command received: SIGNAL_POLL
D/wpa_supplicant( 2790): nl80211: survey data missing!
I/ActivityManager( 2104): START {act=android.intent.action.MAIN cat=[android.intent.category.HOME] flg=0x10200000 cmp=com.teslacoilsw.launcher/com.android.launcher2.Launcher} from pid 2104
D/SurfaceFlinger( 1572): screenshot: sw=180, sh=320, minZ=0, maxZ=21015
D/dalvikvm( 2104): GC_FOR_ALLOC freed 174K, 14% free 19171K/22243K, paused 122ms
I/libblt_hw( 1572): Library opened (handle = 4, fd = 30)
W/ActivityManager( 2104): Unable to start service Intent { act=com.extscreen.service }: not found
W/ActivityManager( 2104): Unable to start service Intent { act=com.extscreen.service }: not found
I/ActivityManager( 2104): No longer want com.google.android.youtube (pid 6796): hidden #16
I/libblt_hw( 1572): Library closed (handle = 0, fd = 23)
E/wpa_supplicant( 2790): RX ctrl_iface - hexdump_ascii(len=11):
E/wpa_supplicant( 2790):      53 49 47 4e 41 4c 5f 50 4f 4c 4c                  SIGNAL_POLL     
D/wpa_supplicant( 2790): Command received: SIGNAL_POLL
D/wpa_supplicant( 2790): nl80211: survey data missing!
W/MTP-usbux.SdCard( 3004): Get sd card path failed
W/MTP-usbux.SdCard( 3004): Get sd card path failed
I/MTP-usbux.Class( 3004): Action = android.hardware.usb.action.USB_STATE
I/MTP-usbux.Class( 3004): Action = com.sonymobile.mtpwifi.MTP_STACK_MODE
I/MTP-usbux.UsbService( 3004): isOn=false
I/MTP-usbux.UsbService( 3004): wifiHostId=-1
I/MTP-usbux.UsbService( 3004): status=7
I/MTP-usbux.UsbService( 3004): hostName=
I/MTP-usbux.UsbService( 3004): bssId=00:1f:f3:c3:20:f0
D/dalvikvm( 2814): GC_CONCURRENT freed 2367K, 33% free 10724K/15971K, paused 3ms+4ms
I/UbuntuOneFiles( 4590): BatteryStatusReceiver: android.intent.action.BATTERY_CHANGED
D/SomcTransmitPowerBroadcastReceiver( 3124): Battery changed with Voltage: 4032 mV
D/SomcTransmitPowerBroadcastReceiver( 3124): Old PowerLevel: 4, current PowerLevel: 4
I/ActivityManager( 2104): Start proc com.sonyericsson.extras.liveware for broadcast com.sonyericsson.extras.liveware/.asf.EventReceiver: pid=7886 uid=10122 gids={3002, 3001, 3003, 1015}
D/SomcTransmitPowerBroadcastReceiver( 3124): Battery changed with Voltage: 4012 mV
D/SomcTransmitPowerBroadcastReceiver( 3124): Old PowerLevel: 4, current PowerLevel: 4
I/UbuntuOneFiles( 4590): BatteryStatusReceiver: Battery state: isPlugged false, isCharging false
I/UbuntuOneFiles( 4590): AutoUploadService: Settings allow auto-upload.
I/UbuntuOneFiles( 4590): BatteryStatusReceiver: android.intent.action.BATTERY_CHANGED
I/UbuntuOneFiles( 4590): BatteryStatusReceiver: Battery state: isPlugged false, isCharging false
I/UbuntuOneFiles( 4590): AutoUploadService: Settings allow auto-upload.
I/ActivityThread( 7886): Pub com.sonyericsson.extras.liveware.asf.experience: com.sonyericsson.extras.liveware.db.ExperienceProvider
E/dalvikvm( 7886): Could not find class 'android.test.IsolatedContext', referenced from method com.sonyericsson.extras.liveware.db.ExperienceDatabaseHelper.onUpgrade
W/dalvikvm( 7886): VFY: unable to resolve const-class 171 (Landroid/test/IsolatedContext;) in Lcom/sonyericsson/extras/liveware/db/ExperienceDatabaseHelper;
D/dalvikvm( 7886): VFY: replacing opcode 0x1c at 0x005c
I/ActivityThread( 7886): Pub com.sonyericsson.extras.liveware.aef.registration: com.sonyericsson.extras.liveware.aef.registration.provider.RegistrationProvider
I/ActivityThread( 7886): Pub com.sonymobile.smartconnect.internal.device: com.sonymobile.smartconnect.internal.SmartConnectProvider
I/ActivityThread( 7886): Pub com.sonyericsson.extras.liveware.aef.notification: com.sonyericsson.extras.liveware.aef.notification.provider.NotificationProvider
I/ActivityManager( 2104): Start proc com.sonyericsson.capabilities for broadcast com.sonyericsson.capabilities/.DefCapUpdaterReceiver: pid=7902 uid=10015 gids={1023, 1015}
D/DefCapUpdaterReceiver( 7902): onReceive Intent { act=android.intent.action.ACTION_POWER_DISCONNECTED flg=0x10000010 cmp=com.sonyericsson.capabilities/.DefCapUpdaterReceiver }
D/DefCapUpdaterService( 7902): onCreate
I/ActivityManager( 2104): Start proc com.sonyericsson.updatecenter for broadcast com.sonyericsson.updatecenter/.webupdate.launcher.FileUpdateServiceLauncher: pid=7917 uid=10105 gids={3003, 2001, 1015}
I/ActivityManager( 2104): Start proc com.sonyericsson.android.bootinfo:remote for service com.sonyericsson.android.bootinfo/.MiscTaService: pid=7930 uid=1000 gids={1015, 3002, 3001, 3003, 1006, 3007}
D/DefCapUpdaterService( 7902): onStartCommand
D/DefCapUpdaterService( 7902): handleMessage
D/DefCapUpdaterService( 7902): MediaScannerConnectionClient onMediaScannerConnected
E/DefCapUpdaterService( 7902): get storage Error type
E/DefCapUpdaterService( 7902): java.io.FileNotFoundException: No such storage volume
E/DefCapUpdaterService( 7902): 	at android.os.storage.StorageManager.getVolumePath(StorageManager.java:662)
E/DefCapUpdaterService( 7902): 	at com.sonyericsson.capabilities.DefCapUpdaterService$ServiceHandler.getMemoryCardPath(DefCapUpdaterService.java:604)
E/DefCapUpdaterService( 7902): 	at com.sonyericsson.capabilities.DefCapUpdaterService$ServiceHandler.doWrite(DefCapUpdaterService.java:582)
E/DefCapUpdaterService( 7902): 	at com.sonyericsson.capabilities.DefCapUpdaterService$ServiceHandler.handleMessage(DefCapUpdaterService.java:615)
E/DefCapUpdaterService( 7902): 	at android.os.Handler.dispatchMessage(Handler.java:99)
E/DefCapUpdaterService( 7902): 	at android.os.Looper.loop(Looper.java:137)
E/DefCapUpdaterService( 7902): 	at android.os.HandlerThread.run(HandlerThread.java:60)
D/DefCapUpdaterService( 7902): getInfo()
D/DefCapUpdaterService( 7902): mMiscService is NULL, wait until MiscTaServiceConnection return
D/dalvikvm( 7930): Trying to load lib /data/data/com.sonyericsson.android.bootinfo/lib/libMiscTaAccessor.so 0x413a25e8
D/dalvikvm( 7930): Added shared lib /data/data/com.sonyericsson.android.bootinfo/lib/libMiscTaAccessor.so 0x413a25e8
D/android.content.BroadcastReceiver( 7917): Charging receiver got broadcast: android.intent.action.ACTION_POWER_DISCONNECTED
D/DefCapUpdaterService( 7902): onServiceConnected() notify onCreate function return
D/DefCapUpdaterService( 7902): MiscTaServiceConnection return normally
I/ActivityManager( 2104): Start proc com.android.chrome for broadcast com.android.chrome/org.chromium.base.PowerStatusReceiver: pid=7944 uid=10009 gids={3003, 1015}
D/DefCapUpdaterService( 7902): writeXMLFiles()
D/DefCapUpdaterService( 7902): dat= /mnt/sdcard
D/DefCapUpdaterService( 7902): writeDefaultXMLFile()
V/DefCapUpdaterService( 7902): File 'default-capability.xml' has been deleted in file system
D/MediaProvider( 6016): object removed 21173
I/ActivityThread( 7944): Pub com.android.chrome.ChromeBrowserProvider;com.android.chrome.browser;com.android.chrome: com.google.android.apps.chrome.ChromeBrowserProvider
I/ActivityThread( 7944): Pub com.android.chrome.snapshot: com.google.android.apps.chrome.snapshot.SnapshotProvider
E/NotificationService( 2104): Ignoring notification with icon==0: Notification(contentView=null vibrate=null,sound=null,defaults=0x0,flags=0x1)
I/System.out( 3108): scheduled 1 gson: EssentialPersistence [isPhoneStateIdle=true, firedAlarmsCalendarIdAndEventList=[], totalCalendarRemindersOn=0, interval=180000, latestNotificationName=NONE, screenOffTime=1364839607577, notificationsOn={}]
E/NotificationService( 2104): Ignoring notification with icon==0: Notification(contentView=null vibrate=null,sound=null,defaults=0x0,flags=0x1)
I/ActivityManager( 2104): No longer want com.amazon.venezia (pid 6837): hidden #16
E/wpa_supplicant( 2790): RX ctrl_iface - hexdump_ascii(len=11):
E/wpa_supplicant( 2790):      53 49 47 4e 41 4c 5f 50 4f 4c 4c                  SIGNAL_POLL     
D/wpa_supplicant( 2790): Command received: SIGNAL_POLL
D/wpa_supplicant( 2790): nl80211: survey data missing!
I/UbuntuOneFiles( 4590): AutoUploadService: Starting auto upload scan of content://media/external/images/media
V/DefCapUpdaterService( 7902): Removed the record(_id=21173) in MediaProvider database as well.
I/ActivityManager( 2104): Start proc com.android.providers.calendar for content provider com.android.providers.calendar/.CalendarProvider2: pid=7962 uid=10005 gids={3003, 1015}
I/ActivityThread( 7962): Pub com.android.calendar: com.android.providers.calendar.CalendarProvider2
D/dalvikvm( 3108): GC_CONCURRENT freed 2210K, 18% free 10645K/12963K, paused 3ms+19ms
E/RestStorages( 3019): using folders=/mnt/sdcard/Music/
I/ActivityManager( 2104): Start proc com.google.android.gm for content provider com.google.android.gm/.provider.PublicContentProvider: pid=7977 uid=10028 gids={3003, 1015}
I/ActivityThread( 7977): Pub gmail-ls: com.google.android.gm.provider.MailProvider
W/RestStorages( 3019): Detected mount point=/mnt/sdcard
W/RestStorages( 3019): Available mounts=[/mnt/sdcard]
W/RestStorages( 3019): unmountedStorages=[/mnt/usbdisk/]
W/FolderScanner2( 3019): Starting scan=/mnt/sdcard/Music/ fastScan=false
I/ActivityThread( 7977): Pub com.google.android.gm: com.google.android.gm.provider.PublicContentProvider
I/ActivityThread( 7977): Pub com.google.android.gm2.conversation.provider: com.android.mail.browse.GmailConversationProvider
I/ActivityThread( 7977): Pub com.google.android.gm2.accountcache: com.android.mail.providers.GmailAccountCacheProvider
I/GmsClient( 7977): connect: bindService returned true for Intent { act=com.google.android.gms.icing.INDEX_SERVICE }
D/ActivityThread( 7977): Loading provider com.android.gmail.ui: com.google.android.gm.provider.UiProvider
I/ActivityThread( 7977): Pub com.google.android.gmail.SuggestionsProvider: com.google.android.gm.SuggestionsProvider
I/ActivityThread( 7977): Pub com.android.gmail.ui: com.google.android.gm.provider.UiProvider
D/SomcTransmitPowerBroadcastReceiver( 3124): Battery changed with Voltage: 4011 mV
D/SomcTransmitPowerBroadcastReceiver( 3124): Old PowerLevel: 4, current PowerLevel: 4
W/PowerUI ( 2814): unknown intent: Intent { act=android.intent.action.ACTION_POWER_CONNECTED flg=0x10000010 }
D/SomcTransmitPowerBroadcastReceiver( 3124): Battery changed with Voltage: 4011 mV
D/SomcTransmitPowerBroadcastReceiver( 3124): Old PowerLevel: 4, current PowerLevel: 4
I/dalvikvm( 7977): Could not find method com.google.android.gm.provider.MailEngine$MailStoreOpenHelper.setWriteAheadLoggingEnabled, referenced from method com.google.android.gm.provider.MailEngine$MailStoreOpenHelper.<init>
W/dalvikvm( 7977): VFY: unable to resolve virtual method 10505: Lcom/google/android/gm/provider/MailEngine$MailStoreOpenHelper;.setWriteAheadLoggingEnabled (Z)V
D/dalvikvm( 7977): VFY: replacing opcode 0x6e at 0x0017
D/GmsClient( 7977): service broker connected, binder: android.os.BinderProxy@4143e168
I/UbuntuOneFiles( 4590): BatteryStatusReceiver: android.intent.action.BATTERY_CHANGED
I/UbuntuOneFiles( 4590): BatteryStatusReceiver: Battery state: isPlugged true, isCharging false
I/UbuntuOneFiles( 4590): AutoUploadService: Settings allow auto-upload.
I/UbuntuOneFiles( 4590): BatteryStatusReceiver: android.intent.action.BATTERY_CHANGED
I/UbuntuOneFiles( 4590): BatteryStatusReceiver: Battery state: isPlugged true, isCharging false
I/UbuntuOneFiles( 4590): AutoUploadService: Settings allow auto-upload.
E/NotificationService( 2104): Ignoring notification with icon==0: Notification(contentView=null vibrate=null,sound=null,defaults=0x0,flags=0x1)
I/System.out( 3108): SCAN_DIRECTORIES: 1
I/System.out( 3108): fromLightFlowService init:SCAN_DIRECTORIES: do we need to
I/System.out( 3108): fromLightFlowService init:SCAN_DIRECTORIES: result is: TRUE
I/System.out( 3108): fromLightFlowService init:SCAN_DIRECTORIES: NO - WE ALREADY HAVE THEM
I/System.out( 3108): SCAN_DIRECTORIES - using full cached version
D/SomcTransmitPowerBroadcastReceiver( 3124): Battery changed with Voltage: 4011 mV
D/SomcTransmitPowerBroadcastReceiver( 3124): Old PowerLevel: 4, current PowerLevel: 4
I/UbuntuOneFiles( 4590): BatteryStatusReceiver: android.intent.action.BATTERY_CHANGED
W/ResourceType( 3108): No package identifier when getting value for resource number 0x00000000
I/UbuntuOneFiles( 4590): BatteryStatusReceiver: Battery state: isPlugged true, isCharging true
I/UbuntuOneFiles( 4590): AutoUploadService: Settings allow auto-upload.
I/System.out( 3108): scheduled 1 gson: EssentialPersistence [isPhoneStateIdle=true, firedAlarmsCalendarIdAndEventList=[], totalCalendarRemindersOn=0, interval=180000, latestNotificationName=NONE, screenOffTime=1364839607577, notificationsOn={}]
E/NotificationService( 2104): Ignoring notification with icon==0: Notification(contentView=null vibrate=null,sound=null,defaults=0x0,flags=0x1)
I/System.out( 3108): scheduled 1 gson: EssentialPersistence [isPhoneStateIdle=true, firedAlarmsCalendarIdAndEventList=[], totalCalendarRemindersOn=0, interval=180000, latestNotificationName=NONE, screenOffTime=1364839607577, notificationsOn={}]
E/NotificationService( 2104): Ignoring notification with icon==0: Notification(contentView=null vibrate=null,sound=null,defaults=0x0,flags=0x1)
I/CalendarProvider2( 7962): Sending notification intent: Intent { act=android.intent.action.PROVIDER_CHANGED dat=content://com.android.calendar }
W/ContentResolver( 7962): Failed to get type for: content://com.android.calendar (Unknown URL content://com.android.calendar)
D/dalvikvm( 6909): Trying to load lib /data/data/com.google.android.gms/lib/libAppDataSearch.so 0x413a3758
I/Gmail   ( 7977): calculateUnknownSyncRationalesAndPurgeInBackground: queueing
I/UbuntuOneFiles( 4590): NetworkStatusReceiver: Network state: connected true, roaming false, wifi true
I/UbuntuOneFiles( 4590): BatteryStatusReceiver: Battery state: isPlugged true, isCharging true
I/Gmail   ( 7977): calculateUnknownSyncRationalesAndPurgeInBackground: queueing
I/Gmail   ( 7977): calculateUnknownSyncRationalesAndPurgeInBackground: running
I/Gmail   ( 7977): calculateUnknownSyncRationalesAndPurgeInBackground: running
D/dalvikvm( 6909): Added shared lib /data/data/com.google.android.gms/lib/libAppDataSearch.so 0x413a3758
D/dalvikvm( 6909): No JNI_OnLoad found in /data/data/com.google.android.gms/lib/libAppDataSearch.so 0x413a3758, skipping init
D/Icing   ( 6909): Init last flush num docs 826 last docstore size 3704064
D/Icing   ( 6909): Docid map file has data, scanning...
D/Icing   ( 6909): Scanning /data/data/com.google.android.gms/files/AppDataSearch/main/cur/ds.docids found 856 documents, last docstore location 3822592
D/Icing   ( 6909): File /data/data/com.google.android.gms/files/AppDataSearch/main/cur/ds.perdocdata contains 856 records of size 6
I/System  ( 3464): Failed to destroy process 8019
I/System  ( 3464): libcore.io.ErrnoException: kill failed: ESRCH (No such process)
I/System  ( 3464): 	at libcore.io.Posix.kill(Native Method)
I/System  ( 3464): 	at libcore.io.ForwardingOs.kill(ForwardingOs.java:77)
I/System  ( 3464): 	at java.lang.ProcessManager$ProcessImpl.destroy(ProcessManager.java:257)
I/System  ( 3464): 	at net.dinglisch.android.taskerm.xr.run(Unknown Source)
I/System  ( 3464): 	at java.lang.Thread.run(Thread.java:856)
I/ActivityManager( 2104): No longer want com.twitter.android (pid 6866): hidden #16
D/Icing   ( 6909): Init docstore ok num docs 856 bytes 3824384
V/Icing   ( 6909): Lite index crc computed in 0.214ms
V/Icing   ( 6909): Lite index init ok in 21.271ms
D/Icing   ( 6909): Lite index recovered docid (825, 855]
V/Icing   ( 6909): Warming lite-index took 0.031ms
V/Icing   ( 6909): Warming lexicon took 3.265ms
V/Icing   ( 6909): Warming display mappings took 0.092ms
D/Icing   ( 6909): Init index ok num docs 856
D/Icing   ( 6909): Init done
D/dalvikvm( 7902): GC_CONCURRENT freed 341K, 5% free 10559K/11043K, paused 3ms+29ms
D/GmsClient( 7977): bound to service broker
I/ActivityManager( 2104): Start proc com.sonyericsson.illumination.service for broadcast com.sonyericsson.illumination.service/.IlluminationReceiver: pid=8038 uid=1000 gids={1015, 3002, 3001, 3003, 1006, 3007}
I/ActivityManager( 2104): No longer want com.sonyericsson.secureclockservice (pid 6964): hidden #16
I/ActivityManager( 2104): No longer want com.google.android.gcm (pid 6889): hidden #17
E/wpa_supplicant( 2790): RX ctrl_iface - hexdump_ascii(len=11):
E/wpa_supplicant( 2790):      53 49 47 4e 41 4c 5f 50 4f 4c 4c                  SIGNAL_POLL     
D/wpa_supplicant( 2790): Command received: SIGNAL_POLL
D/wpa_supplicant( 2790): nl80211: survey data missing!
I/UbuntuOneFiles( 4590): NetworkStatusReceiver: android.net.conn.CONNECTIVITY_CHANGE
I/UbuntuOneFiles( 4590): NetworkStatusReceiver: Network state: connected true, roaming false, wifi true
I/UbuntuOneFiles( 4590): BatteryStatusReceiver: android.intent.action.BATTERY_CHANGED
I/UbuntuOneFiles( 4590): BatteryStatusReceiver: Battery state: isPlugged true, isCharging true
I/UbuntuOneFiles( 4590): UpDownService: Operation time 00:00:01
D/ActivityThread( 7977): Loading provider com.android.gmail.ui: com.google.android.gm.provider.UiProvider
D/DefCapUpdaterService( 7902): copyCustomizedXMLFile()
D/DefCapUpdaterService( 7902): Copying: content://com.sonyericsson.provider.customization/settings/com.sonyericsson.capabilities/customized-capability.xml
I/UbuntuOneFiles( 4590): AutoUploadService: Starting auto upload scan of content://media/external/images/media
I/UbuntuOneFiles( 4590): Alarms: unregistered retry failed alarm
D/android.content.BroadcastReceiver( 7917): Charging receiver got broadcast: android.intent.action.ACTION_POWER_CONNECTED
D/com.sonyericsson.updatecenter.webupdate.UpdateObserver( 7917): Constructor in UpdateObserver. root= /mnt/sdcard/recovery/
D/com.sonyericsson.updatecenter.webupdate.FileUpdateService( 7917): onCreate in FileUpdateService: 
D/com.sonyericsson.updatecenter.webupdate.FileUpdateService( 7917): In onCreate DBController init() and getInstance() is called.
D/com.sonyericsson.updatecenter.webupdate.FileUpdateService( 7917): start of createAndRegisterMountReceiver: 
D/com.sonyericsson.updatecenter.webupdate.UpdateObserver( 7917): addListener in UpdateObserver.
D/com.sonyericsson.updatecenter.webupdate.UpdateObserver( 7917): startWatching in UpdateObserver. rootPath= /mnt/sdcard/recovery/
D/com.sonyericsson.updatecenter.webupdate.FileUpdateService( 7917): onStartCommand()
D/CustomizationProvider( 3167): openFile -- START uri=content://com.sonyericsson.provider.customization/settings/com.sonyericsson.capabilities/customized-capability.xml
I/ActivityManager( 2104): Start proc com.google.android.youtube for broadcast com.google.android.youtube/.app.prefetch.PrefetchService$DeviceStateReceiver: pid=8055 uid=10118 gids={3003, 1015, 1006}
D/DefCapUpdaterService( 7902): inputStream != null
V/DefCapUpdaterService( 7902): File 'customized-capability.xml' has been deleted in file system
D/MediaProvider( 6016): object removed 21174
D/AndroidRuntime( 8023): 
D/AndroidRuntime( 8023): >>>>>> AndroidRuntime START com.android.internal.os.RuntimeInit <<<<<<
D/AndroidRuntime( 8023): CheckJNI is OFF
D/AndroidRuntime( 8023): Calling main entry com.android.commands.am.Am
I/ActivityThread( 8055): Pub com.google.android.youtube.SuggestionProvider: com.google.android.youtube.core.suggest.SuggestionProvider
D/dalvikvm( 6016): GC_EXPLICIT freed 166K, 33% free 9347K/13795K, paused 39ms+250ms
W/FolderScanner2( 3019): Old files/folders deleted from DB=0/0
W/FolderScanner2( 3019): Scanned dirs: 58, files: 1165 in 686ms, 1698.3 files per sec, 84.5 folders per sec
D/dalvikvm( 8055): DexOpt: --- BEGIN 'ads1503748219.jar' (bootstrap=0) ---
V/DefCapUpdaterService( 7902): Removed the record(_id=21174) in MediaProvider database as well.
D/DefCapUpdaterService( 7902): copyFile()
W/LibraryScanner( 3019): processFiles in 15ms, files=0
E/wpa_supplicant( 2790): RX ctrl_iface - hexdump_ascii(len=22):
E/wpa_supplicant( 2790):      44 52 49 56 45 52 20 53 45 54 53 55 53 50 45 4e   DRIVER SETSUSPEN
E/wpa_supplicant( 2790):      44 4f 50 54 20 30                                 DOPT 0          
D/wpa_supplicant( 2790): Command received: DRIVER SETSUSPENDOPT 0
E/WifiStateMachine( 2104): set suspend optimizations failed!
E/wpa_supplicant( 2790): RX ctrl_iface - hexdump_ascii(len=18):
E/wpa_supplicant( 2790):      44 52 49 56 45 52 20 50 4f 57 45 52 4d 4f 44 45   DRIVER POWERMODE
E/wpa_supplicant( 2790):      20 30                                              0              
D/wpa_supplicant( 2790): Command received: DRIVER POWERMODE 0
D/dalvikvm( 8096): DexOpt: load 8ms, verify+opt 7ms
D/DefCapUpdaterService( 7902): onDestroy()
E/wpa_supplicant( 2790): RX ctrl_iface - hexdump_ascii(len=22):
E/wpa_supplicant( 2790):      44 52 49 56 45 52 20 53 45 54 53 55 53 50 45 4e   DRIVER SETSUSPEN
E/wpa_supplicant( 2790):      44 4f 50 54 20 30                                 DOPT 0          
D/wpa_supplicant( 2790): Command received: DRIVER SETSUSPENDOPT 0
E/WifiStateMachine( 2104): set suspend optimizations failed!
E/wpa_supplicant( 2790): RX ctrl_iface - hexdump_ascii(len=18):
E/wpa_supplicant( 2790):      44 52 49 56 45 52 20 50 4f 57 45 52 4d 4f 44 45   DRIVER POWERMODE
E/wpa_supplicant( 2790):      20 30                                              0              
D/wpa_supplicant( 2790): Command received: DRIVER POWERMODE 0
E/wpa_supplicant( 2790): RX ctrl_iface - hexdump_ascii(len=11):
E/wpa_supplicant( 2790):      53 49 47 4e 41 4c 5f 50 4f 4c 4c                  SIGNAL_POLL     
D/wpa_supplicant( 2790): Command received: SIGNAL_POLL
D/wpa_supplicant( 2790): nl80211: survey data missing!
D/dalvikvm( 8055): DexOpt: --- END 'ads1503748219.jar' (success) ---
D/dalvikvm( 8055): DEX prep '/data/data/com.google.android.youtube/cache/ads1503748219.jar': unzip in 0ms, rewrite 1661ms
D/DefCapUpdaterService( 7902): MediaScannerConnectionClient onScanCompleted: /mnt/sdcard/default-capability.xml
D/dalvikvm( 8055): GC_CONCURRENT freed 950K, 10% free 9955K/11043K, paused 4ms+3ms
D/dalvikvm( 8055): DexOpt: couldn't find field Landroid/app/Notification;.bigContentView
W/dalvikvm( 8055): VFY: unable to resolve instance field 5
D/dalvikvm( 8055): VFY: replacing opcode 0x5b at 0x016d
I/ActivityManager( 2104): Start proc com.google.android.apps.maps for broadcast com.google.android.apps.maps/com.google.googlenav.android.MapServiceReceiver: pid=8111 uid=10025 gids={3003, 1015}
D/dalvikvm( 1573): GC_EXPLICIT freed 38K, 10% free 9135K/10143K, paused 2ms+5ms
D/dalvikvm( 1573): GC_EXPLICIT freed <1K, 10% free 9135K/10143K, paused 2ms+3ms
D/dalvikvm( 1573): GC_EXPLICIT freed <1K, 10% free 9135K/10143K, paused 2ms+2ms
I/ActivityThread( 8111): Pub com.google.android.maps.OfflineIndexProvider: com.google.googlenav.provider.OfflineIndexProvider
I/ActivityThread( 8111): Pub com.google.android.maps.SearchHistoryProvider: com.google.googlenav.provider.SearchHistoryProvider
I/ActivityThread( 8111): Pub com.google.android.maps.StarredItemProvider: com.google.googlenav.provider.StarredItemProvider
I/ConversionPing( 8055): Sending ping: http://googleads.g.doubleclick.net/pagead/viewthroughconversion/1001680686/?label=8cu4CIrA3gMQrt7R3QM&muid=eGO2tHdiXJoxecITN3Piww
W/LibraryScanner( 3019): doScan in 1967ms
D/dalvikvm( 2104): GC_EXPLICIT freed 1439K, 14% free 19180K/22243K, paused 3ms+19ms
I/dalvikvm( 8055): Could not find method android.media.MediaPlayer.setVideoScalingMode, referenced from method com.google.android.youtube.core.player.aa.c
W/dalvikvm( 8055): VFY: unable to resolve virtual method 818: Landroid/media/MediaPlayer;.setVideoScalingMode (I)V
D/dalvikvm( 8055): VFY: replacing opcode 0x6e at 0x0002
D/dalvikvm( 3019): GC_EXPLICIT freed 1091K, 12% free 10107K/11363K, paused 22ms+7ms
I/ActivityManager( 2104): No longer want com.sonyericsson.metadatacleanup (pid 5959): hidden #16
D/DefCapUpdaterService( 7902): MediaScannerConnectionClient onScanCompleted: /mnt/sdcard/customized-capability.xml
I/ActivityThread( 8111): Pub com.google.android.maps.SuggestionProvider: com.google.googlenav.suggest.android.SuggestContentProvider
I/ActivityThread( 8111): Pub com.google.android.maps.LayerInfoProvider: com.google.googlenav.layer.LayerInfoProvider
I/ActivityThread( 8111): Pub com.google.android.maps.TrafficAppWidgetProvider: com.google.googlenav.appwidget.traffic.TrafficAppWidgetProvider
I/ActivityThread( 8111): Pub com.google.android.maps.LocalActivePlacesProvider: com.google.googlenav.provider.LocalActivePlacesProvider
I/ActivityThread( 8111): Pub com.google.android.maps.LocalSuggestionProvider: com.google.googlenav.provider.LocalSuggestionProvider
I/ActivityThread( 8111): Pub com.google.android.maps.NavigationAvailabilityProvider: com.google.googlenav.provider.NavigationAvailabilityProvider
I/ActivityManager( 2104): No longer want com.eclipsim.gpsstatus2 (pid 6389): hidden #16
I/ActivityManager( 2104): No longer want com.google.android.music:main (pid 6581): hidden #16
I/System.out( 3108): scheduled 1 gson: EssentialPersistence [isPhoneStateIdle=true, firedAlarmsCalendarIdAndEventList=[], totalCalendarRemindersOn=0, interval=180000, latestNotificationName=NONE, screenOffTime=1364839607577, notificationsOn={}]
E/NotificationService( 2104): Ignoring notification with icon==0: Notification(contentView=null vibrate=null,sound=null,defaults=0x0,flags=0x1)
E/NotificationService( 2104): Ignoring notification with icon==0: Notification(contentView=null vibrate=null,sound=null,defaults=0x0,flags=0x1)
I/MTP-usbux.Class( 3004): Action = android.hardware.usb.action.USB_STATE
I/MTP-usbux.UsbService( 3004): isMscMode = true, isMtpMode = false
I/ActivityManager( 2104): Start proc com.android.calendar for broadcast com.android.calendar/.widget.CalendarAppWidgetService$CalendarFactory: pid=8130 uid=10071 gids={3003, 1015}
E/wpa_supplicant( 2790): RX ctrl_iface - hexdump_ascii(len=11):
E/wpa_supplicant( 2790):      53 49 47 4e 41 4c 5f 50 4f 4c 4c                  SIGNAL_POLL     
D/wpa_supplicant( 2790): Command received: SIGNAL_POLL
D/wpa_supplicant( 2790): nl80211: survey data missing!
I/ActivityManager( 2104): No longer want com.ebay.mobile:notifications (pid 6943): hidden #16
E/RestStorages( 3019): using folders=/mnt/sdcard/Music/
W/RestStorages( 3019): Detected mount point=/mnt/sdcard
W/RestStorages( 3019): Available mounts=[/mnt/sdcard]
W/RestStorages( 3019): unmountedStorages=[/mnt/usbdisk/]
W/FolderScanner2( 3019): Starting scan=/mnt/sdcard/Music/ fastScan=true
D/dalvikvm( 7886): GC_CONCURRENT freed 976K, 11% free 9919K/11043K, paused 2ms+8ms
D/AndroidRuntime( 8023): Shutting down VM
I/libblt_hw( 1572): Library opened (handle = 0, fd = 36)
D/dalvikvm( 8023): GC_CONCURRENT freed 99K, 89% free 488K/4096K, paused 0ms+3ms
W/FolderScanner2( 3019): Scanned dirs: 58, files: 0 in 129ms, 0.0 files per sec, 449.6 folders per sec
D/dalvikvm( 3108): GC_CONCURRENT freed 1842K, 18% free 10646K/12963K, paused 5ms+4ms
E/wpa_supplicant( 2790): RX ctrl_iface - hexdump_ascii(len=11):
E/wpa_supplicant( 2790):      53 49 47 4e 41 4c 5f 50 4f 4c 4c                  SIGNAL_POLL     
D/wpa_supplicant( 2790): Command received: SIGNAL_POLL
D/wpa_supplicant( 2790): nl80211: survey data missing!
D/androidNetworkLocationListeners( 2895): Still have listener com.google.android.location.internal.client.NetworkLocationClient$1@413e9a48
E/wpa_supplicant( 2790): RX ctrl_iface - hexdump_ascii(len=22):
E/wpa_supplicant( 2790):      44 52 49 56 45 52 20 53 45 54 53 55 53 50 45 4e   DRIVER SETSUSPEN
E/wpa_supplicant( 2790):      44 4f 50 54 20 30                                 DOPT 0          
D/wpa_supplicant( 2790): Command received: DRIVER SETSUSPENDOPT 0
E/WifiStateMachine( 2104): set suspend optimizations failed!
E/wpa_supplicant( 2790): RX ctrl_iface - hexdump_ascii(len=18):
E/wpa_supplicant( 2790):      44 52 49 56 45 52 20 50 4f 57 45 52 4d 4f 44 45   DRIVER POWERMODE
E/wpa_supplicant( 2790):      20 30                                              0              
D/wpa_supplicant( 2790): Command received: DRIVER POWERMODE 0
E/wpa_supplicant( 2790): RX ctrl_iface - hexdump_ascii(len=9):
E/wpa_supplicant( 2790):      41 50 5f 53 43 41 4e 20 32                        AP_SCAN 2       
D/wpa_supplicant( 2790): Command received: AP_SCAN 2
E/wpa_supplicant( 2790): RX ctrl_iface - hexdump_ascii(len=4):
E/wpa_supplicant( 2790):      53 43 41 4e                                       SCAN            
D/wpa_supplicant( 2790): Command received: SCAN
D/wpa_supplicant( 2790): wlan0: P2P: Stopping find
D/wpa_supplicant( 2790): wlan0: P2P: Clear timeout (state=IDLE)
D/wpa_supplicant( 2790): wlan0: P2P: State IDLE -> IDLE
D/wpa_supplicant( 2790): wlan0: Setting scan request: 0 sec 0 usec
D/wpa_supplicant( 2790): wlan0: Starting AP scan for wildcard SSID
D/wpa_supplicant( 2790): WPS: Building WPS IE for Probe Request
D/wpa_supplicant( 2790): WPS:  * Version (hardcoded 0x10)
D/wpa_supplicant( 2790): WPS:  * Request Type
D/wpa_supplicant( 2790): WPS:  * Config Methods (2388)
D/wpa_supplicant( 2790): WPS:  * UUID-E
D/wpa_supplicant( 2790): WPS:  * Primary Device Type
D/wpa_supplicant( 2790): WPS:  * RF Bands (1)
D/wpa_supplicant( 2790): WPS:  * Association State
D/wpa_supplicant( 2790): WPS:  * Configuration Error (0)
D/wpa_supplicant( 2790): WPS:  * Device Password ID (0)
D/wpa_supplicant( 2790): WPS:  * Manufacturer
D/wpa_supplicant( 2790): WPS:  * Model Name
D/wpa_supplicant( 2790): WPS:  * Model Number
D/wpa_supplicant( 2790): WPS:  * Device Name
D/wpa_supplicant( 2790): WPS:  * Version2 (0x20)
D/wpa_supplicant( 2790): P2P: * P2P IE header
D/wpa_supplicant( 2790): P2P: * Capability dev=23 group=00
D/wpa_supplicant( 2790): P2P: * Listen Channel: Regulatory Class 81 Channel 11
E/wpa_supplicant( 2790): nl80211: Scan SSID - hexdump_ascii(len=0): [NULL]
E/wpa_supplicant( 2790): nl80211: Scan extra IEs - hexdump_ascii(len=151):
E/wpa_supplicant( 2790):      dd 82 00 50 f2 04 10 4a 00 01 10 10 3a 00 01 00   __P__J____:___
E/wpa_supplicant( 2790):      10 08 00 02 23 88 10 47 00 10 6a 1b 4f 09 96 57   ____#__G__j_O__W
E/wpa_supplicant( 2790):      53 d0 a7 88 c7 83 cf ae e9 a5 10 54 00 08 00 00   SЧ__Ϯ_T____
E/wpa_supplicant( 2790):      00 00 00 00 00 00 10 3c 00 01 01 10 02 00 02 00   _______<________
E/wpa_supplicant( 2790):      00 10 09 00 02 00 00 10 12 00 02 00 00 10 21 00   ______________!_
E/wpa_supplicant( 2790):      04 53 6f 6e 79 10 23 00 0f 4c 54 32 32 69 5f 31   _Sony_#__LT22i_1
E/wpa_supplicant( 2790):      32 36 31 2d 38 32 35 38 10 24 00 05 4c 54 32 32   261-8258_$__LT22
E/wpa_supplicant( 2790):      69 10 11 00 05 4c 54 32 32 69 10 49 00 06 00 37   i____LT22i_I___7
E/wpa_supplicant( 2790):      2a 00 01 20 dd 11 50 6f 9a 09 02 02 00 23 00 06   *__ _Po_____#__
E/wpa_supplicant( 2790):      05 00 58 58 04 51 0b                              __XX_Q_         
D/wpa_supplicant( 2790): Scan requested (ret=0) - scan timeout 30 seconds
D/wpa_supplicant( 2790): nl80211: Event message available
D/wpa_supplicant( 2790): nl80211: Scan trigger
D/androidNetworkLocationListeners( 2895): Still have listener com.google.android.location.internal.client.NetworkLocationClient$1@413e9a48
D/dalvikvm( 3108): GC_CONCURRENT freed 1839K, 18% free 10650K/12963K, paused 4ms+5ms
E/NotificationService( 2104): Ignoring notification with icon==0: Notification(contentView=null vibrate=null,sound=null,defaults=0x0,flags=0x1)
I/System.out( 3108): SCAN_DIRECTORIES: 1
W/LibraryScanner( 3019): processFiles in 191ms, files=0
I/System.out( 3108): fromLightFlowService init:SCAN_DIRECTORIES: do we need to
I/System.out( 3108): fromLightFlowService init:SCAN_DIRECTORIES: result is: TRUE
I/System.out( 3108): fromLightFlowService init:SCAN_DIRECTORIES: NO - WE ALREADY HAVE THEM
I/System.out( 3108): SCAN_DIRECTORIES - using full cached version
E/wpa_supplicant( 2790): RX ctrl_iface - hexdump_ascii(len=9):
E/wpa_supplicant( 2790):      41 50 5f 53 43 41 4e 20 32                        AP_SCAN 2       
D/wpa_supplicant( 2790): Command received: AP_SCAN 2
E/wpa_supplicant( 2790): RX ctrl_iface - hexdump_ascii(len=4):
E/wpa_supplicant( 2790):      53 43 41 4e                                       SCAN            
D/wpa_supplicant( 2790): Command received: SCAN
D/wpa_supplicant( 2790): Ongoing scan action - reject new request
W/ResourceType( 3108): No package identifier when getting value for resource number 0x00000000
I/System.out( 3108): scheduled 1 gson: EssentialPersistence [isPhoneStateIdle=true, firedAlarmsCalendarIdAndEventList=[], totalCalendarRemindersOn=0, interval=180000, latestNotificationName=NONE, screenOffTime=1364839607577, notificationsOn={}]
E/NotificationService( 2104): Ignoring notification with icon==0: Notification(contentView=null vibrate=null,sound=null,defaults=0x0,flags=0x1)
I/System.out( 3108): scheduled 1 gson: EssentialPersistence [isPhoneStateIdle=true, firedAlarmsCalendarIdAndEventList=[], totalCalendarRemindersOn=0, interval=180000, latestNotificationName=NONE, screenOffTime=1364839607577, notificationsOn={}]
E/NotificationService( 2104): Ignoring notification with icon==0: Notification(contentView=null vibrate=null,sound=null,defaults=0x0,flags=0x1)
I/UbuntuOneFiles( 4590): AutoUploadService: Starting auto upload scan of content://media/external/images/media
I/UbuntuOneFiles( 4590): AutoUploadService: Scan already scheduled for content://media/external/images/media
I/UbuntuOneFiles( 4590): NetworkStatusReceiver: Network state: connected true, roaming false, wifi true
I/UbuntuOneFiles( 4590): BatteryStatusReceiver: Battery state: isPlugged true, isCharging true
D/wpa_supplicant( 2790): nl80211: Event message available
D/wpa_supplicant( 2790): nl80211: New scan results available
D/wpa_supplicant( 2790): wlan0: Event 3 received on interface wlan0
D/wpa_supplicant( 2790): nl80211: Associated on 2457 MHz
D/wpa_supplicant( 2790): Received scan results (6 BSSes)
D/wpa_supplicant( 2790): nl80211: Scan results indicate BSS status with 00:1f:f3:c3:20:f0 as associated
D/wpa_supplicant( 2790): wlan0: BSS: Start scan result update 59
D/wpa_supplicant( 2790): wlan0: New scan results available
E/wpa_supplicant( 2790): CTRL_IFACE monitor send - hexdump(len=41): 2f 64 61 74 61 2f 6d 69 73 63 2f 77 69 66 69 2f 73 6f 63 6b 65 74 73 2f 77 70 61 5f 63 74 72 6c 5f 32 31 30 34 2d 31 34 00
D/wpa_supplicant( 2790): wlan0: Checking for other virtual interfaces sharing same radio (phy0) in event_scan_results
E/wpa_supplicant( 2790): RX ctrl_iface - hexdump_ascii(len=9):
E/wpa_supplicant( 2790):      41 50 5f 53 43 41 4e 20 31                        AP_SCAN 1       
D/wpa_supplicant( 2790): Command received: AP_SCAN 1
E/wpa_supplicant( 2790): RX ctrl_iface - hexdump_ascii(len=12):
E/wpa_supplicant( 2790):      53 43 41 4e 5f 52 45 53 55 4c 54 53               SCAN_RESULTS    
D/wpa_supplicant( 2790): Command received: SCAN_RESULTS
E/wpa_supplicant( 2790): RX ctrl_iface - hexdump_ascii(len=22):
E/wpa_supplicant( 2790):      44 52 49 56 45 52 20 53 45 54 53 55 53 50 45 4e   DRIVER SETSUSPEN
E/wpa_supplicant( 2790):      44 4f 50 54 20 30                                 DOPT 0          
D/wpa_supplicant( 2790): Command received: DRIVER SETSUSPENDOPT 0
E/WifiStateMachine( 2104): set suspend optimizations failed!
E/wpa_supplicant( 2790): RX ctrl_iface - hexdump_ascii(len=18):
E/wpa_supplicant( 2790):      44 52 49 56 45 52 20 50 4f 57 45 52 4d 4f 44 45   DRIVER POWERMODE
E/wpa_supplicant( 2790):      20 30                                              0              
D/wpa_supplicant( 2790): Command received: DRIVER POWERMODE 0
D/androidNetworkLocationListeners( 2895): Still have listener com.google.android.location.internal.client.NetworkLocationClient$1@413e9a48
E/wpa_supplicant( 2790): RX ctrl_iface - hexdump_ascii(len=22):
E/wpa_supplicant( 2790):      44 52 49 56 45 52 20 53 45 54 53 55 53 50 45 4e   DRIVER SETSUSPEN
E/wpa_supplicant( 2790):      44 4f 50 54 20 30                                 DOPT 0          
D/wpa_supplicant( 2790): Command received: DRIVER SETSUSPENDOPT 0
E/WifiStateMachine( 2104): set suspend optimizations failed!
E/wpa_supplicant( 2790): RX ctrl_iface - hexdump_ascii(len=18):
E/wpa_supplicant( 2790):      44 52 49 56 45 52 20 50 4f 57 45 52 4d 4f 44 45   DRIVER POWERMODE
E/wpa_supplicant( 2790):      20 30                                              0              
D/wpa_supplicant( 2790): Command received: DRIVER POWERMODE 0
E/wpa_supplicant( 2790): RX ctrl_iface - hexdump_ascii(len=9):
E/wpa_supplicant( 2790):      41 50 5f 53 43 41 4e 20 32                        AP_SCAN 2       
D/wpa_supplicant( 2790): Command received: AP_SCAN 2
E/wpa_supplicant( 2790): RX ctrl_iface - hexdump_ascii(len=4):
E/wpa_supplicant( 2790):      53 43 41 4e                                       SCAN            
D/wpa_supplicant( 2790): Command received: SCAN
D/wpa_supplicant( 2790): wlan0: P2P: Stopping find
D/wpa_supplicant( 2790): wlan0: P2P: Clear timeout (state=IDLE)
D/wpa_supplicant( 2790): wlan0: P2P: State IDLE -> IDLE
D/wpa_supplicant( 2790): wlan0: Setting scan request: 0 sec 0 usec
D/wpa_supplicant( 2790): wlan0: Starting AP scan for wildcard SSID
D/wpa_supplicant( 2790): WPS: Building WPS IE for Probe Request
D/wpa_supplicant( 2790): WPS:  * Version (hardcoded 0x10)
D/wpa_supplicant( 2790): WPS:  * Request Type
D/wpa_supplicant( 2790): WPS:  * Config Methods (2388)
D/wpa_supplicant( 2790): WPS:  * UUID-E
D/wpa_supplicant( 2790): WPS:  * Primary Device Type
D/wpa_supplicant( 2790): WPS:  * RF Bands (1)
D/wpa_supplicant( 2790): WPS:  * Association State
D/wpa_supplicant( 2790): WPS:  * Configuration Error (0)
D/wpa_supplicant( 2790): WPS:  * Device Password ID (0)
D/wpa_supplicant( 2790): WPS:  * Manufacturer
D/wpa_supplicant( 2790): WPS:  * Model Name
D/wpa_supplicant( 2790): WPS:  * Model Number
D/wpa_supplicant( 2790): WPS:  * Device Name
D/wpa_supplicant( 2790): WPS:  * Version2 (0x20)
D/wpa_supplicant( 2790): P2P: * P2P IE header
D/wpa_supplicant( 2790): P2P: * Capability dev=23 group=00
D/wpa_supplicant( 2790): P2P: * Listen Channel: Regulatory Class 81 Channel 11
E/wpa_supplicant( 2790): nl80211: Scan SSID - hexdump_ascii(len=0): [NULL]
E/wpa_supplicant( 2790): nl80211: Scan extra IEs - hexdump_ascii(len=151):
E/wpa_supplicant( 2790):      dd 82 00 50 f2 04 10 4a 00 01 10 10 3a 00 01 00   __P__J____:___
E/wpa_supplicant( 2790):      10 08 00 02 23 88 10 47 00 10 6a 1b 4f 09 96 57   ____#__G__j_O__W
E/wpa_supplicant( 2790):      53 d0 a7 88 c7 83 cf ae e9 a5 10 54 00 08 00 00   SЧ__Ϯ_T____
E/wpa_supplicant( 2790):      00 00 00 00 00 00 10 3c 00 01 01 10 02 00 02 00   _______<________
E/wpa_supplicant( 2790):      00 10 09 00 02 00 00 10 12 00 02 00 00 10 21 00   ______________!_
E/wpa_supplicant( 2790):      04 53 6f 6e 79 10 23 00 0f 4c 54 32 32 69 5f 31   _Sony_#__LT22i_1
E/wpa_supplicant( 2790):      32 36 31 2d 38 32 35 38 10 24 00 05 4c 54 32 32   261-8258_$__LT22
E/wpa_supplicant( 2790):      69 10 11 00 05 4c 54 32 32 69 10 49 00 06 00 37   i____LT22i_I___7
E/wpa_supplicant( 2790):      2a 00 01 20 dd 11 50 6f 9a 09 02 02 00 23 00 06   *__ _Po_____#__
E/wpa_supplicant( 2790):      05 00 58 58 04 51 0b                              __XX_Q_         
D/wpa_supplicant( 2790): Scan requested (ret=0) - scan timeout 30 seconds
D/wpa_supplicant( 2790): nl80211: Event message available
D/wpa_supplicant( 2790): nl80211: Scan trigger
I/ActivityManager( 2104): No longer want com.teslacoilsw.widgetlocker (pid 4377): hidden #16
I/WindowManager( 2104): WIN DEATH: Window{41d90df0  paused=false}
W/ActivityManager( 2104): Scheduling restart of crashed service com.teslacoilsw.widgetlocker/.LockerService in 5000ms
I/WindowManager( 2104): WIN DEATH: Window{41b0eb48 com.teslacoilsw.widgetlocker/com.teslacoilsw.widgetlocker.WidgetLocker paused=false}
D/wpa_supplicant( 2790): nl80211: Event message available
D/wpa_supplicant( 2790): nl80211: New scan results available
D/wpa_supplicant( 2790): wlan0: Event 3 received on interface wlan0
D/wpa_supplicant( 2790): nl80211: Associated on 2457 MHz
D/wpa_supplicant( 2790): Received scan results (7 BSSes)
D/wpa_supplicant( 2790): nl80211: Scan results indicate BSS status with 00:1f:f3:c3:20:f0 as associated
D/wpa_supplicant( 2790): wlan0: BSS: Start scan result update 60
D/wpa_supplicant( 2790): wlan0: BSS: Expire BSS 12 due to no match in scan
D/wpa_supplicant( 2790): wlan0: BSS: Remove id 12 BSSID 52:e6:76:cb:3b:d3 SSID '4CE676CB3BD3-1'
E/wpa_supplicant( 2790): CTRL_IFACE monitor send - hexdump(len=41): 2f 64 61 74 61 2f 6d 69 73 63 2f 77 69 66 69 2f 73 6f 63 6b 65 74 73 2f 77 70 61 5f 63 74 72 6c 5f 32 31 30 34 2d 31 34 00
D/wpa_supplicant( 2790): wlan0: BSS: Expire BSS 13 due to no match in scan
D/wpa_supplicant( 2790): wlan0: BSS: Remove id 13 BSSID 4c:e6:76:cb:3b:d3 SSID '4CE676CB3BD3'
E/wpa_supplicant( 2790): CTRL_IFACE monitor send - hexdump(len=41): 2f 64 61 74 61 2f 6d 69 73 63 2f 77 69 66 69 2f 73 6f 63 6b 65 74 73 2f 77 70 61 5f 63 74 72 6c 5f 32 31 30 34 2d 31 34 00
D/wpa_supplicant( 2790): wlan0: BSS: Expire BSS 14 due to no match in scan
D/wpa_supplicant( 2790): wlan0: BSS: Remove id 14 BSSID 5a:e6:76:cb:3b:d3 SSID '4CE676CB3BD3-4'
E/wpa_supplicant( 2790): CTRL_IFACE monitor send - hexdump(len=41): 2f 64 61 74 61 2f 6d 69 73 63 2f 77 69 66 69 2f 73 6f 63 6b 65 74 73 2f 77 70 61 5f 63 74 72 6c 5f 32 31 30 34 2d 31 34 00
D/wpa_supplicant( 2790): wlan0: New scan results available
E/wpa_supplicant( 2790): CTRL_IFACE monitor send - hexdump(len=41): 2f 64 61 74 61 2f 6d 69 73 63 2f 77 69 66 69 2f 73 6f 63 6b 65 74 73 2f 77 70 61 5f 63 74 72 6c 5f 32 31 30 34 2d 31 34 00
D/wpa_supplicant( 2790): wlan0: Checking for other virtual interfaces sharing same radio (phy0) in event_scan_results
E/wpa_supplicant( 2790): RX ctrl_iface - hexdump_ascii(len=9):
E/wpa_supplicant( 2790):      41 50 5f 53 43 41 4e 20 31                        AP_SCAN 1       
D/wpa_supplicant( 2790): Command received: AP_SCAN 1
E/wpa_supplicant( 2790): RX ctrl_iface - hexdump_ascii(len=12):
E/wpa_supplicant( 2790):      53 43 41 4e 5f 52 45 53 55 4c 54 53               SCAN_RESULTS    
D/wpa_supplicant( 2790): Command received: SCAN_RESULTS
E/wpa_supplicant( 2790): RX ctrl_iface - hexdump_ascii(len=22):
E/wpa_supplicant( 2790):      44 52 49 56 45 52 20 53 45 54 53 55 53 50 45 4e   DRIVER SETSUSPEN
E/wpa_supplicant( 2790):      44 4f 50 54 20 30                                 DOPT 0          
D/wpa_supplicant( 2790): Command received: DRIVER SETSUSPENDOPT 0
E/WifiStateMachine( 2104): set suspend optimizations failed!
E/wpa_supplicant( 2790): RX ctrl_iface - hexdump_ascii(len=18):
E/wpa_supplicant( 2790):      44 52 49 56 45 52 20 50 4f 57 45 52 4d 4f 44 45   DRIVER POWERMODE
E/wpa_supplicant( 2790):      20 30                                              0              
D/wpa_supplicant( 2790): Command received: DRIVER POWERMODE 0
D/dalvikvm( 2895): GC_CONCURRENT freed 1742K, 17% free 10091K/12131K, paused 3ms+4ms
W/LibraryScanner( 3019): doScan in 1307ms
D/dalvikvm( 3019): GC_EXPLICIT freed 1202K, 16% free 9646K/11363K, paused 2ms+4ms
I/UbuntuOneFiles( 4590): NetworkStatusReceiver: android.net.conn.CONNECTIVITY_CHANGE
I/UbuntuOneFiles( 4590): NetworkStatusReceiver: Network state: connected true, roaming false, wifi true
I/UbuntuOneFiles( 4590): BatteryStatusReceiver: android.intent.action.BATTERY_CHANGED
I/UbuntuOneFiles( 4590): BatteryStatusReceiver: Battery state: isPlugged true, isCharging true
I/UbuntuOneFiles( 4590): UpDownService: Operation time 00:00:01
I/UbuntuOneFiles( 4590): Alarms: unregistered retry failed alarm
I/UbuntuOneFiles( 4590): NetworkStatusReceiver: Network state: connected true, roaming false, wifi true
I/UbuntuOneFiles( 4590): BatteryStatusReceiver: Battery state: isPlugged true, isCharging true
I/ActivityManager( 2104): No longer want com.sonyericsson.capabilities (pid 7902): hidden #16
I/libblt_hw( 1572): Library closed (handle = 0, fd = 36)
I/UbuntuOneFiles( 4590): NetworkStatusReceiver: android.net.conn.CONNECTIVITY_CHANGE
I/UbuntuOneFiles( 4590): NetworkStatusReceiver: Network state: connected true, roaming false, wifi true
I/UbuntuOneFiles( 4590): BatteryStatusReceiver: android.intent.action.BATTERY_CHANGED
I/UbuntuOneFiles( 4590): BatteryStatusReceiver: Battery state: isPlugged true, isCharging true
I/UbuntuOneFiles( 4590): UpDownService: Operation time 00:00:01
I/UbuntuOneFiles( 4590): Alarms: unregistered retry failed alarm
E/wpa_supplicant( 2790): RX ctrl_iface - hexdump_ascii(len=11):
E/wpa_supplicant( 2790):      53 49 47 4e 41 4c 5f 50 4f 4c 4c                  SIGNAL_POLL     
D/wpa_supplicant( 2790): Command received: SIGNAL_POLL
D/wpa_supplicant( 2790): nl80211: survey data missing!
