V/BackupManagerService( 2104): Registering transport com.google.android.backup/.BackupTransportService = com.google.android.backup.BackupTransportService$1@41c9c0a0
D/PowerManagerService( 2104): bootCompleted
I/ActivityManager( 2104): Start proc net.igecelabs.android.MissedIt for service net.igecelabs.android.MissedIt/.UpdateServiceLegacy: pid=3451 uid=10177 gids={1015, 1007}
I/ActivityManager( 2104): Start proc net.dinglisch.android.taskerm for service net.dinglisch.android.taskerm/.MyAccessibilityServiceOld: pid=3464 uid=10214 gids={1015, 1006, 3001, 3002, 3003}
I/ActivityManager( 2104): Start proc com.android.vending for service com.android.vending/com.google.android.finsky.services.LicensingService: pid=3481 uid=10060 gids={3003, 1015}
V/DevicePolicyManagerService( 2104): Sending password expiration notifications for action android.intent.action.BOOT_COMPLETED
D/VoldCmdListener( 1567): volume mount /mnt/sdcard
I/Vold    ( 1567): /dev/block/vold/179:14 being considered for volume sdcard
D/Vold    ( 1567): Volume sdcard state changing 1 (Idle-Unmounted) -> 3 (Checking)
D/MountService( 2104): volume state changed for /mnt/sdcard (unmounted -> checking)
I/ActivityManager( 2104): Start proc com.google.android.gm for content provider com.google.android.gm/.provider.PublicContentProvider: pid=3533 uid=10028 gids={3003, 1015}
D/MountService( 2104): sendStorageIntent Intent { act=android.intent.action.MEDIA_CHECKING dat=file:///mnt/sdcard (has extras) }
I/StorageNotification( 2814): Media {/mnt/sdcard} state changed from {unmounted} -> {checking}
V/WiredAccessoryObserver( 2104): init()
W/WiredAccessoryObserver( 2104): This kernel does not have wired headset support
D/ActivityThread( 3533): Loading provider com.android.gmail.ui: com.google.android.gm.provider.UiProvider
W/ActivityManager( 2104): Unable to start service Intent { act=com.google.android.gms.analytics.service.START (has extras) }: not found
I/ActivityManager( 2104): Start proc com.google.android.gms for service com.google.android.gms/.icing.impl.IndexService: pid=3591 uid=10030 gids={3003, 1015, 2001, 1007, 3006}
W/AppWidgetService( 2104): No android.appwidget.provider meta-data for AppWidget provider 'ComponentInfo{com.maxmpz.audioplayer/com.maxmpz.audioplayer.widgetpackcommon.WidgetKeyguardProvider}'
W/AppWidgetService( 2104): No android.appwidget.provider meta-data for AppWidget provider 'ComponentInfo{com.maxmpz.audioplayer/com.maxmpz.audioplayer.widgetpackcommon.WidgetKeyguardProvider}'
W/AppWidgetService( 2104): No android.appwidget.provider meta-data for AppWidget provider 'ComponentInfo{com.maxmpz.audioplayer/com.maxmpz.audioplayer.widgetpackcommon.WidgetKeyguardProvider}'
W/AppWidgetService( 2104): No android.appwidget.provider meta-data for AppWidget provider 'ComponentInfo{com.maxmpz.audioplayer/com.maxmpz.audioplayer.widgetpackcommon.WidgetKeyguardProvider}'
W/ActivityManager( 2104): Unable to start service Intent { act=com.google.android.gms.analytics.service.START (has extras) }: not found
I/ActivityManager( 2104): Start proc com.sonyericsson.simcontacts for broadcast com.sonyericsson.simcontacts/.SimChangedReceiver: pid=3630 uid=10092 gids={}
I/ActivityManager( 2104): Start proc jp.naver.line.android for broadcast jp.naver.line.android/.service.SimStateChangedReceiver: pid=3643 uid=10188 gids={1006, 3003, 1015, 3002}
I/ActivityManager( 2104): Start proc com.sonyericsson.android.socialphonebook for broadcast com.sonyericsson.android.socialphonebook/.calllog.voicemail.CallLogReceiver: pid=3672 uid=10059 gids={3003, 1015}
I/ActivityManager( 2104): Start proc jp.naver.android.npush for service jp.naver.line.android/jp.naver.android.npush.service.NPushMessageService: pid=3681 uid=10188 gids={1006, 3003, 1015, 3002}
I/ActivityManager( 2104): Start proc com.skvalex.callrecorder for broadcast com.skvalex.callrecorder/.receiver.CallRecorderReceiver: pid=3709 uid=10209 gids={1015, 1007, 3002, 3001}
I/ActivityManager( 2104): Start proc com.sonyericsson.provider.voipcalllog for content provider com.sonyericsson.provider.voipcalllog/.VoIPCallLogProvider: pid=3724 uid=10114 gids={}
I/ActivityManager( 2104): No longer want com.sonyericsson.setupwizard (pid 3210): hidden #16
I/ActivityManager( 2104): No longer want com.sonyericsson.tetherentitlementcheck (pid 3089): hidden #17
I/ActivityManager( 2104): Start proc com.quoord.tapatalkpro.activity for broadcast com.quoord.tapatalkpro.activity/com.quoord.tapatalkpro.alarm.NotificationAlarmReceiver: pid=3740 uid=10180 gids={3003, 1015}
I/ActivityManager( 2104): Start proc com.sonyericsson.newsoftwarechecker for broadcast com.sonyericsson.newsoftwarechecker/.BootCompletedReceiver: pid=3759 uid=1000 gids={1015, 3002, 3001, 3003, 1006, 3007}
I/ActivityManager( 2104): No longer want berserker.android.apps.sshdroidpro (pid 3068): hidden #16
I/ActivityManager( 2104): Start proc com.sonyericsson.secureclockservice for broadcast com.sonyericsson.secureclockservice/.SecureClockBootCompleteReceiver: pid=3773 uid=10067 gids={3003}
I/ActivityManager( 2104): No longer want com.eclipsim.gpsstatus2 (pid 3345): hidden #16
I/ActivityManager( 2104): No longer want com.sonymobile.gpssatellitesnotification (pid 3372): hidden #16
I/ActivityManager( 2104): Start proc com.android.providers.calendar for broadcast com.android.providers.calendar/.CalendarReceiver: pid=3793 uid=10005 gids={3003, 1015}
I/ActivityManager( 2104): Start proc com.sonyericsson.credentialmanagerservice for broadcast com.sonyericsson.credentialmanagerservice/.CredentialManagerIcsBootCompleteReceiver: pid=3808 uid=1000 gids={1015, 3002, 3001, 3003, 1006, 3007}
I/ActivityManager( 2104): No longer want com.google.android.apps.maps (pid 3391): hidden #16
I/ActivityManager( 2104): Start proc com.google.android.apps.genie.geniewidget for broadcast com.google.android.apps.genie.geniewidget/.miniwidget.MiniWidgetProvider: pid=3823 uid=10027 gids={3003, 1015}
I/ActivityManager( 2104): Start proc com.google.android.partnersetup for broadcast com.google.android.partnersetup/.GooglePartnerSetup: pid=3847 uid=10033 gids={3003}
I/ActivityManager( 2104): No longer want com.sonyericsson.extras.liveware (pid 3035): hidden #16
I/ActivityManager( 2104): START {flg=0x10040000 cmp=com.google.android.gsf/.update.SystemUpdateInstallDialog} from pid 2895
I/ActivityManager( 2104): START {flg=0x10040000 cmp=com.google.android.gsf/.update.SystemUpdateDownloadDialog} from pid 2895
I/ActivityManager( 2104): Start proc com.sonyericsson.idd.agent for broadcast com.sonyericsson.idd.agent/.IDDBroadcastReceiver: pid=3888 uid=10038 gids={3003, 1015}
I/ActivityManager( 2104): No longer want com.google.android.gm (pid 3533): hidden #16
I/ActivityManager( 2104): No longer want com.google.android.gsf.login (pid 2862): hidden #16
I/ActivityManager( 2104): Start proc org.nocrew.tomas.headsetnotifierfree for broadcast org.nocrew.tomas.headsetnotifierfree/.HeadsetNotifierBootReceiver: pid=3904 uid=10201 gids={3003}
I/ActivityManager( 2104): Start proc com.google.android.onetimeinitializer for broadcast com.google.android.onetimeinitializer/.OneTimeInitializerReceiver: pid=3928 uid=10052 gids={}
I/ActivityManager( 2104): No longer want com.android.vending (pid 3481): hidden #16
I/ActivityManager( 2104): Start proc com.sonyericsson.setupwizard for broadcast com.sonyericsson.setupwizard/.components.BootLauncher: pid=3945 uid=1000 gids={1015, 3002, 3001, 3003, 1006, 3007}
I/ActivityManager( 2104): Start proc com.sonyericsson.crashmonitor for broadcast com.sonyericsson.crashmonitor/.receiver.CrashMonitorServiceBroadcastReceiver: pid=3959 uid=10076 gids={1007, 1015}
I/ActivityManager( 2104): No longer want com.sonyericsson.simcontacts (pid 3630): hidden #16
I/ActivityManager( 2104): No longer want jp.naver.line.android (pid 3643): hidden #16
W/PackageManager( 2104): Package named 'com.sonyericsson.androidapp.powersavemode' doesn't exist.
I/ActivityManager( 2104): Start proc com.google.android.talk for broadcast com.google.android.talk/.videochat.BootCompleteReceiver: pid=3980 uid=10102 gids={3003, 1015, 1006, 3002}
I/ActivityManager( 2104): No longer want com.google.android.gms (pid 3591): hidden #16
I/ActivityManager( 2104): Start proc com.sonyericsson.updatecenter for broadcast com.sonyericsson.updatecenter/.launcher.UpdateCenterLauncher: pid=4007 uid=10105 gids={3003, 2001, 1015}
I/ActivityManager( 2104): Start proc com.sonyericsson.lockscreen.uxpnxt for broadcast com.sonyericsson.lockscreen.uxpnxt/com.sonyericsson.lockscreen.publisher.core.LockscreenReceiver: pid=4023 uid=10107 gids={3003}
I/ActivityManager( 2104): No longer want com.sonyericsson.android.socialphonebook (pid 3672): hidden #16
I/ActivityManager( 2104): Start proc com.sonyericsson.wappush for broadcast com.sonyericsson.wappush/.transaction.SemcWapPushManagerHelperReceiver: pid=4049 uid=10116 gids={}
W/ActivityManager( 2104): Unable to start service Intent { act=com.android.internal.telephony.IWapPushManager }: not found
I/ActivityManager( 2104): Start proc com.sonyericsson.usbotg for broadcast com.sonyericsson.usbotg/.UsbOtgServiceReceiver: pid=4064 uid=10133 gids={}
W/ActivityManager( 2104): Unbind failed: could not find connection for android.os.BinderProxy@4144f320
I/ActivityManager( 2104): No longer want com.sonyericsson.provider.voipcalllog (pid 3724): hidden #16
I/ActivityManager( 2104): No longer want com.sonyericsson.newsoftwarechecker (pid 3759): hidden #16
I/ActivityManager( 2104): Start proc com.android.mms for broadcast com.android.mms/.transaction.MmsSystemEventReceiver: pid=4079 uid=10158 gids={3003, 1015}
D/CountryDetector( 2104): The first listener is added
I/ActivityManager( 2104): Start proc com.android.vending for broadcast com.android.vending/com.google.android.finsky.receivers.BootCompletedReceiver: pid=4101 uid=10060 gids={3003, 1015}
I/ActivityManager( 2104): Start proc com.google.android.gm for broadcast com.google.android.gm/.GoogleMailDeviceStartupReceiver: pid=4133 uid=10028 gids={3003, 1015}
I/ActivityManager( 2104): No longer want com.quoord.tapatalkpro.activity (pid 3740): hidden #16
I/ActivityManager( 2104): No longer want com.sonyericsson.secureclockservice (pid 3773): hidden #17
D/ActivityThread( 4133): Loading provider com.android.gmail.ui: com.google.android.gm.provider.UiProvider
I/ActivityManager( 2104): Start proc com.google.android.gms for service com.google.android.gms/.icing.impl.IndexService: pid=4151 uid=10030 gids={3003, 1015, 2001, 1007, 3006}
I/ActivityManager( 2104): Start proc com.google.android.youtube for broadcast com.google.android.youtube/.core.transfer.DownloadService$BootReceiver: pid=4167 uid=10118 gids={3003, 1015, 1006}
I/ActivityManager( 2104): Start proc com.google.android.gsf.login for service com.google.android.gsf.login/com.google.android.gsf.loginservice.GoogleLoginService: pid=4178 uid=10030 gids={3003, 1015, 2001, 1007, 3006}
D/ConnectivityService( 2104): handleInetConditionHoldEnd: net=1, condition=100, published condition=0
I/ActivityManager( 2104): No longer want com.sonyericsson.credentialmanagerservice (pid 3808): hidden #16
I/ActivityManager( 2104): Start proc com.google.android.apps.maps:FriendService for broadcast com.google.android.apps.maps/com.google.googlenav.friend.android.ServiceReceiver: pid=4232 uid=10025 gids={3003, 1015}
I/ActivityManager( 2104): No longer want com.google.android.apps.genie.geniewidget (pid 3823): hidden #16
I/ActivityManager( 2104): No longer want com.android.providers.calendar (pid 3793): hidden #16
I/ActivityManager( 2104): Start proc com.ebay.mobile:notifications for broadcast com.ebay.mobile/.notifications.DeviceStartupReceiver: pid=4245 uid=10200 gids={3003, 1015, 1006}
I/ActivityManager( 2104): No longer want com.google.android.partnersetup (pid 3847): hidden #16
I/ActivityManager( 2104): No longer want android.process.acore (pid 3328): hidden #16
W/ActivityManager( 2104): Permission Denial: receiving Intent { act=android.intent.action.BOOT_COMPLETED flg=0x10 } to Unyverse.sony requires android.permission.RECEIVE_BOOT_COMPLETED due to sender null (uid 1000)
I/ActivityManager( 2104): Start proc org.adblockplus.android for broadcast org.adblockplus.android/.Starter: pid=4265 uid=10157 gids={3003, 1015}
I/ActivityManager( 2104): Start proc eu.chainfire.supersu for broadcast eu.chainfire.supersu/.BootCompleteReceiver: pid=4279 uid=10159 gids={}
I/ActivityManager( 2104): No longer want com.sonyericsson.idd.agent (pid 3888): hidden #16
I/ActivityManager( 2104): Start proc jun.ace.piecontrolpro:remote for broadcast jun.ace.piecontrolpro/jun.ace.service.RestartService: pid=4298 uid=10162 gids={3002, 3001, 3003}
I/ActivityManager( 2104): No longer want com.google.android.onetimeinitializer (pid 3928): hidden #16
I/ActivityManager( 2104): Start proc de.refluxa.android.bat for broadcast de.refluxa.android.bat/.SystemStartupReceiver: pid=4318 uid=10163 gids={3002, 3001}
E/NotificationService( 2104): Ignoring notification with icon==0: Notification(contentView=null vibrate=null,sound=null,defaults=0x0,flags=0x62)
I/ActivityManager( 2104): Start proc com.instapaper.android for broadcast com.instapaper.android/.receiver.BootReceiver: pid=4334 uid=10164 gids={3003, 1015}
W/Vold    ( 1567): Filesystem modified - rechecking (pass 2)
I/Vold    ( 1567): Device /dev/block/vold/179:14, target /mnt/sdcard mounted @ /mnt/secure/staging
D/Vold    ( 1567): Volume sdcard state changing 3 (Checking) -> 4 (Mounted)
D/MountService( 2104): volume state changed for /mnt/sdcard (checking -> mounted)
I/StorageNotification( 2814): Media {/mnt/sdcard} state changed from {checking} -> {mounted}
D/MountService( 2104): sendStorageIntent Intent { act=android.intent.action.MEDIA_MOUNTED dat=file:///mnt/sdcard (has extras) }
D/VoldCmdListener( 1567): asec list
D/VoldCmdListener( 1567): asec path com.trust5.odp-2
I/ActivityManager( 2104): No longer want android.process.media (pid 2982): hidden #16
D/VoldCmdListener( 1567): asec mount com.trust5.odp-2 {} 1000
I/ActivityManager( 2104): Start proc com.teslacoilsw.widgetlocker for broadcast com.teslacoilsw.widgetlocker/.LockerReceiver: pid=4377 uid=10165 gids={1007, 1015, 3003}
I/ActivityManager( 2104): No longer want com.sonyericsson.setupwizard (pid 3945): hidden #16
D/VoldCmdListener( 1567): asec path com.trust5.odp-2
E/ActivityThread( 4377): Failed to find provider info for com.motorola.android.providers.settings
I/ActivityManager( 2104): Start proc ccc71.pmw.pro for broadcast ccc71.pmw.pro/ccc71.pmw.lib.pmw_booter: pid=4419 uid=10166 gids={1007, 1015, 3002}
I/ActivityManager( 2104): START {flg=0x34840000 cmp=com.teslacoilsw.widgetlocker/.WidgetLocker (has extras)} from pid 4377
I/ActivityManager( 2104): Start proc com.rerware.android.MyBackupPro for broadcast com.rerware.android.MyBackupPro/.MyBackupStartup: pid=4457 uid=10174 gids={3003, 1007, 1015}
I/ActivityManager( 2104): Start proc android.process.acore for content provider com.android.providers.contacts/.SemcCallLogProvider: pid=4487 uid=10000 gids={3003}
I/ActivityManager( 2104): Start proc com.socialnmobile.dictapps.notepad.color.note for broadcast com.socialnmobile.dictapps.notepad.color.note/com.socialnmobile.colornote.receiver.TimeChangedReceiver: pid=4500 uid=10187 gids={1015, 3003}
I/ActivityManager( 2104): No longer want com.sonyericsson.crashmonitor (pid 3959): hidden #16
W/WindowManager( 2104): Layout repeat skipped after too many iterations
W/WindowManager( 2104): Layout repeat skipped after too many iterations
W/WindowManager( 2104): Layout repeat skipped after too many iterations
W/WindowManager( 2104): Animation repeat aborted after too many iterations
I/ActivityManager( 2104): Start proc com.palmarysoft.customweatherpro for broadcast com.palmarysoft.customweatherpro/.autoupdate.UpdateInitReceiver: pid=4530 uid=10193 gids={3003, 1015}
I/ActivityManager( 2104): No longer want com.google.android.talk (pid 3980): hidden #16
D/PhoneStatusBar( 2814): disable: < EXPAND icons alerts TICKER system_info back* home* RECENT clock* >
W/PackageManager( 2104): Unknown permission android.permission.ADD_SYSTEM_SERVICE in package com.android.phone
W/PackageManager( 2104): Unknown permission com.android.smspush.WAPPUSH_MANAGER_BIND in package com.android.phone
W/PackageManager( 2104): Unknown permission android.permission.RECEIVE_USER_PRESENT in package com.stericsson.atservice
W/PackageManager( 2104): Not granting permission android.permission.SEND_DOWNLOAD_COMPLETED_INTENTS to package com.android.browser (protectionLevel=2 flags=0x9be45)
W/PackageManager( 2104): Unknown permission com.amazon.dcp.sso.permission.USE_DEVICE_CREDENTIALS in package jp.amazon.mShop.android
W/PackageManager( 2104): Not granting permission android.permission.INSTALL_PACKAGES to package com.amazon.venezia (protectionLevel=3 flags=0x8be44)
W/PackageManager( 2104): Not granting permission android.permission.DELETE_PACKAGES to package com.amazon.venezia (protectionLevel=3 flags=0x8be44)
W/PackageManager( 2104): Unknown permission com.android.amazon.dcp.ota.permission.INSTALL_PACKAGES in package com.amazon.venezia
W/PackageManager( 2104): Unknown permission com.amazon.dcp.metrics.permission.METRICS_PERMISSION in package com.amazon.venezia
W/PackageManager( 2104): Unknown permission com.amazon.CONTENT_NOTIFICATION_ACCESS in package com.amazon.venezia
W/PackageManager( 2104): Unknown permission com.amazon.SYNC_RECEIVER_ACCESS in package com.amazon.venezia
W/PackageManager( 2104): Unknown permission com.amazon.permission.RECEIVE_TOP_WINDOW_CHANGED in package com.amazon.venezia
W/PackageManager( 2104): Unknown permission com.amazon.dcp.sso.permission.account.changed in package com.amazon.venezia
W/PackageManager( 2104): Unknown permission com.amazon.SHOW_CONTENT_LIBRARY in package com.amazon.venezia
W/PackageManager( 2104): Unknown permission com.sonyericsson.android.permission.FACERECOGNITION_SERVICE in package com.sonyericsson.android.camera3d
W/PackageManager( 2104): Unknown permission com.sonyericsson.permission.CONVERSATIONS_SETTINGS_PROVIDER in package com.sonyericsson.android.camera3d
W/PackageManager( 2104): Unknown permission com.android.launcher.permission.READ_SETTINGS in package com.android.settings
W/PackageManager( 2104): Unknown permission com.android.launcher.permission.WRITE_SETTINGS in package com.android.settings
W/PackageManager( 2104): Not granting permission android.permission.SET_PREFERRED_APPLICATIONS to package com.teslacoilsw.widgetlocker (protectionLevel=2 flags=0x8be44)
W/PackageManager( 2104): Unknown permission com.sonyericsson.android.permission.FACERECOGNITION_SERVICE in package com.sonyericsson.android.camera
W/PackageManager( 2104): Unknown permission com.sonyericsson.permission.CONVERSATIONS_SETTINGS_PROVIDER in package com.sonyericsson.android.camera
W/PackageManager( 2104): Unknown permission android.permission.STORAGE in package net.osmand
W/PackageManager( 2104): Unknown permission android.permission.ACCESS_LOCATION in package com.sonyericsson.android.servicemenu
W/PackageManager( 2104): Unknown permission android.permission.ACCESS_GPS in package com.sonyericsson.android.servicemenu
W/PackageManager( 2104): Unknown permission android.permission.ACCESS_WAKE_LOCK in package com.sonyericsson.android.servicemenu
W/PackageManager( 2104): Unknown permission com.sonyericsson.servicemenu.permission.ACCESS_SERVICE_MENU in package com.sonyericsson.android.servicemenu
W/PackageManager( 2104): Unknown permission android.permission.FM_RADIO_RECEIVER in package com.sonyericsson.android.servicemenu
W/PackageManager( 2104): Unknown permission com.android.providers.im.permission.READ_ONLY in package com.google.android.apps.maps
W/PackageManager( 2104): Not granting permission android.permission.INSTALL_PACKAGES to package com.qoowaa.act (protectionLevel=3 flags=0x28be44)
W/PackageManager( 2104): Not granting permission com.sonyericsson.permission.INSTALL_APPLICATION to package com.sonyericsson.trackid (protectionLevel=2 flags=0x28bc44)
W/PackageManager( 2104): Unknown permission com.sonyericsson.permission.USERAGENT in package com.sonyericsson.trackid
W/PackageManager( 2104): Unknown permission com.sonyericsson.permission.CUSTOMIZATION in package com.sonyericsson.trackid
W/PackageManager( 2104): Unknown permission ti.permission.FMRX_ADMIN in package com.sonyericsson.devicemonitor
W/PackageManager( 2104): Unknown permission ti.permission.FMRX in package com.sonyericsson.devicemonitor
W/PackageManager( 2104): Not granting permission android.permission.WRITE_SECURE_SETTINGS to package com.sonyericsson.extras.liveware (protectionLevel=3 flags=0x8bec5)
W/PackageManager( 2104): Unknown permission com.sonyericsson.music.permission.MUSICSERVICE in package com.sonyericsson.extras.liveware
W/PackageManager( 2104): Not granting permission com.sonyericsson.phone.permission.DATA_TRAFFIC_SWITCH to package com.sonyericsson.extras.liveware (protectionLevel=3 flags=0x8bec5)
W/PackageManager( 2104): Unknown permission android.permission.READ_EXTERNAL_STORAGE in package com.google.android.videos
W/PackageManager( 2104): Unknown permission com.sonyericsson.playnowstore.v1.permission.INSTALL_APPLICATION in package de.arvatomobile.sonyericsson.playnow.android
W/PackageManager( 2104): Unknown permission com.android.launcher.permission.READ_SETTINGS in package com.google.android.onetimeinitializer
W/PackageManager( 2104): Unknown permission com.android.launcher.permission.WRITE_SETTINGS in package com.google.android.onetimeinitializer
W/PackageManager( 2104): Unknown permission com.google.android.apps.googlevoice.permission.AUTO_SEND in package com.google.android.voicesearch
W/PackageManager( 2104): Not granting permission android.permission.BIND_APPWIDGET to package com.teslacoilsw.launcher (protectionLevel=3 flags=0x8be44)
W/PackageManager( 2104): Unknown permission com.htc.launcher.permission.READ_SETTINGS in package com.teslacoilsw.launcher
W/PackageManager( 2104): Unknown permission com.android.launcher.permission.READ_SETTINGS in package com.teslacoilsw.launcher
W/PackageManager( 2104): Unknown permission com.android.launcher.permission.WRITE_SETTINGS in package com.teslacoilsw.launcher
W/PackageManager( 2104): Unknown permission com.cyanogenmod.trebuchet.permission.READ_SETTINGS in package com.teslacoilsw.launcher
W/PackageManager( 2104): Unknown permission org.adw.launcher.permission.READ_SETTINGS in package com.teslacoilsw.launcher
W/PackageManager( 2104): Unknown permission org.adwfreak.launcher.permission.READ_SETTINGS in package com.teslacoilsw.launcher
W/PackageManager( 2104): Unknown permission com.anddoes.launcher.permission.READ_SETTINGS in package com.teslacoilsw.launcher
W/PackageManager( 2104): Unknown permission com.sonyericsson.permission.CONVERSATIONS_RECEIVE_NOTIFICATIONS in package com.sonyericsson.lockscreen.uxpnxt
W/PackageManager( 2104): Unknown permission com.nttdocomo.android.screenlockservice.DCM_SCREEN in package com.sonyericsson.lockscreen.uxpnxt
W/PackageManager( 2104): Unknown permission com.sonyericsson.permission.FMRADIO in package com.sonyericsson.dlna
W/PackageManager( 2104): Unknown permission android.permission.READ_EXTERNAL_STORAGE in package com.sonyericsson.vendor.backuprestore
W/PackageManager( 2104): Not granting permission com.google.android.gm.permission.READ_GMAIL to package com.google.android.apps.uploader (protectionLevel=2 flags=0x8be45)
W/PackageManager( 2104): Unknown permission com.google.android.gallery3d.permission.PICASA_STORE in package com.google.android.apps.plus
W/PackageManager( 2104): Unknown permission android.permission.READ_EXTERNAL_STORAGE in package com.android.vending
W/PackageManager( 2104): Not granting permission android.permission.SEND_DOWNLOAD_COMPLETED_INTENTS to package com.android.vending (protectionLevel=2 flags=0xabec5)
W/PackageManager( 2104): Unknown permission android.permission.MANAGE_USERS in package com.android.vending
W/PackageManager( 2104): Unknown permission android.permission.INTERACT_ACROSS_USERS in package com.android.vending
W/PackageManager( 2104): Not granting permission android.permission.REBOOT to package eu.chainfire.supersu (protectionLevel=3 flags=0x83e04)
W/PackageManager( 2104): Unknown permission android.Manifest.permission.READ_LOGS in package com.sonyericsson.crashmonitor
W/PackageManager( 2104): Unknown permission com.sonyericsson.permission.CRASHMONITORHELPER in package com.sonyericsson.crashmonitor
W/PackageManager( 2104): Unknown permission com.fsck.k9.permission.READ_MESSAGES in package net.igecelabs.android.MissedIt
W/PackageManager( 2104): Unknown permission com.android.launcher.permission.READ_SETTINGS in package com.rerware.android.MyBackupPro
W/PackageManager( 2104): Unknown permission com.android.launcher.permission.WRITE_SETTINGS in package com.rerware.android.MyBackupPro
W/PackageManager( 2104): Unknown permission com.htc.launcher.permission.READ_SETTINGS in package com.rerware.android.MyBackupPro
W/PackageManager( 2104): Unknown permission com.htc.launcher.permission.WRITE_SETTINGS in package com.rerware.android.MyBackupPro
W/PackageManager( 2104): Unknown permission com.android.deskclock.permission.PROVIDER in package com.rerware.android.MyBackupPro
W/PackageManager( 2104): Unknown permission android.permission.READ_EXTERNAL_STORAGE in package com.rerware.android.MyBackupPro
W/PackageManager( 2104): Not granting permission android.permission.WRITE_MEDIA_STORAGE to package com.rerware.android.MyBackupPro (protectionLevel=3 flags=0x8ae44)
W/PackageManager( 2104): Not granting permission android.permission.WRITE_SECURE_SETTINGS to package com.rerware.android.MyBackupPro (protectionLevel=3 flags=0x8ae44)
W/PackageManager( 2104): Unknown permission android.permission.READ_ALAMRS in package com.rerware.android.MyBackupPro
W/PackageManager( 2104): Unknown permission android.permission.READ_CLOCK in package com.rerware.android.MyBackupPro
W/PackageManager( 2104): Unknown permission android.permission.READ_APN_SETTINGS in package com.rerware.android.MyBackupPro
W/PackageManager( 2104): Not granting permission android.permission.WRITE_APN_SETTINGS to package com.rerware.android.MyBackupPro (protectionLevel=3 flags=0x8ae44)
W/PackageManager( 2104): Unknown permission com.htc.home.personalize.permission.READ_SCENES in package com.rerware.android.MyBackupPro
W/PackageManager( 2104): Unknown permission com.sonyericsson.extras.liveview.permission.LIVEVIEW_API in package com.sonyericsson.androidapp.timescapefeedsplugin
W/PackageManager( 2104): Unknown permission com.sonyericsson.permission.CUSTOMIZATION in package com.sonyericsson.androidapp.retaildemo
W/PackageManager( 2104): Not granting permission android.permission.CLEAR_APP_USER_DATA to package com.sonyericsson.androidapp.retaildemo (protectionLevel=2 flags=0xbe45)
W/PackageManager( 2104): Unknown permission android.permission.READ_EXTERNAL_STORAGE in package jp.naver.line.android
W/PackageManager( 2104): Unknown permission com.kddi.market.permission.USE_ALML in package jp.naver.line.android
W/PackageManager( 2104): Unknown permission com.timhoeck.android.eventghost.permission.SEND_EVENTS in package de.gavitec.semc
W/PackageManager( 2104): Unknown permission com.google.android.providers.gmail.permission.READ_GMAIL in package com.rageconsulting.android.lightflow
W/PackageManager( 2104): Not granting permission com.google.android.gm.permission.READ_GMAIL to package com.rageconsulting.android.lightflow (protectionLevel=2 flags=0x8be46)
W/PackageManager( 2104): Unknown permission org.kman.AquaMail.datax.GET_ACCOUNTS in package com.rageconsulting.android.lightflow
W/PackageManager( 2104): Unknown permission android.permission.READ_CALL_LOG in package com.rageconsulting.android.lightflow
W/PackageManager( 2104): Unknown permission android.permission.WRITE_CALL_LOG in package com.rageconsulting.android.lightflow
W/PackageManager( 2104): Unknown permission com.sonyericsson.permission.CUSTOMIZATION in package com.sonyericsson.textinput.chinese
W/PackageManager( 2104): Unknown permission com.android.vending.billing.IBillingAccountService.BIND2 in package com.google.android.gsf.login
W/PackageManager( 2104): Unknown permission com.sonyericsson.permission.CUSTOMIZATION in package com.sonyericsson.textinput.uxp
W/PackageManager( 2104): Unknown permission com.sonyericsson.permission.CONVERSATIONS_MESSAGE_NOTIFICATION_SERVICE in package com.sonyericsson.wappush
W/PackageManager( 2104): Unknown permission com.android.smspush.WAPPUSH_MANAGER_BIND in package com.sonyericsson.wappush
W/PackageManager( 2104): Unknown permission android.permission.READ_EXTERNAL_STORAGE in package com.keramidas.TitaniumBackup
W/PackageManager( 2104): Unknown permission android.permission.READ_MEDIA_STORAGE in package com.keramidas.TitaniumBackup
W/PackageManager( 2104): Not granting permission android.permission.WRITE_MEDIA_STORAGE to package com.keramidas.TitaniumBackup (protectionLevel=3 flags=0x8be44)
W/PackageManager( 2104): Unknown permission android.permission.READ_CALL_LOG in package com.keramidas.TitaniumBackup
W/PackageManager( 2104): Unknown permission android.permission.WRITE_CALL_LOG in package com.keramidas.TitaniumBackup
W/PackageManager( 2104): Not granting permission com.android.voicemail.permission.READ_WRITE_ALL_VOICEMAIL to package com.keramidas.TitaniumBackup (protectionLevel=2 flags=0x8be44)
W/PackageManager( 2104): Unknown permission android.permission.INTERACT_ACROSS_USERS in package com.google.android.gms
I/PackageManager( 2104): Un-granting permission android.permission.DUMP from package com.google.android.gms (protectionLevel=3 flags=0x8be44)
W/PackageManager( 2104): Unknown permission android.permission.READ_EXTERNAL_STORAGE in package com.google.android.gms
W/PackageManager( 2104): Not granting permission com.sonyericsson.permission.ACCESS_RESTRICTED_CONTACTS to package com.sonyericsson.androidapp.smart (protectionLevel=2 flags=0x28be44)
W/PackageManager( 2104): Not granting permission android.permission.ACCOUNT_MANAGER to package com.google.android.music (protectionLevel=2 flags=0x8be64)
W/PackageManager( 2104): Unknown permission com.sonyericsson.permission.FMRADIO in package com.sonyericsson.music
W/PackageManager( 2104): Not granting permission com.google.android.gm.permission.READ_GMAIL to package com.sonyericsson.music (protectionLevel=2 flags=0x8be45)
W/PackageManager( 2104): Unknown permission com.sony.walkman.database.media.permission.WRITE_MEDIA_METADATA in package com.sonyericsson.music
W/PackageManager( 2104): Unknown permission com.sony.walkman.database.media.permission.ACCESS_DRM_METADATA in package com.sonyericsson.music
W/PackageManager( 2104): Unknown permission com.sony.walkman.media.service.permission.ACCESS_TEMPORARY_PROVIDER in package com.sonyericsson.music
W/PackageManager( 2104): Unknown permission com.latedroid.juicedefender.permission.CONTROL_JUICEDEFENDER in package net.dinglisch.android.taskerm
W/PackageManager( 2104): Unknown permission com.latedroid.juicedefender.permission.TOGGLE_MOBILE_DATA in package net.dinglisch.android.taskerm
W/PackageManager( 2104): Not granting permission android.permission.MODIFY_PHONE_STATE to package net.dinglisch.android.taskerm (protectionLevel=3 flags=0x8be44)
W/PackageManager( 2104): Unknown permission com.android.phone.CHANGE_NETWORK_MODE in package net.dinglisch.android.taskerm
W/PackageManager( 2104): Not granting permission android.permission.WRITE_SECURE_SETTINGS to package jp.softbank.mb.amcn (protectionLevel=3 flags=0x28be44)
W/PackageManager( 2104): Unknown permission com.android.smspush.WAPPUSH_MANAGER_BIND in package com.android.email
W/PackageManager( 2104): Unknown permission com.sonyericsson.permission.CUSTOMIZATION in package com.sonyericsson.android.pobox
W/PackageManager( 2104): Not granting permission android.permission.DEVICE_POWER to package com.sonyericsson.android.socialphonebook (protectionLevel=2 flags=0x8be45)
W/PackageManager( 2104): Not granting permission android.permission.ACCESS_DRM to package com.sonyericsson.android.socialphonebook (protectionLevel=2 flags=0x8be45)
W/PackageManager( 2104): Unknown permission com.sonyericsson.phone.CALL_SCREEN_SHORTCUT in package com.sonyericsson.android.socialphonebook
W/PackageManager( 2104): Unknown permission com.android.email.permission.ACCESS_GAL_PROVIDER in package com.sonyericsson.android.socialphonebook
W/PackageManager( 2104): Unknown permission com.sonyericsson.permission.CONVERSATIONS_SETTINGS_PROVIDER in package com.sonyericsson.android.socialphonebook
W/PackageManager( 2104): Unknown permission android.permission.READ_EXTERNAL_STORAGE in package ccc71.pmw.pro
W/PackageManager( 2104): Unknown permission com.google.android.providers.gmail.permission.READ_GMAIL in package com.mobisystems.office
W/PackageManager( 2104): Not granting permission android.permission.WRITE_SECURE_SETTINGS to package com.whatsapp (protectionLevel=3 flags=0x20be44)
W/PackageManager( 2104): Not granting permission android.permission.BROADCAST_SMS to package com.sonyericsson.nfc (protectionLevel=2 flags=0x8be45)
W/PackageManager( 2104): Unknown permission com.sonyericsson.permission.CONVERSATIONS_INTERNAL in package com.sonyericsson.nfc
W/PackageManager( 2104): Unknown permission com.sonyericsson.permission.CONVERSATIONS_SETTINGS_PROVIDER in package com.sonyericsson.nfc
W/PackageManager( 2104): Unknown permission com.sonyericsson.permission.CONVERSATIONS_BROADCAST_NOTIFICATIONS in package com.sonyericsson.nfc
W/PackageManager( 2104): Unknown permission com.sonyericsson.permission.CONTACTS_PICK_CONVERSATIONS_TARGET in package com.sonyericsson.nfc
W/PackageManager( 2104): Not granting permission android.permission.ACCESS_BLUETOOTH_SHARE to package com.sonyericsson.nfc (protectionLevel=2 flags=0x8be45)
W/PackageManager( 2104): Unknown permission com.sonyericsson.permission.ACCESS_PROTECTED_CONTACTS in package com.sonyericsson.nfc
W/PackageManager( 2104): Unknown permission android.provider.Telephony.SMS_RECEIVED in package com.sonyericsson.nfc
W/PackageManager( 2104): Not granting permission com.google.android.gm.permission.READ_GMAIL to package com.sonyericsson.nfc (protectionLevel=2 flags=0x8be45)
W/PackageManager( 2104): Not granting permission android.permission.CALL_PRIVILEGED to package com.skype.raider (protectionLevel=3 flags=0x8be44)
W/PackageManager( 2104): Unknown permission com.sonyericsson.permission.CONTACTS_PICK_CONVERSATIONS_TARGET in package com.sonyericsson.infiniteview
W/PackageManager( 2104): Unknown permission com.sonyericsson.permission.RENREN in package com.sonyericsson.infiniteview
W/PackageManager( 2104): Not granting permission android.permission.WRITE_SECURE_SETTINGS to package com.intangibleobject.securesettings.plugin (protectionLevel=3 flags=0x83e44)
W/PackageManager( 2104): Not granting permission android.permission.STATUS_BAR to package com.intangibleobject.securesettings.plugin (protectionLevel=3 flags=0x83e44)
W/PackageManager( 2104): Unknown permission com.intangibleobject.securesettings.permission.WRITE_SECURE_SETTINGS in package com.intangibleobject.securesettings.plugin
W/PackageManager( 2104): Unknown permission android.permission.ACCESS_NETWORK_LOCATION in package Unyverse.sony
W/PackageManager( 2104): Unknown permission com.sonyericsson.timescape.permission.TIMESCAPE_SETTINGS in package com.sonyericsson.setupwizard
W/PackageManager( 2104): Unknown permission com.sonyericsson.shutdownservice.permission.SHUTDOWNSERVICE in package com.sonyericsson.setupwizard
W/PackageManager( 2104): Unknown permission com.sonyericsson.permission.CUSTOMIZATION in package com.sonyericsson.setupwizard
W/PackageManager( 2104): Unknown permission com.sonyericsson.timescape.permission.TIMESCAPE_SETTINGS in package com.sonyericsson.settings
W/PackageManager( 2104): Unknown permission com.sonyericsson.permission.CUSTOMIZATION in package com.sonyericsson.android.support
W/PackageManager( 2104): Unknown permission com.sonyericsson.android.fota.permission.FOTA in package com.sonyericsson.android.support
W/PackageManager( 2104): Unknown permission com.android.chrome.READ_WRITE_BOOKMARK_FOLDERS in package com.rdr.widgets.core
W/PackageManager( 2104): Not granting permission android.permission.DEVICE_POWER to package com.sonyericsson.organizer (protectionLevel=2 flags=0x8bc45)
W/PackageManager( 2104): Unknown permission com.estrongs.android.pop.PERMISSION in package com.estrongs.android.pop
W/PackageManager( 2104): Unknown permission com.kddi.market.permission.USE_ALML in package jp.nicovideo.android
W/PackageManager( 2104): Unknown permission com.android.launcher.permission.READ_SETTINGS in package com.metago.astro
W/PackageManager( 2104): Unknown permission com.android.launcher.permission.WRITE_SETTINGS in package com.metago.astro
W/PackageManager( 2104): Not granting permission android.permission.DEVICE_POWER to package com.android.facelock (protectionLevel=2 flags=0x8be45)
W/PackageManager( 2104): Unknown permission andriod.permission.MANAGE_USB in package com.sonyericsson.usbux
W/PackageManager( 2104): Unknown permission android.permission.READ_EXTERNAL_STORAGE in package jp.co.airfront.android.a2chMate
W/PackageManager( 2104): Not granting permission android.permission.WRITE_SECURE_SETTINGS to package com.sonyericsson.extras.smarttags (protectionLevel=3 flags=0x28be44)
W/PackageManager( 2104): Unknown permission com.sonyericsson.music.permission.MUSICSERVICE in package com.sonyericsson.extras.smarttags
W/PackageManager( 2104): Not granting permission com.sonyericsson.phone.permission.DATA_TRAFFIC_SWITCH to package com.sonyericsson.extras.smarttags (protectionLevel=3 flags=0x28be44)
W/ActivityManager( 2104): Unable to start service Intent { act=com.extscreen.service }: not found
W/ActivityManager( 2104): Unable to start service Intent { act=com.extscreen.service }: not found
I/ActivityManager( 2104): Start proc com.ubuntuone.android.files for broadcast com.ubuntuone.android.files/.receiver.SystemReceiver: pid=4590 uid=10196 gids={1015, 3003}
W/ActivityManager( 2104): Permission Denial: receiving Intent { act=android.intent.action.BOOT_COMPLETED flg=0x10 } to com.skype.raider requires android.permission.RECEIVE_BOOT_COMPLETED due to sender null (uid 1000)
I/ActivityManager( 2104): Start proc com.keramidas.TitaniumBackup for broadcast com.keramidas.TitaniumBackup/.schedules.BootReceiver: pid=4611 uid=10202 gids={1015, 3003}
D/ConnectivityService( 2104): special network not available
D/ConnectivityService( 2104): special network not available
W/ActivityManager( 2104): Permission Denial: receiving Intent { act=android.intent.action.BOOT_COMPLETED flg=0x10 } to com.google.android.apps.authenticator2 requires android.permission.RECEIVE_BOOT_COMPLETED due to sender null (uid 1000)
I/ActivityManager( 2104): No longer want com.sonyericsson.wappush (pid 4049): hidden #16
I/ActivityManager( 2104): Start proc jp.naver.line.android for broadcast jp.naver.line.android/.service.BootingServiceReceiver: pid=4635 uid=10188 gids={1006, 3003, 1015, 3002}
I/ActivityManager( 2104): No longer want com.android.mms (pid 4079): hidden #16
D/CountryDetector( 2104): No listener is left
I/ActivityManager( 2104): No longer want com.google.android.gms (pid 4151): hidden #16
I/ActivityManager( 2104): No longer want com.google.android.gsf.login (pid 4178): hidden #16
I/ActivityManager( 2104): Start proc com.google.android.gms for service com.google.android.gms/.gcm.PushMessagingRegistrarProxy: pid=4679 uid=10030 gids={3003, 1015, 2001, 1007, 3006}
I/ActivityManager( 2104): Start proc com.google.android.gsf.login for service com.google.android.gms/.recovery.AccountRecoveryService: pid=4695 uid=10030 gids={3003, 1015, 2001, 1007, 3006}
I/ActivityManager( 2104): Start proc com.google.android.gcm for broadcast com.google.android.gms/.gcm.ServiceAutoStarter: pid=4710 uid=10030 gids={3003, 1015, 2001, 1007, 3006}
I/ActivityManager( 2104): No longer want com.google.android.youtube (pid 4167): hidden #16
I/ActivityManager( 2104): Start proc berserker.android.apps.sshdroidpro for broadcast berserker.android.apps.sshdroidpro/.EventsReceiver: pid=4726 uid=10223 gids={3003, 1015}
I/ActivityManager( 2104): No longer want com.google.android.apps.maps:FriendService (pid 4232): hidden #16
D/BackupManagerService( 2104): Received broadcast Intent { act=android.intent.action.EXTERNAL_APPLICATIONS_AVAILABLE flg=0x10000010 (has extras) }
I/ActivityManager( 2104): No longer want org.adblockplus.android (pid 4265): hidden #16
I/ActivityManager( 2104): No longer want eu.chainfire.supersu (pid 4279): hidden #16
V/BackupManagerService( 2104): addPackageParticipantsLocked: #1
I/ActivityManager( 2104): Start proc com.noinnion.android.greader.readerpro for broadcast com.noinnion.android.greader.readerpro/.OnBootCompletedReceiver: pid=4755 uid=10220 gids={3003, 1015, 1007}
I/ActivityManager( 2104): Start proc com.sonyericsson.extras.liveware for broadcast com.sonyericsson.extras.liveware/.actions.datatraffic.DataTraffic: pid=4787 uid=10122 gids={3002, 3001, 3003, 1015}
I/ActivityManager( 2104): No longer want de.refluxa.android.bat (pid 4318): hidden #16
E/NotificationService( 2104): Ignoring notification with icon==0: Notification(contentView=null vibrate=null,sound=null,defaults=0x0,flags=0x62)
I/ActivityManager( 2104): Start proc com.google.android.apps.maps:FriendService for broadcast com.google.android.apps.maps/com.google.googlenav.friend.android.ServiceReceiver: pid=4813 uid=10025 gids={3003, 1015}
I/ActivityManager( 2104): Start proc com.sonyericsson.secureclockservice for broadcast com.sonyericsson.secureclockservice/.SecureClockTimeChangeReceiver: pid=4845 uid=10067 gids={3003}
I/ActivityManager( 2104): No longer want com.ebay.mobile:notifications (pid 4245): hidden #16
I/ActivityManager( 2104): No longer want com.instapaper.android (pid 4334): hidden #16
D/ActivityThread( 4133): Loading provider com.android.gmail.ui: com.google.android.gm.provider.UiProvider
I/ActivityManager( 2104): Start proc com.android.calendar for broadcast com.android.calendar/.widget.CalendarAppWidgetService$CalendarFactory: pid=4859 uid=10071 gids={3003, 1015}
I/ActivityManager( 2104): No longer want ccc71.pmw.pro (pid 4419): hidden #16
I/ActivityManager( 2104): Start proc com.android.providers.calendar for content provider com.android.providers.calendar/.CalendarProvider2: pid=4878 uid=10005 gids={3003, 1015}
I/ActivityManager( 2104): Start proc com.sonyericsson.fbmediadiscovery for broadcast com.sonyericsson.fbmediadiscovery/.widget.MediaUpdatesWidgetProvider: pid=4891 uid=10022 gids={3003}
I/ActivityManager( 2104): No longer want com.rerware.android.MyBackupPro (pid 4457): hidden #16
I/ActivityManager( 2104): Start proc com.google.android.googlequicksearchbox for broadcast com.google.android.googlequicksearchbox/.SearchWidgetProvider: pid=4911 uid=10034 gids={3003}
I/ActivityManager( 2104): Start proc com.sonyericsson.android.support for broadcast com.sonyericsson.android.support/.appwidget.HelpWidget: pid=4928 uid=10121 gids={3003, 1015}
I/ActivityManager( 2104): Start proc com.sonyericsson.androidapp.storefront for broadcast com.sonyericsson.androidapp.storefront/.widget.StoreFrontWidgetProvider: pid=4943 uid=10125 gids={3003}
I/ActivityManager( 2104): Start proc com.ikorolkov.audioplayer.icsw for broadcast com.ikorolkov.audioplayer.icsw/com.maxmpz.audioplayer.widgetpackcommon.Widget4x4Provider: pid=4961 uid=10169 gids={}
I/ActivityManager( 2104): No longer want com.socialnmobile.dictapps.notepad.color.note (pid 4500): hidden #16
I/ActivityManager( 2104): Start proc com.rdr.widgets.core for broadcast com.rdr.widgets.core/.facebook.receivers.FacebookWidget5x5: pid=4982 uid=10182 gids={1015, 3003, 1006}
D/PhoneStatusBar( 2814): disable: < EXPAND icons alerts TICKER system_info BACK* HOME* RECENT CLOCK* >
I/ActivityManager( 2104): Start proc com.google.android.music:main for broadcast com.google.android.music/.leanback.AutoCachingService$ActionReceiver: pid=4999 uid=10168 gids={3003, 1015}
I/ActivityManager( 2104): No longer want com.sonyericsson.updatecenter (pid 4007): hidden #16
I/ActivityManager( 2104): moveTaskToBack: 6
I/ActivityManager( 2104): Start proc android.process.media for broadcast com.android.providers.downloads/.DownloadReceiver: pid=5027 uid=10017 gids={1015, 1023, 1024, 2001, 3003, 3007}
I/ActivityManager( 2104): Start proc com.sonyericsson.androidapp.fbmusiclike for broadcast com.sonyericsson.androidapp.fbmusiclike/.facebook.AvailabilityChangeReceiver: pid=5046 uid=10023 gids={3003}
I/ActivityManager( 2104): Start proc com.google.android.apps.uploader for broadcast com.google.android.apps.uploader/.ConnectivityBroadcastReceiver: pid=5065 uid=10045 gids={3003}
I/ActivityManager( 2104): Start proc com.facebook.katana for broadcast com.facebook.katana/.binding.UploadManagerConnectivity: pid=5081 uid=10120 gids={3003, 1006, 1015}
I/ActivityManager( 2104): Start proc com.sonymobile.social.services for content provider com.sonyericsson.facebook.proxylogin/.appsettings.AppSettingsProvider: pid=5097 uid=10020 gids={3003}
I/ActivityManager( 2104): No longer want com.keramidas.TitaniumBackup (pid 4611): hidden #16
I/ActivityManager( 2104): Start proc com.sonymobile.socialengine.plugins for content provider com.sonyericsson.socialengine.plugins.picasa/.PicasaPluginProvider: pid=5119 uid=10094 gids={3003}
I/ActivityManager( 2104): No longer want android.process.acore (pid 4487): hidden #16
I/ActivityManager( 2104): No longer want com.google.android.gms (pid 4679): hidden #16
D/PhoneStatusBar( 2814): disable: < expand* icons alerts ticker* system_info BACK HOME recent* CLOCK >
D/PhoneStatusBar( 2814): disable: < expand icons alerts ticker system_info back* home* recent clock* >
I/ActivityManager( 2104): No longer want com.google.android.gcm (pid 4710): hidden #16
W/ActivityManager( 2104): Unable to start service Intent { act=com.extscreen.service }: not found
W/ActivityManager( 2104): Unable to start service Intent { act=com.extscreen.service }: not found
D/ConnectivityService( 2104): special network not available
D/ConnectivityService( 2104): special network not available
I/ActivityManager( 2104): No longer want berserker.android.apps.sshdroidpro (pid 4726): hidden #16
I/ActivityManager( 2104): No longer want com.google.android.apps.maps:FriendService (pid 4813): hidden #16
I/ActivityManager( 2104): No longer want com.sonyericsson.secureclockservice (pid 4845): hidden #16
W/ActivityManager( 2104): Unable to start service Intent { act=com.extscreen.service }: not found
W/ActivityManager( 2104): Unable to start service Intent { act=com.extscreen.service }: not found
I/ActivityManager( 2104): No longer want com.google.android.gm (pid 4133): hidden #16
I/ActivityManager( 2104): No longer want com.android.calendar (pid 4859): hidden #16
I/ActivityManager( 2104): No longer want com.sonyericsson.fbmediadiscovery (pid 4891): hidden #16
I/ActivityManager( 2104): No longer want com.google.android.googlequicksearchbox (pid 4911): hidden #16
I/ActivityManager( 2104): No longer want com.sonyericsson.android.bootinfo:remote (pid 3305): hidden #16
I/ActivityManager( 2104): Start proc com.facebook.katana:providers for content provider com.facebook.katana/.provider.GraphQLNotificationsContentProvider: pid=5185 uid=10120 gids={3003, 1006, 1015}
I/ActivityManager( 2104): Start proc com.android.chrome for broadcast com.android.chrome/com.google.android.apps.chrome.preferences.ConnectionChangeReceiver: pid=5204 uid=10009 gids={3003, 1015}
I/ActivityManager( 2104): Start proc com.google.android.youtube for broadcast com.google.android.youtube/.app.prefetch.PrefetchService$DeviceStateReceiver: pid=5223 uid=10118 gids={3003, 1015, 1006}
I/ActivityManager( 2104): No longer want com.android.providers.calendar (pid 4878): hidden #16
I/ActivityManager( 2104): Start proc com.google.android.apps.plus for broadcast com.google.android.apps.plus/com.google.android.picasasync.ConnectivityReceiver: pid=5269 uid=10062 gids={3003, 3002, 1015, 1006}
I/ActivityManager( 2104): No longer want com.sonyericsson.android.support (pid 4928): hidden #16
I/ActivityManager( 2104): Start proc com.amazon.venezia for broadcast com.amazon.venezia/com.amazon.mas.client.ClientBroadcastReceiver: pid=5304 uid=10228 gids={3003, 1015, 1007}
I/ActivityManager( 2104): No longer want com.ikorolkov.audioplayer.icsw (pid 4961): hidden #16
I/ActivityManager( 2104): No longer want com.palmarysoft.customweatherpro (pid 4530): hidden #16
I/ActivityManager( 2104): Start proc com.wunderkinder.wunderlistandroid for broadcast com.wunderkinder.wunderlistandroid/.receiver.WLConnectivityReceiver: pid=5353 uid=10192 gids={3003, 1015}
I/ActivityManager( 2104): Start proc com.twitter.android for broadcast com.twitter.android/.client.AppBroadcastReceiver: pid=5383 uid=10198 gids={3003, 1015}
I/ActivityManager( 2104): Start proc com.google.android.gms for service com.google.android.gms/.gcm.PushMessagingRegistrarProxy: pid=5398 uid=10030 gids={3003, 1015, 2001, 1007, 3006}
I/ActivityManager( 2104): No longer want com.google.android.music:main (pid 4999): hidden #16
I/ActivityManager( 2104): Start proc com.google.android.gcm for broadcast com.google.android.gms/.gcm.ServiceAutoStarter: pid=5425 uid=10030 gids={3003, 1015, 2001, 1007, 3006}
I/ActivityManager( 2104): Start proc com.google.android.music:main for broadcast com.google.android.music/.leanback.AutoCachingService$ActionReceiver: pid=5440 uid=10168 gids={3003, 1015}
I/ActivityManager( 2104): No longer want com.sonyericsson.androidapp.fbmusiclike (pid 5046): hidden #16
I/ActivityManager( 2104): No longer want com.google.android.apps.uploader (pid 5065): hidden #16
I/ActivityManager( 2104): No longer want com.sonymobile.social.services (pid 5097): hidden #16
I/ActivityManager( 2104): Start proc com.sonyericsson.androidapp.fbmusiclike for broadcast com.sonyericsson.androidapp.fbmusiclike/.facebook.AvailabilityChangeReceiver: pid=5465 uid=10023 gids={3003}
